Archive member included to satisfy reference by file (symbol)

J:/ST/STM32CubeIDE_1.14.1/STM32CubeIDE/plugins/com.st.stm32cube.ide.mcu.externaltools.gnu-tools-for-stm32.12.3.rel1.win32_1.0.100.202403111256/tools/bin/../lib/gcc/arm-none-eabi/12.3.1/../../../../arm-none-eabi/lib/thumb/v7e-m+dp/hard\libc_nano.a(libc_a-exit.o)
                              J:/ST/STM32CubeIDE_1.14.1/STM32CubeIDE/plugins/com.st.stm32cube.ide.mcu.externaltools.gnu-tools-for-stm32.12.3.rel1.win32_1.0.100.202403111256/tools/bin/../lib/gcc/arm-none-eabi/12.3.1/../../../../arm-none-eabi/lib/thumb/v7e-m+dp/hard/crt0.o (exit)
J:/ST/STM32CubeIDE_1.14.1/STM32CubeIDE/plugins/com.st.stm32cube.ide.mcu.externaltools.gnu-tools-for-stm32.12.3.rel1.win32_1.0.100.202403111256/tools/bin/../lib/gcc/arm-none-eabi/12.3.1/../../../../arm-none-eabi/lib/thumb/v7e-m+dp/hard\libc_nano.a(libc_a-findfp.o)
                              J:/ST/STM32CubeIDE_1.14.1/STM32CubeIDE/plugins/com.st.stm32cube.ide.mcu.externaltools.gnu-tools-for-stm32.12.3.rel1.win32_1.0.100.202403111256/tools/bin/../lib/gcc/arm-none-eabi/12.3.1/../../../../arm-none-eabi/lib/thumb/v7e-m+dp/hard\libc_nano.a(libc_a-exit.o) (__stdio_exit_handler)
J:/ST/STM32CubeIDE_1.14.1/STM32CubeIDE/plugins/com.st.stm32cube.ide.mcu.externaltools.gnu-tools-for-stm32.12.3.rel1.win32_1.0.100.202403111256/tools/bin/../lib/gcc/arm-none-eabi/12.3.1/../../../../arm-none-eabi/lib/thumb/v7e-m+dp/hard\libc_nano.a(libc_a-fwalk.o)
                              J:/ST/STM32CubeIDE_1.14.1/STM32CubeIDE/plugins/com.st.stm32cube.ide.mcu.externaltools.gnu-tools-for-stm32.12.3.rel1.win32_1.0.100.202403111256/tools/bin/../lib/gcc/arm-none-eabi/12.3.1/../../../../arm-none-eabi/lib/thumb/v7e-m+dp/hard\libc_nano.a(libc_a-findfp.o) (_fwalk_sglue)
J:/ST/STM32CubeIDE_1.14.1/STM32CubeIDE/plugins/com.st.stm32cube.ide.mcu.externaltools.gnu-tools-for-stm32.12.3.rel1.win32_1.0.100.202403111256/tools/bin/../lib/gcc/arm-none-eabi/12.3.1/../../../../arm-none-eabi/lib/thumb/v7e-m+dp/hard\libc_nano.a(libc_a-printf.o)
                              ./Core/Src/main.o (printf)
J:/ST/STM32CubeIDE_1.14.1/STM32CubeIDE/plugins/com.st.stm32cube.ide.mcu.externaltools.gnu-tools-for-stm32.12.3.rel1.win32_1.0.100.202403111256/tools/bin/../lib/gcc/arm-none-eabi/12.3.1/../../../../arm-none-eabi/lib/thumb/v7e-m+dp/hard\libc_nano.a(libc_a-sprintf.o)
                              ./Core/Src/main.o (sprintf)
J:/ST/STM32CubeIDE_1.14.1/STM32CubeIDE/plugins/com.st.stm32cube.ide.mcu.externaltools.gnu-tools-for-stm32.12.3.rel1.win32_1.0.100.202403111256/tools/bin/../lib/gcc/arm-none-eabi/12.3.1/../../../../arm-none-eabi/lib/thumb/v7e-m+dp/hard\libc_nano.a(libc_a-stdio.o)
                              J:/ST/STM32CubeIDE_1.14.1/STM32CubeIDE/plugins/com.st.stm32cube.ide.mcu.externaltools.gnu-tools-for-stm32.12.3.rel1.win32_1.0.100.202403111256/tools/bin/../lib/gcc/arm-none-eabi/12.3.1/../../../../arm-none-eabi/lib/thumb/v7e-m+dp/hard\libc_nano.a(libc_a-findfp.o) (__sread)
J:/ST/STM32CubeIDE_1.14.1/STM32CubeIDE/plugins/com.st.stm32cube.ide.mcu.externaltools.gnu-tools-for-stm32.12.3.rel1.win32_1.0.100.202403111256/tools/bin/../lib/gcc/arm-none-eabi/12.3.1/../../../../arm-none-eabi/lib/thumb/v7e-m+dp/hard\libc_nano.a(libc_a-memset.o)
                              J:/ST/STM32CubeIDE_1.14.1/STM32CubeIDE/plugins/com.st.stm32cube.ide.mcu.externaltools.gnu-tools-for-stm32.12.3.rel1.win32_1.0.100.202403111256/tools/bin/../lib/gcc/arm-none-eabi/12.3.1/../../../../arm-none-eabi/lib/thumb/v7e-m+dp/hard/crt0.o (memset)
J:/ST/STM32CubeIDE_1.14.1/STM32CubeIDE/plugins/com.st.stm32cube.ide.mcu.externaltools.gnu-tools-for-stm32.12.3.rel1.win32_1.0.100.202403111256/tools/bin/../lib/gcc/arm-none-eabi/12.3.1/../../../../arm-none-eabi/lib/thumb/v7e-m+dp/hard\libc_nano.a(libc_a-closer.o)
                              J:/ST/STM32CubeIDE_1.14.1/STM32CubeIDE/plugins/com.st.stm32cube.ide.mcu.externaltools.gnu-tools-for-stm32.12.3.rel1.win32_1.0.100.202403111256/tools/bin/../lib/gcc/arm-none-eabi/12.3.1/../../../../arm-none-eabi/lib/thumb/v7e-m+dp/hard\libc_nano.a(libc_a-stdio.o) (_close_r)
J:/ST/STM32CubeIDE_1.14.1/STM32CubeIDE/plugins/com.st.stm32cube.ide.mcu.externaltools.gnu-tools-for-stm32.12.3.rel1.win32_1.0.100.202403111256/tools/bin/../lib/gcc/arm-none-eabi/12.3.1/../../../../arm-none-eabi/lib/thumb/v7e-m+dp/hard\libc_nano.a(libc_a-reent.o)
                              J:/ST/STM32CubeIDE_1.14.1/STM32CubeIDE/plugins/com.st.stm32cube.ide.mcu.externaltools.gnu-tools-for-stm32.12.3.rel1.win32_1.0.100.202403111256/tools/bin/../lib/gcc/arm-none-eabi/12.3.1/../../../../arm-none-eabi/lib/thumb/v7e-m+dp/hard\libc_nano.a(libc_a-closer.o) (errno)
J:/ST/STM32CubeIDE_1.14.1/STM32CubeIDE/plugins/com.st.stm32cube.ide.mcu.externaltools.gnu-tools-for-stm32.12.3.rel1.win32_1.0.100.202403111256/tools/bin/../lib/gcc/arm-none-eabi/12.3.1/../../../../arm-none-eabi/lib/thumb/v7e-m+dp/hard\libc_nano.a(libc_a-impure.o)
[...]
Memory Configuration

Name             Origin             Length             Attributes
FLASH            0x08000000         0x00020000         xr
DTCMRAM          0x20000000         0x00020000         xrw
RAM_D1           0x24000000         0x00080000         xrw
RAM_D2           0x30000000         0x00048000         xrw
RAM_D3           0x38000000         0x00010000         xrw
ITCMRAM          0x00000000         0x00010000         xrw
SDRAM            0xc0000000         0x02000000         xrw
*default*        0x00000000         0xffffffff

Linker script and memory map

LOAD J:/ST/STM32CubeIDE_1.14.1/STM32CubeIDE/plugins/com.st.stm32cube.ide.mcu.externaltools.gnu-tools-for-stm32.12.3.rel1.win32_1.0.100.202403111256/tools/bin/../lib/gcc/arm-none-eabi/12.3.1/thumb/v7e-m+dp/hard/crti.o
LOAD J:/ST/STM32CubeIDE_1.14.1/STM32CubeIDE/plugins/com.st.stm32cube.ide.mcu.externaltools.gnu-tools-for-stm32.12.3.rel1.win32_1.0.100.202403111256/tools/bin/../lib/gcc/arm-none-eabi/12.3.1/thumb/v7e-m+dp/hard/crtbegin.o
LOAD J:/ST/STM32CubeIDE_1.14.1/STM32CubeIDE/plugins/com.st.stm32cube.ide.mcu.externaltools.gnu-tools-for-stm32.12.3.rel1.win32_1.0.100.202403111256/tools/bin/../lib/gcc/arm-none-eabi/12.3.1/../../../../arm-none-eabi/lib/thumb/v7e-m+dp/hard/crt0.o
LOAD ./Core/Src/adc.o
LOAD ./Core/Src/bdma.o
LOAD ./Core/Src/dma.o
LOAD ./Core/Src/fmc.o
LOAD ./Core/Src/fonts.o
LOAD ./Core/Src/gpio.o
LOAD ./Core/Src/i2c.o
LOAD ./Core/Src/i2cscanner.o
LOAD ./Core/Src/main.o
LOAD ./Core/Src/mdma.o
LOAD ./Core/Src/memtest.o
LOAD ./Core/Src/rtc.o
LOAD ./Core/Src/sdmmc.o
LOAD ./Core/Src/ssd1306.o
LOAD ./Core/Src/stm32h7xx_hal_msp.o
LOAD ./Core/Src/stm32h7xx_it.o
LOAD ./Core/Src/syscalls.o
LOAD ./Core/Src/sysmem.o
LOAD ./Core/Src/system_stm32h7xx.o
LOAD ./Core/Src/tim.o
LOAD ./Core/Startup/startup_stm32h750xbhx.o
LOAD ./Drivers/STM32H7xx_HAL_Driver/Src/stm32h7xx_hal.o
LOAD ./Drivers/STM32H7xx_HAL_Driver/Src/stm32h7xx_hal_adc.o
LOAD ./Drivers/STM32H7xx_HAL_Driver/Src/stm32h7xx_hal_adc_ex.o
LOAD ./Drivers/STM32H7xx_HAL_Driver/Src/stm32h7xx_hal_cortex.o
LOAD ./Drivers/STM32H7xx_HAL_Driver/Src/stm32h7xx_hal_dma.o
LOAD ./Drivers/STM32H7xx_HAL_Driver/Src/stm32h7xx_hal_dma_ex.o
LOAD ./Drivers/STM32H7xx_HAL_Driver/Src/stm32h7xx_hal_exti.o
LOAD ./Drivers/STM32H7xx_HAL_Driver/Src/stm32h7xx_hal_flash.o
LOAD ./Drivers/STM32H7xx_HAL_Driver/Src/stm32h7xx_hal_flash_ex.o
LOAD ./Drivers/STM32H7xx_HAL_Driver/Src/stm32h7xx_hal_gpio.o
LOAD ./Drivers/STM32H7xx_HAL_Driver/Src/stm32h7xx_hal_hsem.o
LOAD ./Drivers/STM32H7xx_HAL_Driver/Src/stm32h7xx_hal_i2c.o
LOAD ./Drivers/STM32H7xx_HAL_Driver/Src/stm32h7xx_hal_i2c_ex.o
LOAD ./Drivers/STM32H7xx_HAL_Driver/Src/stm32h7xx_hal_mdma.o
LOAD ./Drivers/STM32H7xx_HAL_Driver/Src/stm32h7xx_hal_pwr.o
LOAD ./Drivers/STM32H7xx_HAL_Driver/Src/stm32h7xx_hal_pwr_ex.o
LOAD ./Drivers/STM32H7xx_HAL_Driver/Src/stm32h7xx_hal_rcc.o
LOAD ./Drivers/STM32H7xx_HAL_Driver/Src/stm32h7xx_hal_rcc_ex.o
LOAD ./Drivers/STM32H7xx_HAL_Driver/Src/stm32h7xx_hal_rtc.o
LOAD ./Drivers/STM32H7xx_HAL_Driver/Src/stm32h7xx_hal_rtc_ex.o
LOAD ./Drivers/STM32H7xx_HAL_Driver/Src/stm32h7xx_hal_sd.o
LOAD ./Drivers/STM32H7xx_HAL_Driver/Src/stm32h7xx_hal_sd_ex.o
LOAD ./Drivers/STM32H7xx_HAL_Driver/Src/stm32h7xx_hal_sdram.o
LOAD ./Drivers/STM32H7xx_HAL_Driver/Src/stm32h7xx_hal_tim.o
LOAD ./Drivers/STM32H7xx_HAL_Driver/Src/stm32h7xx_hal_tim_ex.o
LOAD ./Drivers/STM32H7xx_HAL_Driver/Src/stm32h7xx_ll_delayblock.o
LOAD ./Drivers/STM32H7xx_HAL_Driver/Src/stm32h7xx_ll_fmc.o
LOAD ./Drivers/STM32H7xx_HAL_Driver/Src/stm32h7xx_ll_sdmmc.o
LOAD ./FATFS/App/fatfs.o
LOAD ./FATFS/Target/bsp_driver_sd.o
LOAD ./FATFS/Target/fatfs_platform.o
LOAD ./FATFS/Target/sd_diskio.o
LOAD ./Middlewares/Third_Party/FatFs/src/diskio.o
LOAD ./Middlewares/Third_Party/FatFs/src/ff.o
LOAD ./Middlewares/Third_Party/FatFs/src/ff_gen_drv.o
LOAD ./Middlewares/Third_Party/FatFs/src/option/ccsbcs.o
LOAD ./Middlewares/Third_Party/FatFs/src/option/syscall.o
START GROUP
LOAD J:/ST/STM32CubeIDE_1.14.1/STM32CubeIDE/plugins/com.st.stm32cube.ide.mcu.externaltools.gnu-tools-for-stm32.12.3.rel1.win32_1.0.100.202403111256/tools/bin/../lib/gcc/arm-none-eabi/12.3.1/../../../../arm-none-eabi/lib/thumb/v7e-m+dp/hard\libc_nano.a
LOAD J:/ST/STM32CubeIDE_1.14.1/STM32CubeIDE/plugins/com.st.stm32cube.ide.mcu.externaltools.gnu-tools-for-stm32.12.3.rel1.win32_1.0.100.202403111256/tools/bin/../lib/gcc/arm-none-eabi/12.3.1/../../../../arm-none-eabi/lib/thumb/v7e-m+dp/hard\libm.a
END GROUP
START GROUP
LOAD J:/ST/STM32CubeIDE_1.14.1/STM32CubeIDE/plugins/com.st.stm32cube.ide.mcu.externaltools.gnu-tools-for-stm32.12.3.rel1.win32_1.0.100.202403111256/tools/bin/../lib/gcc/arm-none-eabi/12.3.1/thumb/v7e-m+dp/hard\libgcc.a
LOAD J:/ST/STM32CubeIDE_1.14.1/STM32CubeIDE/plugins/com.st.stm32cube.ide.mcu.externaltools.gnu-tools-for-stm32.12.3.rel1.win32_1.0.100.202403111256/tools/bin/../lib/gcc/arm-none-eabi/12.3.1/../../../../arm-none-eabi/lib/thumb/v7e-m+dp/hard\libc_nano.a
END GROUP
START GROUP
LOAD J:/ST/STM32CubeIDE_1.14.1/STM32CubeIDE/plugins/com.st.stm32cube.ide.mcu.externaltools.gnu-tools-for-stm32.12.3.rel1.win32_1.0.100.202403111256/tools/bin/../lib/gcc/arm-none-eabi/12.3.1/thumb/v7e-m+dp/hard\libgcc.a
LOAD J:/ST/STM32CubeIDE_1.14.1/STM32CubeIDE/plugins/com.st.stm32cube.ide.mcu.externaltools.gnu-tools-for-stm32.12.3.rel1.win32_1.0.100.202403111256/tools/bin/../lib/gcc/arm-none-eabi/12.3.1/../../../../arm-none-eabi/lib/thumb/v7e-m+dp/hard\libc_nano.a
LOAD J:/ST/STM32CubeIDE_1.14.1/STM32CubeIDE/plugins/com.st.stm32cube.ide.mcu.externaltools.gnu-tools-for-stm32.12.3.rel1.win32_1.0.100.202403111256/tools/bin/../lib/gcc/arm-none-eabi/12.3.1/../../../../arm-none-eabi/lib/thumb/v7e-m+dp/hard\libnosys.a
END GROUP
START GROUP
LOAD J:/ST/STM32CubeIDE_1.14.1/STM32CubeIDE/plugins/com.st.stm32cube.ide.mcu.externaltools.gnu-tools-for-stm32.12.3.rel1.win32_1.0.100.202403111256/tools/bin/../lib/gcc/arm-none-eabi/12.3.1/thumb/v7e-m+dp/hard\libgcc.a
LOAD J:/ST/STM32CubeIDE_1.14.1/STM32CubeIDE/plugins/com.st.stm32cube.ide.mcu.externaltools.gnu-tools-for-stm32.12.3.rel1.win32_1.0.100.202403111256/tools/bin/../lib/gcc/arm-none-eabi/12.3.1/../../../../arm-none-eabi/lib/thumb/v7e-m+dp/hard\libc_nano.a
LOAD J:/ST/STM32CubeIDE_1.14.1/STM32CubeIDE/plugins/com.st.stm32cube.ide.mcu.externaltools.gnu-tools-for-stm32.12.3.rel1.win32_1.0.100.202403111256/tools/bin/../lib/gcc/arm-none-eabi/12.3.1/../../../../arm-none-eabi/lib/thumb/v7e-m+dp/hard\libnosys.a
END GROUP
LOAD J:/ST/STM32CubeIDE_1.14.1/STM32CubeIDE/plugins/com.st.stm32cube.ide.mcu.externaltools.gnu-tools-for-stm32.12.3.rel1.win32_1.0.100.202403111256/tools/bin/../lib/gcc/arm-none-eabi/12.3.1/thumb/v7e-m+dp/hard/crtend.o
LOAD J:/ST/STM32CubeIDE_1.14.1/STM32CubeIDE/plugins/com.st.stm32cube.ide.mcu.externaltools.gnu-tools-for-stm32.12.3.rel1.win32_1.0.100.202403111256/tools/bin/../lib/gcc/arm-none-eabi/12.3.1/thumb/v7e-m+dp/hard/crtn.o
                0x24080000                        _estack = (ORIGIN (RAM_D1) + LENGTH (RAM_D1))
                0x00000800                        _Min_Heap_Size = 0x800
                0x00001600                        _Min_Stack_Size = 0x1600

.isr_vector     0x08000000      0x298
                0x08000000                        . = ALIGN (0x4)
 *(.isr_vector)
 .isr_vector    0x08000000      0x298 ./Core/Startup/startup_stm32h750xbhx.o
                0x08000000                g_pfnVectors
                0x08000298                        . = ALIGN (0x4)

.text           0x080002a0    0x1a68c
                0x080002a0                        . = ALIGN (0x4)
 *(.text)
 .text          0x080002a0       0x40 J:/ST/STM32CubeIDE_1.14.1/STM32CubeIDE/plugins/com.st.stm32cube.ide.mcu.externaltools.gnu-tools-for-stm32.12.3.rel1.win32_1.0.100.202403111256/tools/bin/../lib/gcc/arm-none-eabi/12.3.1/thumb/v7e-m+dp/hard/crtbegin.o
 .text          0x080002e0       0xa0 J:/ST/STM32CubeIDE_1.14.1/STM32CubeIDE/plugins/com.st.stm32cube.ide.mcu.externaltools.gnu-tools-for-stm32.12.3.rel1.win32_1.0.100.202403111256/tools/bin/../lib/gcc/arm-none-eabi/12.3.1/../../../../arm-none-eabi/lib/thumb/v7e-m+dp/hard\libc_nano.a(libc_a-memchr.o)
                0x080002e0                memchr
 .text          0x08000380       0x30 J:/ST/STM32CubeIDE_1.14.1/STM32CubeIDE/plugins/com.st.stm32cube.ide.mcu.externaltools.gnu-tools-for-stm32.12.3.rel1.win32_1.0.100.202403111256/tools/bin/../lib/gcc/arm-none-eabi/12.3.1/thumb/v7e-m+dp/hard\libgcc.a(_aeabi_uldivmod.o)
                0x08000380                __aeabi_uldivmod
 .text          0x080003b0      0x2bc J:/ST/STM32CubeIDE_1.14.1/STM32CubeIDE/plugins/com.st.stm32cube.ide.mcu.externaltools.gnu-tools-for-stm32.12.3.rel1.win32_1.0.100.202403111256/tools/bin/../lib/gcc/arm-none-eabi/12.3.1/thumb/v7e-m+dp/hard\libgcc.a(_udivmoddi4.o)
                0x080003b0                __udivmoddi4
 .text          0x0800066c        0x4 J:/ST/STM32CubeIDE_1.14.1/STM32CubeIDE/plugins/com.st.stm32cube.ide.mcu.externaltools.gnu-tools-for-stm32.12.3.rel1.win32_1.0.100.202403111256/tools/bin/../lib/gcc/arm-none-eabi/12.3.1/thumb/v7e-m+dp/hard\libgcc.a(_dvmd_tls.o)
                0x0800066c                __aeabi_idiv0
                0x0800066c                __aeabi_ldiv0
 *(.text*)
 .text.MX_ADC3_Init
                0x08000670       0xc8 ./Core/Src/adc.o
                0x08000670                MX_ADC3_Init
 .text.HAL_ADC_MspInit
                0x08000738      0x154 ./Core/Src/adc.o
                0x08000738                HAL_ADC_MspInit
 .text.MX_BDMA_Init
                0x0800088c       0x60 ./Core/Src/bdma.o
                0x0800088c                MX_BDMA_Init
 .text.MX_DMA_Init
                0x080008ec       0xe4 ./Core/Src/dma.o
                0x080008ec                MX_DMA_Init
 .text.MX_FMC_Init
                0x080009d0      0x114 ./Core/Src/fmc.o
                0x080009d0                MX_FMC_Init
 .text.HAL_FMC_MspInit
                0x08000ae4      0x1a4 ./Core/Src/fmc.o
 .text.HAL_SDRAM_MspInit
                0x08000c88       0x14 ./Core/Src/fmc.o
                0x08000c88                HAL_SDRAM_MspInit
 .text.MX_GPIO_Init
                0x08000c9c      0x498 ./Core/Src/gpio.o
                0x08000c9c                MX_GPIO_Init
 .text.MX_GPIO2Init
                0x08001134        0xe ./Core/Src/gpio.o
                0x08001134                MX_GPIO2Init
 *fill*         0x08001142        0x2 
 .text.MX_I2C1_Init
                0x08001144       0x80 ./Core/Src/i2c.o
                0x08001144                MX_I2C1_Init
 .text.MX_I2C4_Init
                0x080011c4       0x80 ./Core/Src/i2c.o
                0x080011c4                MX_I2C4_Init
 .text.HAL_I2C_MspInit
                0x08001244      0x294 ./Core/Src/i2c.o
                0x08001244                HAL_I2C_MspInit
 .text.RTC_Set  0x080014d8       0xa8 ./Core/Src/main.o
                0x080014d8                RTC_Set
 .text.JOYstickPOS
                0x08001580       0x88 ./Core/Src/main.o
                0x08001580                JOYstickPOS
 .text.ledDisp  0x08001608      0x130 ./Core/Src/main.o
                0x08001608                ledDisp
 .text.setTime  0x08001738      0x45c ./Core/Src/main.o
                0x08001738                setTime
 .text.ProcessBlock
                0x08001b94      0x264 ./Core/Src/main.o
                0x08001b94                ProcessBlock
 .text.Histo    0x08001df8      0x154 ./Core/Src/main.o
                0x08001df8                Histo
 .text.TrialStart
                0x08001f4c      0x328 ./Core/Src/main.o
                0x08001f4c                TrialStart
 .text.TrialEnd
                0x08002274       0x78 ./Core/Src/main.o
                0x08002274                TrialEnd
 .text.TrialComplete
                0x080022ec      0x1e8 ./Core/Src/main.o
                0x080022ec                TrialComplete
 .text.TrialOngoing
                0x080024d4      0x1bc ./Core/Src/main.o
                0x080024d4                TrialOngoing
 .text.RunMenu  0x08002690      0x4b4 ./Core/Src/main.o
                0x08002690                RunMenu
 .text.main     0x08002b44      0x388 ./Core/Src/main.o
                0x08002b44                main
 .text.SystemClock_Config
                0x08002ecc      0x118 ./Core/Src/main.o
                0x08002ecc                SystemClock_Config
 .text.HAL_ADC_ConvCpltCallback
                0x08002fe4       0x80 ./Core/Src/main.o
                0x08002fe4                HAL_ADC_ConvCpltCallback
 .text.HAL_TIM_PeriodElapsedCallback
                0x08003064       0x74 ./Core/Src/main.o
                0x08003064                HAL_TIM_PeriodElapsedCallback
 .text.HAL_TIM_TriggerCallback
                0x080030d8       0x30 ./Core/Src/main.o
                0x080030d8                HAL_TIM_TriggerCallback
 .text.TransferComplete
                0x08003108       0x54 ./Core/Src/main.o
                0x08003108                TransferComplete
 .text.TransferError
                0x0800315c       0x38 ./Core/Src/main.o
                0x0800315c                TransferError
 .text.Error_Handler
                0x08003194       0x10 ./Core/Src/main.o
                0x08003194                Error_Handler
 .text.MX_MDMA_Init
                0x080031a4       0xcc ./Core/Src/mdma.o
                0x080031a4                MX_MDMA_Init
 .text.memTestDataBus
                0x08003270       0x3c ./Core/Src/memtest.o
                0x08003270                memTestDataBus
 .text.memTestAddressBus
                0x080032ac      0x114 ./Core/Src/memtest.o
                0x080032ac                memTestAddressBus
 .text.memTest  0x080033c0       0x30 ./Core/Src/memtest.o
                0x080033c0                memTest
 .text.MX_RTC_Init
                0x080033f0       0xbc ./Core/Src/rtc.o
                0x080033f0                MX_RTC_Init
 .text.HAL_RTC_MspInit
                0x080034ac       0x64 ./Core/Src/rtc.o
                0x080034ac                HAL_RTC_MspInit
 .text.MX_RTC_InitAlt
                0x08003510       0x4c ./Core/Src/rtc.o
                0x08003510                MX_RTC_InitAlt
 .text.MX_SDMMC1_SD_Init
                0x0800355c       0x3c ./Core/Src/sdmmc.o
                0x0800355c                MX_SDMMC1_SD_Init
 .text.HAL_SD_MspInit
                0x08003598      0x12c ./Core/Src/sdmmc.o
                0x08003598                HAL_SD_MspInit
 .text.width    0x080036c4       0x10 ./Core/Src/ssd1306.o
 .text.height   0x080036d4       0x10 ./Core/Src/ssd1306.o
 .text.ssd1306_GetWidth
                0x080036e4       0x10 ./Core/Src/ssd1306.o
                0x080036e4                ssd1306_GetWidth
 .text.ssd1306_GetHeight
                0x080036f4       0x10 ./Core/Src/ssd1306.o
                0x080036f4                ssd1306_GetHeight
 .text.ssd1306_SetColor
                0x08003704       0x20 ./Core/Src/ssd1306.o
                0x08003704                ssd1306_SetColor
 .text.ssd1306_Init
                0x08003724      0x134 ./Core/Src/ssd1306.o
                0x08003724                ssd1306_Init
 .text.ssd1306_UpdateScreen
                0x08003858       0x54 ./Core/Src/ssd1306.o
                0x08003858                ssd1306_UpdateScreen
 .text.ssd1306_DrawPixel
                0x080038ac       0xec ./Core/Src/ssd1306.o
                0x080038ac                ssd1306_DrawPixel
 .text.ssd1306_DrawVerticalLine
                0x08003998      0x25c ./Core/Src/ssd1306.o
                0x08003998                ssd1306_DrawVerticalLine
 .text.ssd1306_WriteChar
                0x08003bf4      0x120 ./Core/Src/ssd1306.o
                0x08003bf4                ssd1306_WriteChar
 .text.ssd1306_WriteString
                0x08003d14       0x4a ./Core/Src/ssd1306.o
                0x08003d14                ssd1306_WriteString
 *fill*         0x08003d5e        0x2 
 .text.ssd1306_SetCursor
                0x08003d60       0x30 ./Core/Src/ssd1306.o
                0x08003d60                ssd1306_SetCursor
 .text.ssd1306_Clear
                0x08003d90       0x18 ./Core/Src/ssd1306.o
                0x08003d90                ssd1306_Clear
 .text.ssd1306_WriteCommand
                0x08003da8       0x44 ./Core/Src/ssd1306.o
 .text.ssd1306_WriteData
                0x08003dec       0x3c ./Core/Src/ssd1306.o
 .text.HAL_I2C_MemTxCpltCallback
                0x08003e28       0x14 ./Core/Src/ssd1306.o
                0x08003e28                HAL_I2C_MemTxCpltCallback
 .text.HAL_MspInit
                0x08003e3c       0x58 ./Core/Src/stm32h7xx_hal_msp.o
                0x08003e3c                HAL_MspInit
 .text.NMI_Handler
                0x08003e94        0x8 ./Core/Src/stm32h7xx_it.o
                0x08003e94                NMI_Handler
 .text.HardFault_Handler
                0x08003e9c       0x48 ./Core/Src/stm32h7xx_it.o
                0x08003e9c                HardFault_Handler
 .text.MemManage_Handler
                0x08003ee4        0x8 ./Core/Src/stm32h7xx_it.o
                0x08003ee4                MemManage_Handler
 .text.BusFault_Handler
                0x08003eec        0x8 ./Core/Src/stm32h7xx_it.o
                0x08003eec                BusFault_Handler
 .text.UsageFault_Handler
                0x08003ef4        0x8 ./Core/Src/stm32h7xx_it.o
                0x08003ef4                UsageFault_Handler
 .text.SVC_Handler
                0x08003efc        0xe ./Core/Src/stm32h7xx_it.o
                0x08003efc                SVC_Handler
 .text.DebugMon_Handler
                0x08003f0a        0xe ./Core/Src/stm32h7xx_it.o
                0x08003f0a                DebugMon_Handler
 .text.PendSV_Handler
                0x08003f18        0xe ./Core/Src/stm32h7xx_it.o
                0x08003f18                PendSV_Handler
 .text.SysTick_Handler
                0x08003f26        0xc ./Core/Src/stm32h7xx_it.o
                0x08003f26                SysTick_Handler
 *fill*         0x08003f32        0x2 
 .text.TIM1_UP_IRQHandler
                0x08003f34       0x14 ./Core/Src/stm32h7xx_it.o
                0x08003f34                TIM1_UP_IRQHandler
 .text.TIM1_TRG_COM_IRQHandler
                0x08003f48       0x14 ./Core/Src/stm32h7xx_it.o
                0x08003f48                TIM1_TRG_COM_IRQHandler
 .text.TIM2_IRQHandler
                0x08003f5c       0x14 ./Core/Src/stm32h7xx_it.o
                0x08003f5c                TIM2_IRQHandler
 .text.TIM3_IRQHandler
                0x08003f70       0x14 ./Core/Src/stm32h7xx_it.o
                0x08003f70                TIM3_IRQHandler
 .text.TIM8_UP_TIM13_IRQHandler
                0x08003f84       0x14 ./Core/Src/stm32h7xx_it.o
                0x08003f84                TIM8_UP_TIM13_IRQHandler
 .text.TIM8_TRG_COM_TIM14_IRQHandler
                0x08003f98       0x14 ./Core/Src/stm32h7xx_it.o
                0x08003f98                TIM8_TRG_COM_TIM14_IRQHandler
 .text.DMA1_Stream7_IRQHandler
                0x08003fac       0x14 ./Core/Src/stm32h7xx_it.o
                0x08003fac                DMA1_Stream7_IRQHandler
 .text.SDMMC1_IRQHandler
                0x08003fc0       0x14 ./Core/Src/stm32h7xx_it.o
                0x08003fc0                SDMMC1_IRQHandler
 .text.DMA2_Stream7_IRQHandler
                0x08003fd4       0x14 ./Core/Src/stm32h7xx_it.o
                0x08003fd4                DMA2_Stream7_IRQHandler
 .text.I2C4_EV_IRQHandler
                0x08003fe8       0x14 ./Core/Src/stm32h7xx_it.o
                0x08003fe8                I2C4_EV_IRQHandler
 .text.I2C4_ER_IRQHandler
                0x08003ffc       0x14 ./Core/Src/stm32h7xx_it.o
                0x08003ffc                I2C4_ER_IRQHandler
 .text.MDMA_IRQHandler
                0x08004010       0x14 ./Core/Src/stm32h7xx_it.o
                0x08004010                MDMA_IRQHandler
 .text.ADC3_IRQHandler
                0x08004024       0x14 ./Core/Src/stm32h7xx_it.o
                0x08004024                ADC3_IRQHandler
 .text.DMAMUX2_OVR_IRQHandler
                0x08004038       0x14 ./Core/Src/stm32h7xx_it.o
                0x08004038                DMAMUX2_OVR_IRQHandler
 .text.BDMA_Channel0_IRQHandler
                0x0800404c       0x14 ./Core/Src/stm32h7xx_it.o
                0x0800404c                BDMA_Channel0_IRQHandler
 .text.BDMA_Channel1_IRQHandler
                0x08004060       0x14 ./Core/Src/stm32h7xx_it.o
                0x08004060                BDMA_Channel1_IRQHandler
 .text._read    0x08004074       0x3a ./Core/Src/syscalls.o
                0x08004074                _read
 .text._write   0x080040ae       0x38 ./Core/Src/syscalls.o
                0x080040ae                _write
 .text._close   0x080040e6       0x18 ./Core/Src/syscalls.o
                0x080040e6                _close
 .text._fstat   0x080040fe       0x20 ./Core/Src/syscalls.o
                0x080040fe                _fstat
 .text._isatty  0x0800411e       0x16 ./Core/Src/syscalls.o
                0x0800411e                _isatty
 .text._lseek   0x08004134       0x1a ./Core/Src/syscalls.o
                0x08004134                _lseek
 *fill*         0x0800414e        0x2 
 .text._sbrk    0x08004150       0x6c ./Core/Src/sysmem.o
                0x08004150                _sbrk
 .text.SystemInit
                0x080041bc      0x110 ./Core/Src/system_stm32h7xx.o
                0x080041bc                SystemInit
 .text.MX_TIM1_Init
                0x080042cc      0x1c0 ./Core/Src/tim.o
                0x080042cc                MX_TIM1_Init
 .text.MX_TIM2_Init
                0x0800448c      0x168 ./Core/Src/tim.o
                0x0800448c                MX_TIM2_Init
 .text.MX_TIM3_Init
                0x080045f4      0x134 ./Core/Src/tim.o
                0x080045f4                MX_TIM3_Init
 .text.MX_TIM8_Init
                0x08004728      0x1dc ./Core/Src/tim.o
                0x08004728                MX_TIM8_Init
 .text.HAL_TIM_Base_MspInit
                0x08004904      0x178 ./Core/Src/tim.o
                0x08004904                HAL_TIM_Base_MspInit
 .text.HAL_TIM_MspPostInit
                0x08004a7c      0x1cc ./Core/Src/tim.o
                0x08004a7c                HAL_TIM_MspPostInit
 .text.Reset_Handler
                0x08004c48       0x50 ./Core/Startup/startup_stm32h750xbhx.o
                0x08004c48                Reset_Handler
 .text.Default_Handler
                0x08004c98        0x2 ./Core/Startup/startup_stm32h750xbhx.o
                0x08004c98                RTC_Alarm_IRQHandler
                0x08004c98                HASH_RNG_IRQHandler
                0x08004c98                EXTI2_IRQHandler
                0x08004c98                TIM8_CC_IRQHandler
                0x08004c98                HRTIM1_Master_IRQHandler
                0x08004c98                UART8_IRQHandler
                0x08004c98                SPI4_IRQHandler
                0x08004c98                TIM1_CC_IRQHandler
                0x08004c98                BDMA_Channel6_IRQHandler
                0x08004c98                DMA2_Stream5_IRQHandler
                0x08004c98                HRTIM1_FLT_IRQHandler
                0x08004c98                JPEG_IRQHandler
                0x08004c98                DMA1_Stream5_IRQHandler
                0x08004c98                HRTIM1_TIMD_IRQHandler
                0x08004c98                TAMP_STAMP_IRQHandler
                0x08004c98                EXTI3_IRQHandler
                0x08004c98                LPTIM4_IRQHandler
                0x08004c98                LPTIM2_IRQHandler
                0x08004c98                DFSDM1_FLT1_IRQHandler
                0x08004c98                I2C3_ER_IRQHandler
                0x08004c98                DFSDM1_FLT2_IRQHandler
                0x08004c98                LPTIM3_IRQHandler
                0x08004c98                HSEM1_IRQHandler
                0x08004c98                EXTI0_IRQHandler
                0x08004c98                I2C2_EV_IRQHandler
                0x08004c98                DMA1_Stream2_IRQHandler
                0x08004c98                FPU_IRQHandler
                0x08004c98                OTG_HS_WKUP_IRQHandler
                0x08004c98                FDCAN1_IT1_IRQHandler
                0x08004c98                LTDC_ER_IRQHandler
                0x08004c98                DMA2_Stream2_IRQHandler
                0x08004c98                HRTIM1_TIME_IRQHandler
                0x08004c98                SPI1_IRQHandler
                0x08004c98                TIM6_DAC_IRQHandler
                0x08004c98                DCMI_IRQHandler
                0x08004c98                HRTIM1_TIMC_IRQHandler
                0x08004c98                DMA2_Stream3_IRQHandler
                0x08004c98                SAI2_IRQHandler
                0x08004c98                DFSDM1_FLT3_IRQHandler
                0x08004c98                USART6_IRQHandler
                0x08004c98                TIM17_IRQHandler
                0x08004c98                USART3_IRQHandler
                0x08004c98                BDMA_Channel7_IRQHandler
                0x08004c98                CRYP_IRQHandler
                0x08004c98                LPTIM5_IRQHandler
                0x08004c98                UART5_IRQHandler
                0x08004c98                DMA2_Stream0_IRQHandler
                0x08004c98                TIM4_IRQHandler
                0x08004c98                BDMA_Channel2_IRQHandler
                0x08004c98                QUADSPI_IRQHandler
                0x08004c98                I2C1_EV_IRQHandler
                0x08004c98                DMA1_Stream6_IRQHandler
                0x08004c98                DMAMUX1_OVR_IRQHandler
                0x08004c98                DMA1_Stream1_IRQHandler
                0x08004c98                TIM16_IRQHandler
                0x08004c98                UART4_IRQHandler
                0x08004c98                BDMA_Channel5_IRQHandler
                0x08004c98                RCC_IRQHandler
                0x08004c98                TIM8_BRK_TIM12_IRQHandler
                0x08004c98                Default_Handler
                0x08004c98                ECC_IRQHandler
                0x08004c98                CEC_IRQHandler
                0x08004c98                EXTI15_10_IRQHandler
                0x08004c98                ADC_IRQHandler
                0x08004c98                HRTIM1_TIMA_IRQHandler
                0x08004c98                SPI5_IRQHandler
                0x08004c98                TIM7_IRQHandler
                0x08004c98                TIM5_IRQHandler
                0x08004c98                TIM15_IRQHandler
                0x08004c98                PVD_AVD_IRQHandler
                0x08004c98                I2C3_EV_IRQHandler
                0x08004c98                EXTI9_5_IRQHandler
                0x08004c98                RTC_WKUP_IRQHandler
                0x08004c98                LTDC_IRQHandler
                0x08004c98                SAI3_IRQHandler
                0x08004c98                ETH_WKUP_IRQHandler
                0x08004c98                SPDIF_RX_IRQHandler
                0x08004c98                SPI2_IRQHandler
                0x08004c98                OTG_HS_EP1_IN_IRQHandler
                0x08004c98                DMA1_Stream0_IRQHandler
                0x08004c98                CRS_IRQHandler
                0x08004c98                EXTI4_IRQHandler
                0x08004c98                HRTIM1_TIMB_IRQHandler
                0x08004c98                FDCAN2_IT1_IRQHandler
                0x08004c98                ETH_IRQHandler
                0x08004c98                BDMA_Channel4_IRQHandler
                0x08004c98                OTG_HS_EP1_OUT_IRQHandler
                0x08004c98                WWDG_IRQHandler
                0x08004c98                SPI6_IRQHandler
                0x08004c98                MDIOS_IRQHandler
                0x08004c98                FDCAN2_IT0_IRQHandler
                0x08004c98                LPUART1_IRQHandler
                0x08004c98                FDCAN1_IT0_IRQHandler
                0x08004c98                OTG_FS_WKUP_IRQHandler
                0x08004c98                OTG_HS_IRQHandler
                0x08004c98                DMA2D_IRQHandler
                0x08004c98                TIM1_BRK_IRQHandler
                0x08004c98                EXTI1_IRQHandler
                0x08004c98                SDMMC2_IRQHandler
                0x08004c98                OTG_FS_EP1_OUT_IRQHandler
                0x08004c98                BDMA_Channel3_IRQHandler
                0x08004c98                UART7_IRQHandler
                0x08004c98                MDIOS_WKUP_IRQHandler
                0x08004c98                USART2_IRQHandler
                0x08004c98                DFSDM1_FLT0_IRQHandler
                0x08004c98                SAI4_IRQHandler
                0x08004c98                I2C2_ER_IRQHandler
                0x08004c98                DMA2_Stream1_IRQHandler
                0x08004c98                FLASH_IRQHandler
                0x08004c98                DMA2_Stream4_IRQHandler
                0x08004c98                USART1_IRQHandler
                0x08004c98                OTG_FS_IRQHandler
                0x08004c98                SPI3_IRQHandler
                0x08004c98                WAKEUP_PIN_IRQHandler
                0x08004c98                DMA1_Stream4_IRQHandler
                0x08004c98                OTG_FS_EP1_IN_IRQHandler
                0x08004c98                I2C1_ER_IRQHandler
                0x08004c98                FMC_IRQHandler
                0x08004c98                FDCAN_CAL_IRQHandler
                0x08004c98                SWPMI1_IRQHandler
                0x08004c98                COMP1_IRQHandler
                0x08004c98                LPTIM1_IRQHandler
                0x08004c98                DMA2_Stream6_IRQHandler
                0x08004c98                SAI1_IRQHandler
                0x08004c98                DMA1_Stream3_IRQHandler
 *fill*         0x08004c9a        0x2 
 .text.HAL_Init
                0x08004c9c       0x78 ./Drivers/STM32H7xx_HAL_Driver/Src/stm32h7xx_hal.o
                0x08004c9c                HAL_Init
 .text.HAL_InitTick
                0x08004d14       0x6c ./Drivers/STM32H7xx_HAL_Driver/Src/stm32h7xx_hal.o
                0x08004d14                HAL_InitTick
 .text.HAL_IncTick
                0x08004d80       0x28 ./Drivers/STM32H7xx_HAL_Driver/Src/stm32h7xx_hal.o
                0x08004d80                HAL_IncTick
 .text.HAL_GetTick
                0x08004da8       0x18 ./Drivers/STM32H7xx_HAL_Driver/Src/stm32h7xx_hal.o
                0x08004da8                HAL_GetTick
 .text.HAL_Delay
                0x08004dc0       0x48 ./Drivers/STM32H7xx_HAL_Driver/Src/stm32h7xx_hal.o
                0x08004dc0                HAL_Delay
 .text.HAL_GetREVID
                0x08004e08       0x18 ./Drivers/STM32H7xx_HAL_Driver/Src/stm32h7xx_hal.o
                0x08004e08                HAL_GetREVID
 .text.HAL_SYSCFG_VREFBUF_HighImpedanceConfig
                0x08004e20       0x28 ./Drivers/STM32H7xx_HAL_Driver/Src/stm32h7xx_hal.o
                0x08004e20                HAL_SYSCFG_VREFBUF_HighImpedanceConfig
 .text.HAL_SYSCFG_DisableVREFBUF
                0x08004e48       0x20 ./Drivers/STM32H7xx_HAL_Driver/Src/stm32h7xx_hal.o
                0x08004e48                HAL_SYSCFG_DisableVREFBUF
 .text.HAL_SYSCFG_AnalogSwitchConfig
                0x08004e68       0x2c ./Drivers/STM32H7xx_HAL_Driver/Src/stm32h7xx_hal.o
                0x08004e68                HAL_SYSCFG_AnalogSwitchConfig
 .text.LL_ADC_SetCommonClock
                0x08004e94       0x26 ./Drivers/STM32H7xx_HAL_Driver/Src/stm32h7xx_hal_adc.o
 .text.LL_ADC_SetCommonPathInternalCh
                0x08004eba       0x26 ./Drivers/STM32H7xx_HAL_Driver/Src/stm32h7xx_hal_adc.o
 .text.LL_ADC_GetCommonPathInternalCh
                0x08004ee0       0x1c ./Drivers/STM32H7xx_HAL_Driver/Src/stm32h7xx_hal_adc.o
 .text.LL_ADC_SetOffset
                0x08004efc       0x40 ./Drivers/STM32H7xx_HAL_Driver/Src/stm32h7xx_hal_adc.o
 .text.LL_ADC_SetDataRightShift
                0x08004f3c       0x32 ./Drivers/STM32H7xx_HAL_Driver/Src/stm32h7xx_hal_adc.o
 .text.LL_ADC_SetOffsetSignedSaturation
                0x08004f6e       0x36 ./Drivers/STM32H7xx_HAL_Driver/Src/stm32h7xx_hal_adc.o
 .text.LL_ADC_REG_IsTriggerSourceSWStart
                0x08004fa4       0x26 ./Drivers/STM32H7xx_HAL_Driver/Src/stm32h7xx_hal_adc.o
 .text.LL_ADC_REG_SetSequencerRanks
                0x08004fca       0x58 ./Drivers/STM32H7xx_HAL_Driver/Src/stm32h7xx_hal_adc.o
 .text.LL_ADC_REG_SetDataTransferMode
                0x08005022       0x26 ./Drivers/STM32H7xx_HAL_Driver/Src/stm32h7xx_hal_adc.o
 .text.LL_ADC_INJ_IsTriggerSourceSWStart
                0x08005048       0x26 ./Drivers/STM32H7xx_HAL_Driver/Src/stm32h7xx_hal_adc.o
 .text.LL_ADC_SetChannelSamplingTime
                0x0800506e       0x56 ./Drivers/STM32H7xx_HAL_Driver/Src/stm32h7xx_hal_adc.o
 .text.LL_ADC_SetChannelSingleDiff
                0x080050c4       0x48 ./Drivers/STM32H7xx_HAL_Driver/Src/stm32h7xx_hal_adc.o
 .text.LL_ADC_GetMultimode
                0x0800510c       0x1c ./Drivers/STM32H7xx_HAL_Driver/Src/stm32h7xx_hal_adc.o
 .text.LL_ADC_GetMultiDMATransfer
                0x08005128       0x1c ./Drivers/STM32H7xx_HAL_Driver/Src/stm32h7xx_hal_adc.o
 .text.LL_ADC_DisableDeepPowerDown
                0x08005144       0x24 ./Drivers/STM32H7xx_HAL_Driver/Src/stm32h7xx_hal_adc.o
 .text.LL_ADC_IsDeepPowerDownEnabled
                0x08005168       0x28 ./Drivers/STM32H7xx_HAL_Driver/Src/stm32h7xx_hal_adc.o
 .text.LL_ADC_EnableInternalRegulator
                0x08005190       0x28 ./Drivers/STM32H7xx_HAL_Driver/Src/stm32h7xx_hal_adc.o
 .text.LL_ADC_IsInternalRegulatorEnabled
                0x080051b8       0x28 ./Drivers/STM32H7xx_HAL_Driver/Src/stm32h7xx_hal_adc.o
 .text.LL_ADC_Enable
                0x080051e0       0x28 ./Drivers/STM32H7xx_HAL_Driver/Src/stm32h7xx_hal_adc.o
 .text.LL_ADC_Disable
                0x08005208       0x28 ./Drivers/STM32H7xx_HAL_Driver/Src/stm32h7xx_hal_adc.o
 .text.LL_ADC_IsEnabled
                0x08005230       0x26 ./Drivers/STM32H7xx_HAL_Driver/Src/stm32h7xx_hal_adc.o
 .text.LL_ADC_IsDisableOngoing
                0x08005256       0x26 ./Drivers/STM32H7xx_HAL_Driver/Src/stm32h7xx_hal_adc.o
 .text.LL_ADC_REG_StartConversion
                0x0800527c       0x28 ./Drivers/STM32H7xx_HAL_Driver/Src/stm32h7xx_hal_adc.o
 .text.LL_ADC_REG_IsConversionOngoing
                0x080052a4       0x26 ./Drivers/STM32H7xx_HAL_Driver/Src/stm32h7xx_hal_adc.o
 .text.LL_ADC_INJ_IsConversionOngoing
                0x080052ca       0x26 ./Drivers/STM32H7xx_HAL_Driver/Src/stm32h7xx_hal_adc.o
 .text.HAL_ADC_Init
                0x080052f0      0x3b8 ./Drivers/STM32H7xx_HAL_Driver/Src/stm32h7xx_hal_adc.o
                0x080052f0                HAL_ADC_Init
 .text.HAL_ADC_RegisterCallback
                0x080056a8      0x138 ./Drivers/STM32H7xx_HAL_Driver/Src/stm32h7xx_hal_adc.o
                0x080056a8                HAL_ADC_RegisterCallback
 .text.HAL_ADC_Start_DMA
                0x080057e0      0x188 ./Drivers/STM32H7xx_HAL_Driver/Src/stm32h7xx_hal_adc.o
                0x080057e0                HAL_ADC_Start_DMA
 .text.HAL_ADC_IRQHandler
                0x08005968      0x488 ./Drivers/STM32H7xx_HAL_Driver/Src/stm32h7xx_hal_adc.o
                0x08005968                HAL_ADC_IRQHandler
 .text.HAL_ADC_ConvHalfCpltCallback
                0x08005df0       0x14 ./Drivers/STM32H7xx_HAL_Driver/Src/stm32h7xx_hal_adc.o
                0x08005df0                HAL_ADC_ConvHalfCpltCallback
 .text.HAL_ADC_LevelOutOfWindowCallback
                0x08005e04       0x14 ./Drivers/STM32H7xx_HAL_Driver/Src/stm32h7xx_hal_adc.o
                0x08005e04                HAL_ADC_LevelOutOfWindowCallback
 .text.HAL_ADC_ErrorCallback
                0x08005e18       0x14 ./Drivers/STM32H7xx_HAL_Driver/Src/stm32h7xx_hal_adc.o
                0x08005e18                HAL_ADC_ErrorCallback
 .text.HAL_ADC_ConfigChannel
                0x08005e2c      0x6b8 ./Drivers/STM32H7xx_HAL_Driver/Src/stm32h7xx_hal_adc.o
                0x08005e2c                HAL_ADC_ConfigChannel
 .text.ADC_Enable
                0x080064e4      0x114 ./Drivers/STM32H7xx_HAL_Driver/Src/stm32h7xx_hal_adc.o
                0x080064e4                ADC_Enable
 .text.ADC_Disable
                0x080065f8       0xbe ./Drivers/STM32H7xx_HAL_Driver/Src/stm32h7xx_hal_adc.o
                0x080065f8                ADC_Disable
 .text.ADC_DMAConvCplt
                0x080066b6       0xdc ./Drivers/STM32H7xx_HAL_Driver/Src/stm32h7xx_hal_adc.o
                0x080066b6                ADC_DMAConvCplt
 .text.ADC_DMAHalfConvCplt
                0x08006792       0x1e ./Drivers/STM32H7xx_HAL_Driver/Src/stm32h7xx_hal_adc.o
                0x08006792                ADC_DMAHalfConvCplt
 .text.ADC_DMAError
                0x080067b0       0x36 ./Drivers/STM32H7xx_HAL_Driver/Src/stm32h7xx_hal_adc.o
                0x080067b0                ADC_DMAError
 *fill*         0x080067e6        0x2 
 .text.ADC_ConfigureBoostMode
                0x080067e8      0x218 ./Drivers/STM32H7xx_HAL_Driver/Src/stm32h7xx_hal_adc.o
                0x080067e8                ADC_ConfigureBoostMode
 .text.LL_ADC_StartCalibration
                0x08006a00       0x3c ./Drivers/STM32H7xx_HAL_Driver/Src/stm32h7xx_hal_adc_ex.o
 .text.LL_ADC_IsCalibrationOnGoing
                0x08006a3c       0x28 ./Drivers/STM32H7xx_HAL_Driver/Src/stm32h7xx_hal_adc_ex.o
 .text.HAL_ADCEx_Calibration_Start
                0x08006a64       0xc8 ./Drivers/STM32H7xx_HAL_Driver/Src/stm32h7xx_hal_adc_ex.o
                0x08006a64                HAL_ADCEx_Calibration_Start
 .text.HAL_ADCEx_InjectedConvCpltCallback
                0x08006b2c       0x14 ./Drivers/STM32H7xx_HAL_Driver/Src/stm32h7xx_hal_adc_ex.o
                0x08006b2c                HAL_ADCEx_InjectedConvCpltCallback
 .text.HAL_ADCEx_InjectedQueueOverflowCallback
                0x08006b40       0x14 ./Drivers/STM32H7xx_HAL_Driver/Src/stm32h7xx_hal_adc_ex.o
                0x08006b40                HAL_ADCEx_InjectedQueueOverflowCallback
 .text.HAL_ADCEx_LevelOutOfWindow2Callback
                0x08006b54       0x14 ./Drivers/STM32H7xx_HAL_Driver/Src/stm32h7xx_hal_adc_ex.o
                0x08006b54                HAL_ADCEx_LevelOutOfWindow2Callback
 .text.HAL_ADCEx_LevelOutOfWindow3Callback
                0x08006b68       0x14 ./Drivers/STM32H7xx_HAL_Driver/Src/stm32h7xx_hal_adc_ex.o
                0x08006b68                HAL_ADCEx_LevelOutOfWindow3Callback
 .text.HAL_ADCEx_EndOfSamplingCallback
                0x08006b7c       0x14 ./Drivers/STM32H7xx_HAL_Driver/Src/stm32h7xx_hal_adc_ex.o
                0x08006b7c                HAL_ADCEx_EndOfSamplingCallback
 .text.__NVIC_SetPriorityGrouping
                0x08006b90       0x48 ./Drivers/STM32H7xx_HAL_Driver/Src/stm32h7xx_hal_cortex.o
 .text.__NVIC_GetPriorityGrouping
                0x08006bd8       0x1c ./Drivers/STM32H7xx_HAL_Driver/Src/stm32h7xx_hal_cortex.o
 .text.__NVIC_EnableIRQ
                0x08006bf4       0x3c ./Drivers/STM32H7xx_HAL_Driver/Src/stm32h7xx_hal_cortex.o
 .text.__NVIC_SetPriority
                0x08006c30       0x54 ./Drivers/STM32H7xx_HAL_Driver/Src/stm32h7xx_hal_cortex.o
 .text.NVIC_EncodePriority
                0x08006c84       0x66 ./Drivers/STM32H7xx_HAL_Driver/Src/stm32h7xx_hal_cortex.o
 *fill*         0x08006cea        0x2 
 .text.SysTick_Config
                0x08006cec       0x44 ./Drivers/STM32H7xx_HAL_Driver/Src/stm32h7xx_hal_cortex.o
 .text.HAL_NVIC_SetPriorityGrouping
                0x08006d30       0x16 ./Drivers/STM32H7xx_HAL_Driver/Src/stm32h7xx_hal_cortex.o
                0x08006d30                HAL_NVIC_SetPriorityGrouping
 .text.HAL_NVIC_SetPriority
                0x08006d46       0x34 ./Drivers/STM32H7xx_HAL_Driver/Src/stm32h7xx_hal_cortex.o
                0x08006d46                HAL_NVIC_SetPriority
 .text.HAL_NVIC_EnableIRQ
                0x08006d7a       0x1c ./Drivers/STM32H7xx_HAL_Driver/Src/stm32h7xx_hal_cortex.o
                0x08006d7a                HAL_NVIC_EnableIRQ
 .text.HAL_SYSTICK_Config
                0x08006d96       0x18 ./Drivers/STM32H7xx_HAL_Driver/Src/stm32h7xx_hal_cortex.o
                0x08006d96                HAL_SYSTICK_Config
 *fill*         0x08006dae        0x2 
 .text.HAL_DMA_Init
                0x08006db0      0x6b8 ./Drivers/STM32H7xx_HAL_Driver/Src/stm32h7xx_hal_dma.o
                0x08006db0                HAL_DMA_Init
 .text.HAL_DMA_Start_IT
                0x08007468      0x4d4 ./Drivers/STM32H7xx_HAL_Driver/Src/stm32h7xx_hal_dma.o
                0x08007468                HAL_DMA_Start_IT
 .text.HAL_DMA_Abort_IT
                0x0800793c      0x48c ./Drivers/STM32H7xx_HAL_Driver/Src/stm32h7xx_hal_dma.o
                0x0800793c                HAL_DMA_Abort_IT
 .text.HAL_DMA_IRQHandler
                0x08007dc8      0xe54 ./Drivers/STM32H7xx_HAL_Driver/Src/stm32h7xx_hal_dma.o
                0x08007dc8                HAL_DMA_IRQHandler
 .text.HAL_DMA_RegisterCallback
                0x08008c1c       0xb4 ./Drivers/STM32H7xx_HAL_Driver/Src/stm32h7xx_hal_dma.o
                0x08008c1c                HAL_DMA_RegisterCallback
 .text.HAL_DMA_GetState
                0x08008cd0       0x1c ./Drivers/STM32H7xx_HAL_Driver/Src/stm32h7xx_hal_dma.o
                0x08008cd0                HAL_DMA_GetState
 .text.HAL_DMA_GetError
                0x08008cec       0x18 ./Drivers/STM32H7xx_HAL_Driver/Src/stm32h7xx_hal_dma.o
                0x08008cec                HAL_DMA_GetError
 .text.DMA_SetConfig
                0x08008d04      0x358 ./Drivers/STM32H7xx_HAL_Driver/Src/stm32h7xx_hal_dma.o
 .text.DMA_CalcBaseAndBitshift
                0x0800905c      0x164 ./Drivers/STM32H7xx_HAL_Driver/Src/stm32h7xx_hal_dma.o
 .text.DMA_CheckFifoParam
                0x080091c0       0xf8 ./Drivers/STM32H7xx_HAL_Driver/Src/stm32h7xx_hal_dma.o
 .text.DMA_CalcDMAMUXChannelBaseAndMask
                0x080092b8      0x134 ./Drivers/STM32H7xx_HAL_Driver/Src/stm32h7xx_hal_dma.o
 .text.DMA_CalcDMAMUXRequestGenBaseAndMask
                0x080093ec       0xe8 ./Drivers/STM32H7xx_HAL_Driver/Src/stm32h7xx_hal_dma.o
 .text.HAL_DMAEx_ConfigMuxSync
                0x080094d4      0x18c ./Drivers/STM32H7xx_HAL_Driver/Src/stm32h7xx_hal_dma_ex.o
                0x080094d4                HAL_DMAEx_ConfigMuxSync
 .text.HAL_DMAEx_MUX_IRQHandler
                0x08009660       0xa4 ./Drivers/STM32H7xx_HAL_Driver/Src/stm32h7xx_hal_dma_ex.o
                0x08009660                HAL_DMAEx_MUX_IRQHandler
 .text.HAL_GPIO_Init
                0x08009704      0x360 ./Drivers/STM32H7xx_HAL_Driver/Src/stm32h7xx_hal_gpio.o
                0x08009704                HAL_GPIO_Init
 .text.HAL_GPIO_ReadPin
                0x08009a64       0x30 ./Drivers/STM32H7xx_HAL_Driver/Src/stm32h7xx_hal_gpio.o
                0x08009a64                HAL_GPIO_ReadPin
 .text.HAL_GPIO_WritePin
                0x08009a94       0x32 ./Drivers/STM32H7xx_HAL_Driver/Src/stm32h7xx_hal_gpio.o
                0x08009a94                HAL_GPIO_WritePin
 .text.HAL_GPIO_TogglePin
                0x08009ac6       0x34 ./Drivers/STM32H7xx_HAL_Driver/Src/stm32h7xx_hal_gpio.o
                0x08009ac6                HAL_GPIO_TogglePin
 *fill*         0x08009afa        0x2 
 .text.HAL_I2C_Init
                0x08009afc      0x1b0 ./Drivers/STM32H7xx_HAL_Driver/Src/stm32h7xx_hal_i2c.o
                0x08009afc                HAL_I2C_Init
 .text.HAL_I2C_RegisterCallback
                0x08009cac      0x134 ./Drivers/STM32H7xx_HAL_Driver/Src/stm32h7xx_hal_i2c.o
                0x08009cac                HAL_I2C_RegisterCallback
 .text.HAL_I2C_Mem_Write_DMA
                0x08009de0      0x1cc ./Drivers/STM32H7xx_HAL_Driver/Src/stm32h7xx_hal_i2c.o
                0x08009de0                HAL_I2C_Mem_Write_DMA
 .text.HAL_I2C_IsDeviceReady
                0x08009fac      0x1d8 ./Drivers/STM32H7xx_HAL_Driver/Src/stm32h7xx_hal_i2c.o
                0x08009fac                HAL_I2C_IsDeviceReady
 .text.HAL_I2C_EV_IRQHandler
                0x0800a184       0x34 ./Drivers/STM32H7xx_HAL_Driver/Src/stm32h7xx_hal_i2c.o
                0x0800a184                HAL_I2C_EV_IRQHandler
 .text.HAL_I2C_ER_IRQHandler
                0x0800a1b8       0xb6 ./Drivers/STM32H7xx_HAL_Driver/Src/stm32h7xx_hal_i2c.o
                0x0800a1b8                HAL_I2C_ER_IRQHandler
 .text.HAL_I2C_MasterTxCpltCallback
                0x0800a26e       0x14 ./Drivers/STM32H7xx_HAL_Driver/Src/stm32h7xx_hal_i2c.o
                0x0800a26e                HAL_I2C_MasterTxCpltCallback
 .text.HAL_I2C_MasterRxCpltCallback
                0x0800a282       0x14 ./Drivers/STM32H7xx_HAL_Driver/Src/stm32h7xx_hal_i2c.o
                0x0800a282                HAL_I2C_MasterRxCpltCallback
 .text.HAL_I2C_SlaveTxCpltCallback
                0x0800a296       0x14 ./Drivers/STM32H7xx_HAL_Driver/Src/stm32h7xx_hal_i2c.o
                0x0800a296                HAL_I2C_SlaveTxCpltCallback
 .text.HAL_I2C_SlaveRxCpltCallback
                0x0800a2aa       0x14 ./Drivers/STM32H7xx_HAL_Driver/Src/stm32h7xx_hal_i2c.o
                0x0800a2aa                HAL_I2C_SlaveRxCpltCallback
 .text.HAL_I2C_AddrCallback
                0x0800a2be       0x1c ./Drivers/STM32H7xx_HAL_Driver/Src/stm32h7xx_hal_i2c.o
                0x0800a2be                HAL_I2C_AddrCallback
 .text.HAL_I2C_ListenCpltCallback
                0x0800a2da       0x14 ./Drivers/STM32H7xx_HAL_Driver/Src/stm32h7xx_hal_i2c.o
                0x0800a2da                HAL_I2C_ListenCpltCallback
 .text.HAL_I2C_MemRxCpltCallback
                0x0800a2ee       0x14 ./Drivers/STM32H7xx_HAL_Driver/Src/stm32h7xx_hal_i2c.o
                0x0800a2ee                HAL_I2C_MemRxCpltCallback
 .text.HAL_I2C_ErrorCallback
                0x0800a302       0x14 ./Drivers/STM32H7xx_HAL_Driver/Src/stm32h7xx_hal_i2c.o
                0x0800a302                HAL_I2C_ErrorCallback
 .text.HAL_I2C_AbortCpltCallback
                0x0800a316       0x14 ./Drivers/STM32H7xx_HAL_Driver/Src/stm32h7xx_hal_i2c.o
                0x0800a316                HAL_I2C_AbortCpltCallback
 .text.HAL_I2C_GetState
                0x0800a32a       0x1c ./Drivers/STM32H7xx_HAL_Driver/Src/stm32h7xx_hal_i2c.o
                0x0800a32a                HAL_I2C_GetState
 .text.I2C_Slave_ISR_IT
                0x0800a346      0x1f2 ./Drivers/STM32H7xx_HAL_Driver/Src/stm32h7xx_hal_i2c.o
 .text.I2C_Master_ISR_DMA
                0x0800a538      0x1d6 ./Drivers/STM32H7xx_HAL_Driver/Src/stm32h7xx_hal_i2c.o
 *fill*         0x0800a70e        0x2 
 .text.I2C_Mem_ISR_DMA
                0x0800a710      0x24c ./Drivers/STM32H7xx_HAL_Driver/Src/stm32h7xx_hal_i2c.o
 .text.I2C_Slave_ISR_DMA
                0x0800a95c      0x3b4 ./Drivers/STM32H7xx_HAL_Driver/Src/stm32h7xx_hal_i2c.o
 .text.I2C_ITAddrCplt
                0x0800ad10      0x108 ./Drivers/STM32H7xx_HAL_Driver/Src/stm32h7xx_hal_i2c.o
 .text.I2C_ITMasterSeqCplt
                0x0800ae18       0x7e ./Drivers/STM32H7xx_HAL_Driver/Src/stm32h7xx_hal_i2c.o
 .text.I2C_ITSlaveSeqCplt
                0x0800ae96       0xbc ./Drivers/STM32H7xx_HAL_Driver/Src/stm32h7xx_hal_i2c.o
 *fill*         0x0800af52        0x2 
 .text.I2C_ITMasterCplt
                0x0800af54      0x198 ./Drivers/STM32H7xx_HAL_Driver/Src/stm32h7xx_hal_i2c.o
 .text.I2C_ITSlaveCplt
                0x0800b0ec      0x4b0 ./Drivers/STM32H7xx_HAL_Driver/Src/stm32h7xx_hal_i2c.o
 .text.I2C_ITListenCplt
                0x0800b59c       0xac ./Drivers/STM32H7xx_HAL_Driver/Src/stm32h7xx_hal_i2c.o
 .text.I2C_ITError
                0x0800b648      0x1e0 ./Drivers/STM32H7xx_HAL_Driver/Src/stm32h7xx_hal_i2c.o
 .text.I2C_TreatErrorCallback
                0x0800b828       0x52 ./Drivers/STM32H7xx_HAL_Driver/Src/stm32h7xx_hal_i2c.o
 .text.I2C_Flush_TXDR
                0x0800b87a       0x48 ./Drivers/STM32H7xx_HAL_Driver/Src/stm32h7xx_hal_i2c.o
 .text.I2C_DMAMasterTransmitCplt
                0x0800b8c2       0x96 ./Drivers/STM32H7xx_HAL_Driver/Src/stm32h7xx_hal_i2c.o
 .text.I2C_DMAError
                0x0800b958      0x274 ./Drivers/STM32H7xx_HAL_Driver/Src/stm32h7xx_hal_i2c.o
 .text.I2C_DMAAbort
                0x0800bbcc       0x3c ./Drivers/STM32H7xx_HAL_Driver/Src/stm32h7xx_hal_i2c.o
 .text.I2C_WaitOnFlagUntilTimeout
                0x0800bc08       0xb2 ./Drivers/STM32H7xx_HAL_Driver/Src/stm32h7xx_hal_i2c.o
 *fill*         0x0800bcba        0x2 
 .text.I2C_IsErrorOccurred
                0x0800bcbc      0x1c0 ./Drivers/STM32H7xx_HAL_Driver/Src/stm32h7xx_hal_i2c.o
 .text.I2C_TransferConfig
                0x0800be7c       0x64 ./Drivers/STM32H7xx_HAL_Driver/Src/stm32h7xx_hal_i2c.o
 .text.I2C_Enable_IRQ
                0x0800bee0      0x108 ./Drivers/STM32H7xx_HAL_Driver/Src/stm32h7xx_hal_i2c.o
 .text.I2C_Disable_IRQ
                0x0800bfe8       0xbc ./Drivers/STM32H7xx_HAL_Driver/Src/stm32h7xx_hal_i2c.o
 .text.HAL_I2CEx_ConfigAnalogFilter
                0x0800c0a4       0x96 ./Drivers/STM32H7xx_HAL_Driver/Src/stm32h7xx_hal_i2c_ex.o
                0x0800c0a4                HAL_I2CEx_ConfigAnalogFilter
 .text.HAL_I2CEx_ConfigDigitalFilter
                0x0800c13a       0x98 ./Drivers/STM32H7xx_HAL_Driver/Src/stm32h7xx_hal_i2c_ex.o
                0x0800c13a                HAL_I2CEx_ConfigDigitalFilter
 .text.HAL_MDMA_Init
                0x0800c1d2       0x98 ./Drivers/STM32H7xx_HAL_Driver/Src/stm32h7xx_hal_mdma.o
                0x0800c1d2                HAL_MDMA_Init
 .text.HAL_MDMA_ConfigPostRequestMask
                0x0800c26a       0xa4 ./Drivers/STM32H7xx_HAL_Driver/Src/stm32h7xx_hal_mdma.o
                0x0800c26a                HAL_MDMA_ConfigPostRequestMask
 *fill*         0x0800c30e        0x2 
 .text.HAL_MDMA_IRQHandler
                0x0800c310      0x2a8 ./Drivers/STM32H7xx_HAL_Driver/Src/stm32h7xx_hal_mdma.o
                0x0800c310                HAL_MDMA_IRQHandler
 .text.MDMA_Init
                0x0800c5b8      0x130 ./Drivers/STM32H7xx_HAL_Driver/Src/stm32h7xx_hal_mdma.o
 .text.HAL_PWR_EnableBkUpAccess
                0x0800c6e8       0x20 ./Drivers/STM32H7xx_HAL_Driver/Src/stm32h7xx_hal_pwr.o
                0x0800c6e8                HAL_PWR_EnableBkUpAccess
 .text.HAL_PWREx_ConfigSupply
                0x0800c708       0x74 ./Drivers/STM32H7xx_HAL_Driver/Src/stm32h7xx_hal_pwr_ex.o
                0x0800c708                HAL_PWREx_ConfigSupply
 .text.HAL_RCC_OscConfig
                0x0800c77c      0x8b4 ./Drivers/STM32H7xx_HAL_Driver/Src/stm32h7xx_hal_rcc.o
                0x0800c77c                HAL_RCC_OscConfig
 .text.HAL_RCC_ClockConfig
                0x0800d030      0x36c ./Drivers/STM32H7xx_HAL_Driver/Src/stm32h7xx_hal_rcc.o
                0x0800d030                HAL_RCC_ClockConfig
 .text.HAL_RCC_GetSysClockFreq
                0x0800d39c      0x2f4 ./Drivers/STM32H7xx_HAL_Driver/Src/stm32h7xx_hal_rcc.o
                0x0800d39c                HAL_RCC_GetSysClockFreq
 .text.HAL_RCC_GetHCLKFreq
                0x0800d690       0x60 ./Drivers/STM32H7xx_HAL_Driver/Src/stm32h7xx_hal_rcc.o
                0x0800d690                HAL_RCC_GetHCLKFreq
 .text.HAL_RCC_GetPCLK1Freq
                0x0800d6f0       0x2c ./Drivers/STM32H7xx_HAL_Driver/Src/stm32h7xx_hal_rcc.o
                0x0800d6f0                HAL_RCC_GetPCLK1Freq
 .text.HAL_RCCEx_PeriphCLKConfig
                0x0800d71c     0x1414 ./Drivers/STM32H7xx_HAL_Driver/Src/stm32h7xx_hal_rcc_ex.o
                0x0800d71c                HAL_RCCEx_PeriphCLKConfig
 .text.HAL_RCCEx_GetPeriphCLKFreq
                0x0800eb30      0xb00 ./Drivers/STM32H7xx_HAL_Driver/Src/stm32h7xx_hal_rcc_ex.o
                0x0800eb30                HAL_RCCEx_GetPeriphCLKFreq
 .text.HAL_RCCEx_GetD3PCLK1Freq
                0x0800f630       0x2c ./Drivers/STM32H7xx_HAL_Driver/Src/stm32h7xx_hal_rcc_ex.o
                0x0800f630                HAL_RCCEx_GetD3PCLK1Freq
 .text.HAL_RCCEx_GetPLL2ClockFreq
                0x0800f65c      0x2a8 ./Drivers/STM32H7xx_HAL_Driver/Src/stm32h7xx_hal_rcc_ex.o
                0x0800f65c                HAL_RCCEx_GetPLL2ClockFreq
 .text.HAL_RCCEx_GetPLL3ClockFreq
                0x0800f904      0x2a8 ./Drivers/STM32H7xx_HAL_Driver/Src/stm32h7xx_hal_rcc_ex.o
                0x0800f904                HAL_RCCEx_GetPLL3ClockFreq
 .text.HAL_RCCEx_GetPLL1ClockFreq
                0x0800fbac      0x2a4 ./Drivers/STM32H7xx_HAL_Driver/Src/stm32h7xx_hal_rcc_ex.o
                0x0800fbac                HAL_RCCEx_GetPLL1ClockFreq
 .text.RCCEx_PLL2_Config
                0x0800fe50      0x164 ./Drivers/STM32H7xx_HAL_Driver/Src/stm32h7xx_hal_rcc_ex.o
 .text.RCCEx_PLL3_Config
                0x0800ffb4      0x164 ./Drivers/STM32H7xx_HAL_Driver/Src/stm32h7xx_hal_rcc_ex.o
 .text.HAL_RTC_Init
                0x08010118      0x104 ./Drivers/STM32H7xx_HAL_Driver/Src/stm32h7xx_hal_rtc.o
                0x08010118                HAL_RTC_Init
 .text.HAL_RTC_SetTime
                0x0801021c      0x13c ./Drivers/STM32H7xx_HAL_Driver/Src/stm32h7xx_hal_rtc.o
                0x0801021c                HAL_RTC_SetTime
 .text.HAL_RTC_GetTime
                0x08010358       0xb8 ./Drivers/STM32H7xx_HAL_Driver/Src/stm32h7xx_hal_rtc.o
                0x08010358                HAL_RTC_GetTime
 .text.HAL_RTC_SetDate
                0x08010410      0x110 ./Drivers/STM32H7xx_HAL_Driver/Src/stm32h7xx_hal_rtc.o
                0x08010410                HAL_RTC_SetDate
 .text.HAL_RTC_GetDate
                0x08010520       0x9c ./Drivers/STM32H7xx_HAL_Driver/Src/stm32h7xx_hal_rtc.o
                0x08010520                HAL_RTC_GetDate
 .text.HAL_RTC_WaitForSynchro
                0x080105bc       0x48 ./Drivers/STM32H7xx_HAL_Driver/Src/stm32h7xx_hal_rtc.o
                0x080105bc                HAL_RTC_WaitForSynchro
 .text.RTC_EnterInitMode
                0x08010604       0x66 ./Drivers/STM32H7xx_HAL_Driver/Src/stm32h7xx_hal_rtc.o
                0x08010604                RTC_EnterInitMode
 *fill*         0x0801066a        0x2 
 .text.RTC_ExitInitMode
                0x0801066c       0x7c ./Drivers/STM32H7xx_HAL_Driver/Src/stm32h7xx_hal_rtc.o
                0x0801066c                RTC_ExitInitMode
 .text.RTC_ByteToBcd2
                0x080106e8       0x40 ./Drivers/STM32H7xx_HAL_Driver/Src/stm32h7xx_hal_rtc.o
                0x080106e8                RTC_ByteToBcd2
 .text.RTC_Bcd2ToByte
                0x08010728       0x34 ./Drivers/STM32H7xx_HAL_Driver/Src/stm32h7xx_hal_rtc.o
                0x08010728                RTC_Bcd2ToByte
 .text.HAL_SD_Init
                0x0801075c      0x180 ./Drivers/STM32H7xx_HAL_Driver/Src/stm32h7xx_hal_sd.o
                0x0801075c                HAL_SD_Init
 .text.HAL_SD_InitCard
                0x080108dc      0x138 ./Drivers/STM32H7xx_HAL_Driver/Src/stm32h7xx_hal_sd.o
                0x080108dc                HAL_SD_InitCard
 .text.HAL_SD_ReadBlocks_DMA
                0x08010a14      0x150 ./Drivers/STM32H7xx_HAL_Driver/Src/stm32h7xx_hal_sd.o
                0x08010a14                HAL_SD_ReadBlocks_DMA
 .text.HAL_SD_WriteBlocks_DMA
                0x08010b64      0x150 ./Drivers/STM32H7xx_HAL_Driver/Src/stm32h7xx_hal_sd.o
                0x08010b64                HAL_SD_WriteBlocks_DMA
 .text.HAL_SD_IRQHandler
                0x08010cb4      0x39c ./Drivers/STM32H7xx_HAL_Driver/Src/stm32h7xx_hal_sd.o
                0x08010cb4                HAL_SD_IRQHandler
 .text.HAL_SD_ErrorCallback
                0x08011050       0x14 ./Drivers/STM32H7xx_HAL_Driver/Src/stm32h7xx_hal_sd.o
                0x08011050                HAL_SD_ErrorCallback
 .text.HAL_SD_GetCardCSD
                0x08011064      0x348 ./Drivers/STM32H7xx_HAL_Driver/Src/stm32h7xx_hal_sd.o
                0x08011064                HAL_SD_GetCardCSD
 .text.HAL_SD_GetCardStatus
                0x080113ac      0x17c ./Drivers/STM32H7xx_HAL_Driver/Src/stm32h7xx_hal_sd.o
                0x080113ac                HAL_SD_GetCardStatus
 .text.HAL_SD_GetCardInfo
                0x08011528       0x58 ./Drivers/STM32H7xx_HAL_Driver/Src/stm32h7xx_hal_sd.o
                0x08011528                HAL_SD_GetCardInfo
 .text.HAL_SD_ConfigWideBusOperation
                0x08011580      0x224 ./Drivers/STM32H7xx_HAL_Driver/Src/stm32h7xx_hal_sd.o
                0x08011580                HAL_SD_ConfigWideBusOperation
 .text.HAL_SD_GetCardState
                0x080117a4       0x40 ./Drivers/STM32H7xx_HAL_Driver/Src/stm32h7xx_hal_sd.o
                0x080117a4                HAL_SD_GetCardState
 .text.SD_InitCard
                0x080117e4      0x19c ./Drivers/STM32H7xx_HAL_Driver/Src/stm32h7xx_hal_sd.o
 .text.SD_PowerON
                0x08011980      0x11c ./Drivers/STM32H7xx_HAL_Driver/Src/stm32h7xx_hal_sd.o
 .text.SD_SendSDStatus
                0x08011a9c      0x1a0 ./Drivers/STM32H7xx_HAL_Driver/Src/stm32h7xx_hal_sd.o
 .text.SD_SendStatus
                0x08011c3c       0x50 ./Drivers/STM32H7xx_HAL_Driver/Src/stm32h7xx_hal_sd.o
 .text.SD_WideBus_Enable
                0x08011c8c       0x96 ./Drivers/STM32H7xx_HAL_Driver/Src/stm32h7xx_hal_sd.o
 .text.SD_WideBus_Disable
                0x08011d22       0x96 ./Drivers/STM32H7xx_HAL_Driver/Src/stm32h7xx_hal_sd.o
 .text.SD_FindSCR
                0x08011db8      0x1a0 ./Drivers/STM32H7xx_HAL_Driver/Src/stm32h7xx_hal_sd.o
 .text.SD_Read_IT
                0x08011f58       0x8c ./Drivers/STM32H7xx_HAL_Driver/Src/stm32h7xx_hal_sd.o
 .text.SD_Write_IT
                0x08011fe4       0x94 ./Drivers/STM32H7xx_HAL_Driver/Src/stm32h7xx_hal_sd.o
 .text.HAL_SDEx_Read_DMADoubleBuf0CpltCallback
                0x08012078       0x14 ./Drivers/STM32H7xx_HAL_Driver/Src/stm32h7xx_hal_sd.o
                0x08012078                HAL_SDEx_Read_DMADoubleBuf0CpltCallback
 .text.HAL_SDEx_Read_DMADoubleBuf1CpltCallback
                0x0801208c       0x14 ./Drivers/STM32H7xx_HAL_Driver/Src/stm32h7xx_hal_sd.o
                0x0801208c                HAL_SDEx_Read_DMADoubleBuf1CpltCallback
 .text.HAL_SDEx_Write_DMADoubleBuf0CpltCallback
                0x080120a0       0x14 ./Drivers/STM32H7xx_HAL_Driver/Src/stm32h7xx_hal_sd.o
                0x080120a0                HAL_SDEx_Write_DMADoubleBuf0CpltCallback
 .text.HAL_SDEx_Write_DMADoubleBuf1CpltCallback
                0x080120b4       0x14 ./Drivers/STM32H7xx_HAL_Driver/Src/stm32h7xx_hal_sd.o
                0x080120b4                HAL_SDEx_Write_DMADoubleBuf1CpltCallback
 .text.HAL_SDRAM_Init
                0x080120c8       0xac ./Drivers/STM32H7xx_HAL_Driver/Src/stm32h7xx_hal_sdram.o
                0x080120c8                HAL_SDRAM_Init
 .text.HAL_SDRAM_RefreshErrorCallback
                0x08012174       0x14 ./Drivers/STM32H7xx_HAL_Driver/Src/stm32h7xx_hal_sdram.o
                0x08012174                HAL_SDRAM_RefreshErrorCallback
 .text.HAL_SDRAM_DMA_XferCpltCallback
                0x08012188       0x14 ./Drivers/STM32H7xx_HAL_Driver/Src/stm32h7xx_hal_sdram.o
                0x08012188                HAL_SDRAM_DMA_XferCpltCallback
 .text.HAL_SDRAM_DMA_XferErrorCallback
                0x0801219c       0x14 ./Drivers/STM32H7xx_HAL_Driver/Src/stm32h7xx_hal_sdram.o
                0x0801219c                HAL_SDRAM_DMA_XferErrorCallback
 .text.HAL_SDRAM_SendCommand
                0x080121b0       0x6a ./Drivers/STM32H7xx_HAL_Driver/Src/stm32h7xx_hal_sdram.o
                0x080121b0                HAL_SDRAM_SendCommand
 .text.HAL_SDRAM_ProgramRefreshRate
                0x0801221a       0x50 ./Drivers/STM32H7xx_HAL_Driver/Src/stm32h7xx_hal_sdram.o
                0x0801221a                HAL_SDRAM_ProgramRefreshRate
 *fill*         0x0801226a        0x2 
 .text.HAL_TIM_Base_Init
                0x0801226c       0xc8 ./Drivers/STM32H7xx_HAL_Driver/Src/stm32h7xx_hal_tim.o
                0x0801226c                HAL_TIM_Base_Init
 .text.HAL_TIM_Base_Start
                0x08012334       0xe0 ./Drivers/STM32H7xx_HAL_Driver/Src/stm32h7xx_hal_tim.o
                0x08012334                HAL_TIM_Base_Start
 .text.HAL_TIM_Base_Stop
                0x08012414       0x4e ./Drivers/STM32H7xx_HAL_Driver/Src/stm32h7xx_hal_tim.o
                0x08012414                HAL_TIM_Base_Stop
 *fill*         0x08012462        0x2 
 .text.HAL_TIM_Base_Start_IT
                0x08012464       0xf0 ./Drivers/STM32H7xx_HAL_Driver/Src/stm32h7xx_hal_tim.o
                0x08012464                HAL_TIM_Base_Start_IT
 .text.HAL_TIM_PWM_Init
                0x08012554       0xc8 ./Drivers/STM32H7xx_HAL_Driver/Src/stm32h7xx_hal_tim.o
                0x08012554                HAL_TIM_PWM_Init
 .text.HAL_TIM_PWM_MspInit
                0x0801261c       0x14 ./Drivers/STM32H7xx_HAL_Driver/Src/stm32h7xx_hal_tim.o
                0x0801261c                HAL_TIM_PWM_MspInit
 .text.HAL_TIM_PWM_Start
                0x08012630      0x21c ./Drivers/STM32H7xx_HAL_Driver/Src/stm32h7xx_hal_tim.o
                0x08012630                HAL_TIM_PWM_Start
 .text.HAL_TIM_PWM_Stop
                0x0801284c      0x12c ./Drivers/STM32H7xx_HAL_Driver/Src/stm32h7xx_hal_tim.o
                0x0801284c                HAL_TIM_PWM_Stop
 .text.HAL_TIM_OnePulse_Init
                0x08012978       0xbc ./Drivers/STM32H7xx_HAL_Driver/Src/stm32h7xx_hal_tim.o
                0x08012978                HAL_TIM_OnePulse_Init
 .text.HAL_TIM_OnePulse_MspInit
                0x08012a34       0x14 ./Drivers/STM32H7xx_HAL_Driver/Src/stm32h7xx_hal_tim.o
                0x08012a34                HAL_TIM_OnePulse_MspInit
 .text.HAL_TIM_IRQHandler
                0x08012a48      0x252 ./Drivers/STM32H7xx_HAL_Driver/Src/stm32h7xx_hal_tim.o
                0x08012a48                HAL_TIM_IRQHandler
 *fill*         0x08012c9a        0x2 
 .text.HAL_TIM_PWM_ConfigChannel
                0x08012c9c      0x228 ./Drivers/STM32H7xx_HAL_Driver/Src/stm32h7xx_hal_tim.o
                0x08012c9c                HAL_TIM_PWM_ConfigChannel
 .text.HAL_TIM_ConfigClockSource
                0x08012ec4      0x1f0 ./Drivers/STM32H7xx_HAL_Driver/Src/stm32h7xx_hal_tim.o
                0x08012ec4                HAL_TIM_ConfigClockSource
 .text.HAL_TIM_SlaveConfigSynchro
                0x080130b4       0x84 ./Drivers/STM32H7xx_HAL_Driver/Src/stm32h7xx_hal_tim.o
                0x080130b4                HAL_TIM_SlaveConfigSynchro
 .text.HAL_TIM_PeriodElapsedHalfCpltCallback
                0x08013138       0x14 ./Drivers/STM32H7xx_HAL_Driver/Src/stm32h7xx_hal_tim.o
                0x08013138                HAL_TIM_PeriodElapsedHalfCpltCallback
 .text.HAL_TIM_OC_DelayElapsedCallback
                0x0801314c       0x14 ./Drivers/STM32H7xx_HAL_Driver/Src/stm32h7xx_hal_tim.o
                0x0801314c                HAL_TIM_OC_DelayElapsedCallback
 .text.HAL_TIM_IC_CaptureCallback
                0x08013160       0x14 ./Drivers/STM32H7xx_HAL_Driver/Src/stm32h7xx_hal_tim.o
                0x08013160                HAL_TIM_IC_CaptureCallback
 .text.HAL_TIM_IC_CaptureHalfCpltCallback
                0x08013174       0x14 ./Drivers/STM32H7xx_HAL_Driver/Src/stm32h7xx_hal_tim.o
                0x08013174                HAL_TIM_IC_CaptureHalfCpltCallback
 .text.HAL_TIM_PWM_PulseFinishedCallback
                0x08013188       0x14 ./Drivers/STM32H7xx_HAL_Driver/Src/stm32h7xx_hal_tim.o
                0x08013188                HAL_TIM_PWM_PulseFinishedCallback
 .text.HAL_TIM_PWM_PulseFinishedHalfCpltCallback
                0x0801319c       0x14 ./Drivers/STM32H7xx_HAL_Driver/Src/stm32h7xx_hal_tim.o
                0x0801319c                HAL_TIM_PWM_PulseFinishedHalfCpltCallback
 .text.HAL_TIM_TriggerHalfCpltCallback
                0x080131b0       0x14 ./Drivers/STM32H7xx_HAL_Driver/Src/stm32h7xx_hal_tim.o
                0x080131b0                HAL_TIM_TriggerHalfCpltCallback
 .text.HAL_TIM_ErrorCallback
                0x080131c4       0x14 ./Drivers/STM32H7xx_HAL_Driver/Src/stm32h7xx_hal_tim.o
                0x080131c4                HAL_TIM_ErrorCallback
 .text.TIM_Base_SetConfig
                0x080131d8      0x14c ./Drivers/STM32H7xx_HAL_Driver/Src/stm32h7xx_hal_tim.o
                0x080131d8                TIM_Base_SetConfig
 .text.TIM_OC1_SetConfig
                0x08013324      0x120 ./Drivers/STM32H7xx_HAL_Driver/Src/stm32h7xx_hal_tim.o
 .text.TIM_OC2_SetConfig
                0x08013444      0x114 ./Drivers/STM32H7xx_HAL_Driver/Src/stm32h7xx_hal_tim.o
                0x08013444                TIM_OC2_SetConfig
 .text.TIM_OC3_SetConfig
                0x08013558      0x110 ./Drivers/STM32H7xx_HAL_Driver/Src/stm32h7xx_hal_tim.o
 .text.TIM_OC4_SetConfig
                0x08013668       0xd4 ./Drivers/STM32H7xx_HAL_Driver/Src/stm32h7xx_hal_tim.o
 .text.TIM_OC5_SetConfig
                0x0801373c       0xc8 ./Drivers/STM32H7xx_HAL_Driver/Src/stm32h7xx_hal_tim.o
 .text.TIM_OC6_SetConfig
                0x08013804       0xcc ./Drivers/STM32H7xx_HAL_Driver/Src/stm32h7xx_hal_tim.o
 .text.TIM_SlaveTimer_SetConfig
                0x080138d0      0x1d4 ./Drivers/STM32H7xx_HAL_Driver/Src/stm32h7xx_hal_tim.o
 .text.TIM_TI1_ConfigInputStage
                0x08013aa4       0x5e ./Drivers/STM32H7xx_HAL_Driver/Src/stm32h7xx_hal_tim.o
 .text.TIM_TI2_ConfigInputStage
                0x08013b02       0x60 ./Drivers/STM32H7xx_HAL_Driver/Src/stm32h7xx_hal_tim.o
 *fill*         0x08013b62        0x2 
 .text.TIM_ITRx_SetConfig
                0x08013b64       0x3c ./Drivers/STM32H7xx_HAL_Driver/Src/stm32h7xx_hal_tim.o
 .text.TIM_ETR_SetConfig
                0x08013ba0       0x40 ./Drivers/STM32H7xx_HAL_Driver/Src/stm32h7xx_hal_tim.o
                0x08013ba0                TIM_ETR_SetConfig
 .text.TIM_CCxChannelCmd
                0x08013be0       0x4a ./Drivers/STM32H7xx_HAL_Driver/Src/stm32h7xx_hal_tim.o
                0x08013be0                TIM_CCxChannelCmd
 *fill*         0x08013c2a        0x2 
 .text.TIM_ResetCallback
                0x08013c2c       0xbc ./Drivers/STM32H7xx_HAL_Driver/Src/stm32h7xx_hal_tim.o
                0x08013c2c                TIM_ResetCallback
 .text.HAL_TIMEx_MasterConfigSynchronization
                0x08013ce8      0x11c ./Drivers/STM32H7xx_HAL_Driver/Src/stm32h7xx_hal_tim_ex.o
                0x08013ce8                HAL_TIMEx_MasterConfigSynchronization
 .text.HAL_TIMEx_ConfigBreakDeadTime
                0x08013e04       0xfc ./Drivers/STM32H7xx_HAL_Driver/Src/stm32h7xx_hal_tim_ex.o
                0x08013e04                HAL_TIMEx_ConfigBreakDeadTime
 .text.HAL_TIMEx_CommutCallback
                0x08013f00       0x14 ./Drivers/STM32H7xx_HAL_Driver/Src/stm32h7xx_hal_tim_ex.o
                0x08013f00                HAL_TIMEx_CommutCallback
 .text.HAL_TIMEx_CommutHalfCpltCallback
                0x08013f14       0x14 ./Drivers/STM32H7xx_HAL_Driver/Src/stm32h7xx_hal_tim_ex.o
                0x08013f14                HAL_TIMEx_CommutHalfCpltCallback
 .text.HAL_TIMEx_BreakCallback
                0x08013f28       0x14 ./Drivers/STM32H7xx_HAL_Driver/Src/stm32h7xx_hal_tim_ex.o
                0x08013f28                HAL_TIMEx_BreakCallback
 .text.HAL_TIMEx_Break2Callback
                0x08013f3c       0x14 ./Drivers/STM32H7xx_HAL_Driver/Src/stm32h7xx_hal_tim_ex.o
                0x08013f3c                HAL_TIMEx_Break2Callback
 .text.FMC_SDRAM_Init
                0x08013f50       0xb8 ./Drivers/STM32H7xx_HAL_Driver/Src/stm32h7xx_ll_fmc.o
                0x08013f50                FMC_SDRAM_Init
 .text.FMC_SDRAM_Timing_Init
                0x08014008       0xd4 ./Drivers/STM32H7xx_HAL_Driver/Src/stm32h7xx_ll_fmc.o
                0x08014008                FMC_SDRAM_Timing_Init
 .text.FMC_SDRAM_SendCommand
                0x080140dc       0x48 ./Drivers/STM32H7xx_HAL_Driver/Src/stm32h7xx_ll_fmc.o
                0x080140dc                FMC_SDRAM_SendCommand
 .text.FMC_SDRAM_ProgramRefreshRate
                0x08014124       0x30 ./Drivers/STM32H7xx_HAL_Driver/Src/stm32h7xx_ll_fmc.o
                0x08014124                FMC_SDRAM_ProgramRefreshRate
 .text.SDMMC_Init
                0x08014154       0x54 ./Drivers/STM32H7xx_HAL_Driver/Src/stm32h7xx_ll_sdmmc.o
                0x08014154                SDMMC_Init
 .text.SDMMC_ReadFIFO
                0x080141a8       0x1a ./Drivers/STM32H7xx_HAL_Driver/Src/stm32h7xx_ll_sdmmc.o
                0x080141a8                SDMMC_ReadFIFO
 .text.SDMMC_WriteFIFO
                0x080141c2       0x22 ./Drivers/STM32H7xx_HAL_Driver/Src/stm32h7xx_ll_sdmmc.o
                0x080141c2                SDMMC_WriteFIFO
 .text.SDMMC_PowerState_ON
                0x080141e4       0x22 ./Drivers/STM32H7xx_HAL_Driver/Src/stm32h7xx_ll_sdmmc.o
                0x080141e4                SDMMC_PowerState_ON
 .text.SDMMC_GetPowerState
                0x08014206       0x1c ./Drivers/STM32H7xx_HAL_Driver/Src/stm32h7xx_ll_sdmmc.o
                0x08014206                SDMMC_GetPowerState
 *fill*         0x08014222        0x2 
 .text.SDMMC_SendCommand
                0x08014224       0x54 ./Drivers/STM32H7xx_HAL_Driver/Src/stm32h7xx_ll_sdmmc.o
                0x08014224                SDMMC_SendCommand
 .text.SDMMC_GetCommandResponse
                0x08014278       0x1a ./Drivers/STM32H7xx_HAL_Driver/Src/stm32h7xx_ll_sdmmc.o
                0x08014278                SDMMC_GetCommandResponse
 .text.SDMMC_GetResponse
                0x08014292       0x26 ./Drivers/STM32H7xx_HAL_Driver/Src/stm32h7xx_ll_sdmmc.o
                0x08014292                SDMMC_GetResponse
 .text.SDMMC_ConfigData
                0x080142b8       0x58 ./Drivers/STM32H7xx_HAL_Driver/Src/stm32h7xx_ll_sdmmc.o
                0x080142b8                SDMMC_ConfigData
 .text.SDMMC_CmdBlockLength
                0x08014310       0x46 ./Drivers/STM32H7xx_HAL_Driver/Src/stm32h7xx_ll_sdmmc.o
                0x08014310                SDMMC_CmdBlockLength
 .text.SDMMC_CmdReadSingleBlock
                0x08014356       0x46 ./Drivers/STM32H7xx_HAL_Driver/Src/stm32h7xx_ll_sdmmc.o
                0x08014356                SDMMC_CmdReadSingleBlock
 .text.SDMMC_CmdReadMultiBlock
                0x0801439c       0x46 ./Drivers/STM32H7xx_HAL_Driver/Src/stm32h7xx_ll_sdmmc.o
                0x0801439c                SDMMC_CmdReadMultiBlock
 .text.SDMMC_CmdWriteSingleBlock
                0x080143e2       0x46 ./Drivers/STM32H7xx_HAL_Driver/Src/stm32h7xx_ll_sdmmc.o
                0x080143e2                SDMMC_CmdWriteSingleBlock
 .text.SDMMC_CmdWriteMultiBlock
                0x08014428       0x46 ./Drivers/STM32H7xx_HAL_Driver/Src/stm32h7xx_ll_sdmmc.o
                0x08014428                SDMMC_CmdWriteMultiBlock
 *fill*         0x0801446e        0x2 
 .text.SDMMC_CmdStopTransfer
                0x08014470       0x78 ./Drivers/STM32H7xx_HAL_Driver/Src/stm32h7xx_ll_sdmmc.o
                0x08014470                SDMMC_CmdStopTransfer
 .text.SDMMC_CmdSelDesel
                0x080144e8       0x46 ./Drivers/STM32H7xx_HAL_Driver/Src/stm32h7xx_ll_sdmmc.o
                0x080144e8                SDMMC_CmdSelDesel
 .text.SDMMC_CmdGoIdleState
                0x0801452e       0x3c ./Drivers/STM32H7xx_HAL_Driver/Src/stm32h7xx_ll_sdmmc.o
                0x0801452e                SDMMC_CmdGoIdleState
 .text.SDMMC_CmdOperCond
                0x0801456a       0x40 ./Drivers/STM32H7xx_HAL_Driver/Src/stm32h7xx_ll_sdmmc.o
                0x0801456a                SDMMC_CmdOperCond
 .text.SDMMC_CmdAppCommand
                0x080145aa       0x46 ./Drivers/STM32H7xx_HAL_Driver/Src/stm32h7xx_ll_sdmmc.o
                0x080145aa                SDMMC_CmdAppCommand
 .text.SDMMC_CmdAppOperCommand
                0x080145f0       0x40 ./Drivers/STM32H7xx_HAL_Driver/Src/stm32h7xx_ll_sdmmc.o
                0x080145f0                SDMMC_CmdAppOperCommand
 .text.SDMMC_CmdBusWidth
                0x08014630       0x46 ./Drivers/STM32H7xx_HAL_Driver/Src/stm32h7xx_ll_sdmmc.o
                0x08014630                SDMMC_CmdBusWidth
 .text.SDMMC_CmdSendSCR
                0x08014676       0x44 ./Drivers/STM32H7xx_HAL_Driver/Src/stm32h7xx_ll_sdmmc.o
                0x08014676                SDMMC_CmdSendSCR
 .text.SDMMC_CmdSendCID
                0x080146ba       0x3e ./Drivers/STM32H7xx_HAL_Driver/Src/stm32h7xx_ll_sdmmc.o
                0x080146ba                SDMMC_CmdSendCID
 .text.SDMMC_CmdSendCSD
                0x080146f8       0x40 ./Drivers/STM32H7xx_HAL_Driver/Src/stm32h7xx_ll_sdmmc.o
                0x080146f8                SDMMC_CmdSendCSD
 .text.SDMMC_CmdSetRelAdd
                0x08014738       0x44 ./Drivers/STM32H7xx_HAL_Driver/Src/stm32h7xx_ll_sdmmc.o
                0x08014738                SDMMC_CmdSetRelAdd
 .text.SDMMC_CmdSendStatus
                0x0801477c       0x46 ./Drivers/STM32H7xx_HAL_Driver/Src/stm32h7xx_ll_sdmmc.o
                0x0801477c                SDMMC_CmdSendStatus
 .text.SDMMC_CmdStatusRegister
                0x080147c2       0x44 ./Drivers/STM32H7xx_HAL_Driver/Src/stm32h7xx_ll_sdmmc.o
                0x080147c2                SDMMC_CmdStatusRegister
 *fill*         0x08014806        0x2 
 .text.SDMMC_GetCmdResp1
                0x08014808      0x1e4 ./Drivers/STM32H7xx_HAL_Driver/Src/stm32h7xx_ll_sdmmc.o
                0x08014808                SDMMC_GetCmdResp1
 .text.SDMMC_GetCmdResp2
                0x080149ec       0x94 ./Drivers/STM32H7xx_HAL_Driver/Src/stm32h7xx_ll_sdmmc.o
                0x080149ec                SDMMC_GetCmdResp2
 .text.SDMMC_GetCmdResp3
                0x08014a80       0x80 ./Drivers/STM32H7xx_HAL_Driver/Src/stm32h7xx_ll_sdmmc.o
                0x08014a80                SDMMC_GetCmdResp3
 .text.SDMMC_GetCmdResp6
                0x08014b00       0xf0 ./Drivers/STM32H7xx_HAL_Driver/Src/stm32h7xx_ll_sdmmc.o
                0x08014b00                SDMMC_GetCmdResp6
 .text.SDMMC_GetCmdResp7
                0x08014bf0       0x9c ./Drivers/STM32H7xx_HAL_Driver/Src/stm32h7xx_ll_sdmmc.o
                0x08014bf0                SDMMC_GetCmdResp7
 .text.SDMMC_GetCmdError
                0x08014c8c       0x5c ./Drivers/STM32H7xx_HAL_Driver/Src/stm32h7xx_ll_sdmmc.o
 .text.MX_FATFS_Init
                0x08014ce8       0x24 ./FATFS/App/fatfs.o
                0x08014ce8                MX_FATFS_Init
 .text.get_fattime
                0x08014d0c       0x10 ./FATFS/App/fatfs.o
                0x08014d0c                get_fattime
 .text.BSP_SD_Init
                0x08014d1c       0x4c ./FATFS/Target/bsp_driver_sd.o
                0x08014d1c                BSP_SD_Init
 .text.BSP_SD_ReadBlocks_DMA
                0x08014d68       0x34 ./FATFS/Target/bsp_driver_sd.o
                0x08014d68                BSP_SD_ReadBlocks_DMA
 .text.BSP_SD_WriteBlocks_DMA
                0x08014d9c       0x34 ./FATFS/Target/bsp_driver_sd.o
                0x08014d9c                BSP_SD_WriteBlocks_DMA
 .text.BSP_SD_GetCardState
                0x08014dd0       0x20 ./FATFS/Target/bsp_driver_sd.o
                0x08014dd0                BSP_SD_GetCardState
 .text.BSP_SD_GetCardInfo
                0x08014df0       0x1c ./FATFS/Target/bsp_driver_sd.o
                0x08014df0                BSP_SD_GetCardInfo
 .text.HAL_SD_AbortCallback
                0x08014e0c       0x14 ./FATFS/Target/bsp_driver_sd.o
                0x08014e0c                HAL_SD_AbortCallback
 .text.HAL_SD_TxCpltCallback
                0x08014e20       0x14 ./FATFS/Target/bsp_driver_sd.o
                0x08014e20                HAL_SD_TxCpltCallback
 .text.HAL_SD_RxCpltCallback
                0x08014e34       0x14 ./FATFS/Target/bsp_driver_sd.o
                0x08014e34                HAL_SD_RxCpltCallback
 .text.BSP_SD_AbortCallback
                0x08014e48        0xe ./FATFS/Target/bsp_driver_sd.o
                0x08014e48                BSP_SD_AbortCallback
 .text.BSP_SD_IsDetected
                0x08014e56       0x24 ./FATFS/Target/bsp_driver_sd.o
                0x08014e56                BSP_SD_IsDetected
 *fill*         0x08014e7a        0x2 
 .text.BSP_PlatformIsDetected
                0x08014e7c       0x2c ./FATFS/Target/fatfs_platform.o
                0x08014e7c                BSP_PlatformIsDetected
 .text.SD_CheckStatusWithTimeout
                0x08014ea8       0x3a ./FATFS/Target/sd_diskio.o
 *fill*         0x08014ee2        0x2 
 .text.SD_CheckStatus
                0x08014ee4       0x3c ./FATFS/Target/sd_diskio.o
 .text.SD_initialize
                0x08014f20       0x38 ./FATFS/Target/sd_diskio.o
                0x08014f20                SD_initialize
 .text.SD_status
                0x08014f58       0x1c ./FATFS/Target/sd_diskio.o
                0x08014f58                SD_status
 .text.SD_read  0x08014f74      0x150 ./FATFS/Target/sd_diskio.o
                0x08014f74                SD_read
 .text.SD_write
                0x080150c4      0x14c ./FATFS/Target/sd_diskio.o
                0x080150c4                SD_write
 .text.SD_ioctl
                0x08015210       0xb0 ./FATFS/Target/sd_diskio.o
                0x08015210                SD_ioctl
 .text.BSP_SD_WriteCpltCallback
                0x080152c0       0x18 ./FATFS/Target/sd_diskio.o
                0x080152c0                BSP_SD_WriteCpltCallback
 .text.BSP_SD_ReadCpltCallback
                0x080152d8       0x18 ./FATFS/Target/sd_diskio.o
                0x080152d8                BSP_SD_ReadCpltCallback
 .text.disk_status
                0x080152f0       0x34 ./Middlewares/Third_Party/FatFs/src/diskio.o
                0x080152f0                disk_status
 .text.disk_initialize
                0x08015324       0x50 ./Middlewares/Third_Party/FatFs/src/diskio.o
                0x08015324                disk_initialize
 .text.disk_read
                0x08015374       0x40 ./Middlewares/Third_Party/FatFs/src/diskio.o
                0x08015374                disk_read
 .text.disk_write
                0x080153b4       0x40 ./Middlewares/Third_Party/FatFs/src/diskio.o
                0x080153b4                disk_write
 .text.disk_ioctl
                0x080153f4       0x3c ./Middlewares/Third_Party/FatFs/src/diskio.o
                0x080153f4                disk_ioctl
 .text.ld_word  0x08015430       0x30 ./Middlewares/Third_Party/FatFs/src/ff.o
 .text.ld_dword
                0x08015460       0x46 ./Middlewares/Third_Party/FatFs/src/ff.o
 .text.ld_qword
                0x080154a6      0x1b6 ./Middlewares/Third_Party/FatFs/src/ff.o
 .text.st_word  0x0801565c       0x36 ./Middlewares/Third_Party/FatFs/src/ff.o
 .text.st_dword
                0x08015692       0x58 ./Middlewares/Third_Party/FatFs/src/ff.o
 .text.st_qword
                0x080156ea      0x110 ./Middlewares/Third_Party/FatFs/src/ff.o
 .text.mem_cpy  0x080157fa       0x42 ./Middlewares/Third_Party/FatFs/src/ff.o
 .text.mem_set  0x0801583c       0x36 ./Middlewares/Third_Party/FatFs/src/ff.o
 .text.mem_cmp  0x08015872       0x4e ./Middlewares/Third_Party/FatFs/src/ff.o
 .text.chk_chr  0x080158c0       0x36 ./Middlewares/Third_Party/FatFs/src/ff.o
 *fill*         0x080158f6        0x2 
 .text.chk_lock
                0x080158f8       0xb8 ./Middlewares/Third_Party/FatFs/src/ff.o
 .text.enq_lock
                0x080159b0       0x44 ./Middlewares/Third_Party/FatFs/src/ff.o
 .text.inc_lock
                0x080159f4      0x11c ./Middlewares/Third_Party/FatFs/src/ff.o
 .text.dec_lock
                0x08015b10       0x78 ./Middlewares/Third_Party/FatFs/src/ff.o
 .text.clear_lock
                0x08015b88       0x48 ./Middlewares/Third_Party/FatFs/src/ff.o
 .text.sync_window
                0x08015bd0       0x88 ./Middlewares/Third_Party/FatFs/src/ff.o
 .text.move_window
                0x08015c58       0x5a ./Middlewares/Third_Party/FatFs/src/ff.o
 *fill*         0x08015cb2        0x2 
 .text.sync_fs  0x08015cb4       0xdc ./Middlewares/Third_Party/FatFs/src/ff.o
 .text.clust2sect
                0x08015d90       0x3e ./Middlewares/Third_Party/FatFs/src/ff.o
 *fill*         0x08015dce        0x2 
 .text.get_fat  0x08015dd0      0x234 ./Middlewares/Third_Party/FatFs/src/ff.o
 .text.put_fat  0x08016004      0x1dc ./Middlewares/Third_Party/FatFs/src/ff.o
 .text.find_bitmap
                0x080161e0       0xf8 ./Middlewares/Third_Party/FatFs/src/ff.o
 .text.change_bitmap
                0x080162d8       0xd4 ./Middlewares/Third_Party/FatFs/src/ff.o
 .text.fill_first_frag
                0x080163ac       0x5e ./Middlewares/Third_Party/FatFs/src/ff.o
 .text.fill_last_frag
                0x0801640a       0x62 ./Middlewares/Third_Party/FatFs/src/ff.o
 .text.remove_chain
                0x0801646c      0x168 ./Middlewares/Third_Party/FatFs/src/ff.o
 .text.create_chain
                0x080165d4      0x202 ./Middlewares/Third_Party/FatFs/src/ff.o
 .text.clmt_clust
                0x080167d6       0x88 ./Middlewares/Third_Party/FatFs/src/ff.o
 .text.dir_sdi  0x0801685e      0x10c ./Middlewares/Third_Party/FatFs/src/ff.o
 .text.dir_next
                0x0801696a      0x1aa ./Middlewares/Third_Party/FatFs/src/ff.o
 .text.dir_alloc
                0x08016b14       0xb8 ./Middlewares/Third_Party/FatFs/src/ff.o
 .text.ld_clust
                0x08016bcc       0x3e ./Middlewares/Third_Party/FatFs/src/ff.o
 .text.st_clust
                0x08016c0a       0x40 ./Middlewares/Third_Party/FatFs/src/ff.o
 *fill*         0x08016c4a        0x2 
 .text.cmp_lfn  0x08016c4c       0xe0 ./Middlewares/Third_Party/FatFs/src/ff.o
 .text.pick_lfn
                0x08016d2c       0xc8 ./Middlewares/Third_Party/FatFs/src/ff.o
 .text.put_lfn  0x08016df4       0xd0 ./Middlewares/Third_Party/FatFs/src/ff.o
 .text.gen_numname
                0x08016ec4      0x11c ./Middlewares/Third_Party/FatFs/src/ff.o
 .text.sum_sfn  0x08016fe0       0x42 ./Middlewares/Third_Party/FatFs/src/ff.o
 .text.xdir_sum
                0x08017022       0x64 ./Middlewares/Third_Party/FatFs/src/ff.o
 .text.xname_sum
                0x08017086       0x68 ./Middlewares/Third_Party/FatFs/src/ff.o
 *fill*         0x080170ee        0x2 
 .text.load_xdir
                0x080170f0      0x17c ./Middlewares/Third_Party/FatFs/src/ff.o
 .text.load_obj_dir
                0x0801726c       0x6c ./Middlewares/Third_Party/FatFs/src/ff.o
 .text.store_xdir
                0x080172d8       0xb6 ./Middlewares/Third_Party/FatFs/src/ff.o
 .text.create_xdir
                0x0801738e       0xce ./Middlewares/Third_Party/FatFs/src/ff.o
 .text.dir_read
                0x0801745c      0x18e ./Middlewares/Third_Party/FatFs/src/ff.o
 .text.dir_find
                0x080175ea      0x254 ./Middlewares/Third_Party/FatFs/src/ff.o
 *fill*         0x0801783e        0x2 
 .text.dir_register
                0x08017840      0x34c ./Middlewares/Third_Party/FatFs/src/ff.o
 .text.create_name
                0x08017b8c      0x370 ./Middlewares/Third_Party/FatFs/src/ff.o
 .text.follow_path
                0x08017efc      0x152 ./Middlewares/Third_Party/FatFs/src/ff.o
 .text.get_ldnumber
                0x0801804e       0x88 ./Middlewares/Third_Party/FatFs/src/ff.o
 *fill*         0x080180d6        0x2 
 .text.check_fs
                0x080180d8       0xc8 ./Middlewares/Third_Party/FatFs/src/ff.o
 .text.find_volume
                0x080181a0      0x6b8 ./Middlewares/Third_Party/FatFs/src/ff.o
 .text.validate
                0x08018858       0x6a ./Middlewares/Third_Party/FatFs/src/ff.o
 *fill*         0x080188c2        0x2 
 .text.f_mount  0x080188c4       0x8c ./Middlewares/Third_Party/FatFs/src/ff.o
                0x080188c4                f_mount
 .text.f_open   0x08018950      0x57a ./Middlewares/Third_Party/FatFs/src/ff.o
                0x08018950                f_open
 .text.f_write  0x08018eca      0x368 ./Middlewares/Third_Party/FatFs/src/ff.o
                0x08018eca                f_write
 .text.f_sync   0x08019232      0x23c ./Middlewares/Third_Party/FatFs/src/ff.o
                0x08019232                f_sync
 .text.f_close  0x0801946e       0x54 ./Middlewares/Third_Party/FatFs/src/ff.o
                0x0801946e                f_close
 *fill*         0x080194c2        0x2 
 .text.FATFS_LinkDriverEx
                0x080194c4       0x98 ./Middlewares/Third_Party/FatFs/src/ff_gen_drv.o
                0x080194c4                FATFS_LinkDriverEx
 .text.FATFS_LinkDriver
                0x0801955c       0x1e ./Middlewares/Third_Party/FatFs/src/ff_gen_drv.o
                0x0801955c                FATFS_LinkDriver
 *fill*         0x0801957a        0x2 
 .text.ff_convert
                0x0801957c       0x78 ./Middlewares/Third_Party/FatFs/src/option/ccsbcs.o
                0x0801957c                ff_convert
 .text.ff_wtoupper
                0x080195f4      0x114 ./Middlewares/Third_Party/FatFs/src/option/ccsbcs.o
                0x080195f4                ff_wtoupper
 .text.std      0x08019708       0x6c J:/ST/STM32CubeIDE_1.14.1/STM32CubeIDE/plugins/com.st.stm32cube.ide.mcu.externaltools.gnu-tools-for-stm32.12.3.rel1.win32_1.0.100.202403111256/tools/bin/../lib/gcc/arm-none-eabi/12.3.1/../../../../arm-none-eabi/lib/thumb/v7e-m+dp/hard\libc_nano.a(libc_a-findfp.o)
 .text.stdio_exit_handler
                0x08019774       0x18 J:/ST/STM32CubeIDE_1.14.1/STM32CubeIDE/plugins/com.st.stm32cube.ide.mcu.externaltools.gnu-tools-for-stm32.12.3.rel1.win32_1.0.100.202403111256/tools/bin/../lib/gcc/arm-none-eabi/12.3.1/../../../../arm-none-eabi/lib/thumb/v7e-m+dp/hard\libc_nano.a(libc_a-findfp.o)
 .text.cleanup_stdio
                0x0801978c       0x40 J:/ST/STM32CubeIDE_1.14.1/STM32CubeIDE/plugins/com.st.stm32cube.ide.mcu.externaltools.gnu-tools-for-stm32.12.3.rel1.win32_1.0.100.202403111256/tools/bin/../lib/gcc/arm-none-eabi/12.3.1/../../../../arm-none-eabi/lib/thumb/v7e-m+dp/hard\libc_nano.a(libc_a-findfp.o)
 .text.global_stdio_init.part.0
                0x080197cc       0x3c J:/ST/STM32CubeIDE_1.14.1/STM32CubeIDE/plugins/com.st.stm32cube.ide.mcu.externaltools.gnu-tools-for-stm32.12.3.rel1.win32_1.0.100.202403111256/tools/bin/../lib/gcc/arm-none-eabi/12.3.1/../../../../arm-none-eabi/lib/thumb/v7e-m+dp/hard\libc_nano.a(libc_a-findfp.o)
 .text.__sfp_lock_acquire
                0x08019808        0xc J:/ST/STM32CubeIDE_1.14.1/STM32CubeIDE/plugins/com.st.stm32cube.ide.mcu.externaltools.gnu-tools-for-stm32.12.3.rel1.win32_1.0.100.202403111256/tools/bin/../lib/gcc/arm-none-eabi/12.3.1/../../../../arm-none-eabi/lib/thumb/v7e-m+dp/hard\libc_nano.a(libc_a-findfp.o)
                0x08019808                __sfp_lock_acquire
 .text.__sfp_lock_release
                0x08019814        0xc J:/ST/STM32CubeIDE_1.14.1/STM32CubeIDE/plugins/com.st.stm32cube.ide.mcu.externaltools.gnu-tools-for-stm32.12.3.rel1.win32_1.0.100.202403111256/tools/bin/../lib/gcc/arm-none-eabi/12.3.1/../../../../arm-none-eabi/lib/thumb/v7e-m+dp/hard\libc_nano.a(libc_a-findfp.o)
                0x08019814                __sfp_lock_release
 .text.__sinit  0x08019820       0x30 J:/ST/STM32CubeIDE_1.14.1/STM32CubeIDE/plugins/com.st.stm32cube.ide.mcu.externaltools.gnu-tools-for-stm32.12.3.rel1.win32_1.0.100.202403111256/tools/bin/../lib/gcc/arm-none-eabi/12.3.1/../../../../arm-none-eabi/lib/thumb/v7e-m+dp/hard\libc_nano.a(libc_a-findfp.o)
                0x08019820                __sinit
 .text._fwalk_sglue
                0x08019850       0x3c J:/ST/STM32CubeIDE_1.14.1/STM32CubeIDE/plugins/com.st.stm32cube.ide.mcu.externaltools.gnu-tools-for-stm32.12.3.rel1.win32_1.0.100.202403111256/tools/bin/../lib/gcc/arm-none-eabi/12.3.1/../../../../arm-none-eabi/lib/thumb/v7e-m+dp/hard\libc_nano.a(libc_a-fwalk.o)
                0x08019850                _fwalk_sglue
 .text.printf   0x0801988c       0x24 J:/ST/STM32CubeIDE_1.14.1/STM32CubeIDE/plugins/com.st.stm32cube.ide.mcu.externaltools.gnu-tools-for-stm32.12.3.rel1.win32_1.0.100.202403111256/tools/bin/../lib/gcc/arm-none-eabi/12.3.1/../../../../arm-none-eabi/lib/thumb/v7e-m+dp/hard\libc_nano.a(libc_a-printf.o)
                0x0801988c                iprintf
                0x0801988c                printf
 .text.sprintf  0x080198b0       0x40 J:/ST/STM32CubeIDE_1.14.1/STM32CubeIDE/plugins/com.st.stm32cube.ide.mcu.externaltools.gnu-tools-for-stm32.12.3.rel1.win32_1.0.100.202403111256/tools/bin/../lib/gcc/arm-none-eabi/12.3.1/../../../../arm-none-eabi/lib/thumb/v7e-m+dp/hard\libc_nano.a(libc_a-sprintf.o)
                0x080198b0                siprintf
                0x080198b0                sprintf
 .text.__sread  0x080198f0       0x22 J:/ST/STM32CubeIDE_1.14.1/STM32CubeIDE/plugins/com.st.stm32cube.ide.mcu.externaltools.gnu-tools-for-stm32.12.3.rel1.win32_1.0.100.202403111256/tools/bin/../lib/gcc/arm-none-eabi/12.3.1/../../../../arm-none-eabi/lib/thumb/v7e-m+dp/hard\libc_nano.a(libc_a-stdio.o)
                0x080198f0                __sread
 .text.__swrite
                0x08019912       0x38 J:/ST/STM32CubeIDE_1.14.1/STM32CubeIDE/plugins/com.st.stm32cube.ide.mcu.externaltools.gnu-tools-for-stm32.12.3.rel1.win32_1.0.100.202403111256/tools/bin/../lib/gcc/arm-none-eabi/12.3.1/../../../../arm-none-eabi/lib/thumb/v7e-m+dp/hard\libc_nano.a(libc_a-stdio.o)
                0x08019912                __swrite
 .text.__sseek  0x0801994a       0x24 J:/ST/STM32CubeIDE_1.14.1/STM32CubeIDE/plugins/com.st.stm32cube.ide.mcu.externaltools.gnu-tools-for-stm32.12.3.rel1.win32_1.0.100.202403111256/tools/bin/../lib/gcc/arm-none-eabi/12.3.1/../../../../arm-none-eabi/lib/thumb/v7e-m+dp/hard\libc_nano.a(libc_a-stdio.o)
                0x0801994a                __sseek
 .text.__sclose
                0x0801996e        0x8 J:/ST/STM32CubeIDE_1.14.1/STM32CubeIDE/plugins/com.st.stm32cube.ide.mcu.externaltools.gnu-tools-for-stm32.12.3.rel1.win32_1.0.100.202403111256/tools/bin/../lib/gcc/arm-none-eabi/12.3.1/../../../../arm-none-eabi/lib/thumb/v7e-m+dp/hard\libc_nano.a(libc_a-stdio.o)
                0x0801996e                __sclose
 .text.memset   0x08019976       0x10 J:/ST/STM32CubeIDE_1.14.1/STM32CubeIDE/plugins/com.st.stm32cube.ide.mcu.externaltools.gnu-tools-for-stm32.12.3.rel1.win32_1.0.100.202403111256/tools/bin/../lib/gcc/arm-none-eabi/12.3.1/../../../../arm-none-eabi/lib/thumb/v7e-m+dp/hard\libc_nano.a(libc_a-memset.o)
                0x08019976                memset
 *fill*         0x08019986        0x2 
 .text._close_r
                0x08019988       0x20 J:/ST/STM32CubeIDE_1.14.1/STM32CubeIDE/plugins/com.st.stm32cube.ide.mcu.externaltools.gnu-tools-for-stm32.12.3.rel1.win32_1.0.100.202403111256/tools/bin/../lib/gcc/arm-none-eabi/12.3.1/../../../../arm-none-eabi/lib/thumb/v7e-m+dp/hard\libc_nano.a(libc_a-closer.o)
                0x08019988                _close_r
 .text._lseek_r
                0x080199a8       0x24 J:/ST/STM32CubeIDE_1.14.1/STM32CubeIDE/plugins/com.st.stm32cube.ide.mcu.externaltools.gnu-tools-for-stm32.12.3.rel1.win32_1.0.100.202403111256/tools/bin/../lib/gcc/arm-none-eabi/12.3.1/../../../../arm-none-eabi/lib/thumb/v7e-m+dp/hard\libc_nano.a(libc_a-lseekr.o)
                0x080199a8                _lseek_r
 .text._read_r  0x080199cc       0x24 J:/ST/STM32CubeIDE_1.14.1/STM32CubeIDE/plugins/com.st.stm32cube.ide.mcu.externaltools.gnu-tools-for-stm32.12.3.rel1.win32_1.0.100.202403111256/tools/bin/../lib/gcc/arm-none-eabi/12.3.1/../../../../arm-none-eabi/lib/thumb/v7e-m+dp/hard\libc_nano.a(libc_a-readr.o)
                0x080199cc                _read_r
 .text._write_r
                0x080199f0       0x24 J:/ST/STM32CubeIDE_1.14.1/STM32CubeIDE/plugins/com.st.stm32cube.ide.mcu.externaltools.gnu-tools-for-stm32.12.3.rel1.win32_1.0.100.202403111256/tools/bin/../lib/gcc/arm-none-eabi/12.3.1/../../../../arm-none-eabi/lib/thumb/v7e-m+dp/hard\libc_nano.a(libc_a-writer.o)
                0x080199f0                _write_r
 .text.__errno  0x08019a14        0xc J:/ST/STM32CubeIDE_1.14.1/STM32CubeIDE/plugins/com.st.stm32cube.ide.mcu.externaltools.gnu-tools-for-stm32.12.3.rel1.win32_1.0.100.202403111256/tools/bin/../lib/gcc/arm-none-eabi/12.3.1/../../../../arm-none-eabi/lib/thumb/v7e-m+dp/hard\libc_nano.a(libc_a-errno.o)
                0x08019a14                __errno
 .text.__libc_init_array
                0x08019a20       0x48 J:/ST/STM32CubeIDE_1.14.1/STM32CubeIDE/plugins/com.st.stm32cube.ide.mcu.externaltools.gnu-tools-for-stm32.12.3.rel1.win32_1.0.100.202403111256/tools/bin/../lib/gcc/arm-none-eabi/12.3.1/../../../../arm-none-eabi/lib/thumb/v7e-m+dp/hard\libc_nano.a(libc_a-init.o)
                0x08019a20                __libc_init_array
 .text.__retarget_lock_init_recursive
                0x08019a68        0x2 J:/ST/STM32CubeIDE_1.14.1/STM32CubeIDE/plugins/com.st.stm32cube.ide.mcu.externaltools.gnu-tools-for-stm32.12.3.rel1.win32_1.0.100.202403111256/tools/bin/../lib/gcc/arm-none-eabi/12.3.1/../../../../arm-none-eabi/lib/thumb/v7e-m+dp/hard\libc_nano.a(libc_a-lock.o)
                0x08019a68                __retarget_lock_init_recursive
 .text.__retarget_lock_acquire_recursive
                0x08019a6a        0x2 J:/ST/STM32CubeIDE_1.14.1/STM32CubeIDE/plugins/com.st.stm32cube.ide.mcu.externaltools.gnu-tools-for-stm32.12.3.rel1.win32_1.0.100.202403111256/tools/bin/../lib/gcc/arm-none-eabi/12.3.1/../../../../arm-none-eabi/lib/thumb/v7e-m+dp/hard\libc_nano.a(libc_a-lock.o)
                0x08019a6a                __retarget_lock_acquire_recursive
 .text.__retarget_lock_release_recursive
                0x08019a6c        0x2 J:/ST/STM32CubeIDE_1.14.1/STM32CubeIDE/plugins/com.st.stm32cube.ide.mcu.externaltools.gnu-tools-for-stm32.12.3.rel1.win32_1.0.100.202403111256/tools/bin/../lib/gcc/arm-none-eabi/12.3.1/../../../../arm-none-eabi/lib/thumb/v7e-m+dp/hard\libc_nano.a(libc_a-lock.o)
                0x08019a6c                __retarget_lock_release_recursive
 .text.memcpy   0x08019a6e       0x1c J:/ST/STM32CubeIDE_1.14.1/STM32CubeIDE/plugins/com.st.stm32cube.ide.mcu.externaltools.gnu-tools-for-stm32.12.3.rel1.win32_1.0.100.202403111256/tools/bin/../lib/gcc/arm-none-eabi/12.3.1/../../../../arm-none-eabi/lib/thumb/v7e-m+dp/hard\libc_nano.a(libc_a-memcpy-stub.o)
                0x08019a6e                memcpy
 *fill*         0x08019a8a        0x2 
 .text._free_r  0x08019a8c       0x94 J:/ST/STM32CubeIDE_1.14.1/STM32CubeIDE/plugins/com.st.stm32cube.ide.mcu.externaltools.gnu-tools-for-stm32.12.3.rel1.win32_1.0.100.202403111256/tools/bin/../lib/gcc/arm-none-eabi/12.3.1/../../../../arm-none-eabi/lib/thumb/v7e-m+dp/hard\libc_nano.a(libc_a-freer.o)
                0x08019a8c                _free_r
 .text.sbrk_aligned
                0x08019b20       0x44 J:/ST/STM32CubeIDE_1.14.1/STM32CubeIDE/plugins/com.st.stm32cube.ide.mcu.externaltools.gnu-tools-for-stm32.12.3.rel1.win32_1.0.100.202403111256/tools/bin/../lib/gcc/arm-none-eabi/12.3.1/../../../../arm-none-eabi/lib/thumb/v7e-m+dp/hard\libc_nano.a(libc_a-mallocr.o)
 .text._malloc_r