Archive member included to satisfy reference by file (symbol)

J:/ST/STM32CubeIDE_1.14.1/STM32CubeIDE/plugins/com.st.stm32cube.ide.mcu.externaltools.gnu-tools-for-stm32.12.3.rel1.win32_1.0.200.202406191623/tools/bin/../lib/gcc/arm-none-eabi/12.3.1/../../../../arm-none-eabi/lib/thumb/v7e-m+dp/hard\libc_nano.a(libc_a-exit.o)
                              J:/ST/STM32CubeIDE_1.14.1/STM32CubeIDE/plugins/com.st.stm32cube.ide.mcu.externaltools.gnu-tools-for-stm32.12.3.rel1.win32_1.0.200.202406191623/tools/bin/../lib/gcc/arm-none-eabi/12.3.1/../../../../arm-none-eabi/lib/thumb/v7e-m+dp/hard/crt0.o (exit)
J:/ST/STM32CubeIDE_1.14.1/STM32CubeIDE/plugins/com.st.stm32cube.ide.mcu.externaltools.gnu-tools-for-stm32.12.3.rel1.win32_1.0.200.202406191623/tools/bin/../lib/gcc/arm-none-eabi/12.3.1/../../../../arm-none-eabi/lib/thumb/v7e-m+dp/hard\libc_nano.a(libc_a-findfp.o)
                              J:/ST/STM32CubeIDE_1.14.1/STM32CubeIDE/plugins/com.st.stm32cube.ide.mcu.externaltools.gnu-tools-for-stm32.12.3.rel1.win32_1.0.200.202406191623/tools/bin/../lib/gcc/arm-none-eabi/12.3.1/../../../../arm-none-eabi/lib/thumb/v7e-m+dp/hard\libc_nano.a(libc_a-exit.o) (__stdio_exit_handler)
J:/ST/STM32CubeIDE_1.14.1/STM32CubeIDE/plugins/com.st.stm32cube.ide.mcu.externaltools.gnu-tools-for-stm32.12.3.rel1.win32_1.0.200.202406191623/tools/bin/../lib/gcc/arm-none-eabi/12.3.1/../../../../arm-none-eabi/lib/thumb/v7e-m+dp/hard\libc_nano.a(libc_a-fwalk.o)
                              J:/ST/STM32CubeIDE_1.14.1/STM32CubeIDE/plugins/com.st.stm32cube.ide.mcu.externaltools.gnu-tools-for-stm32.12.3.rel1.win32_1.0.200.202406191623/tools/bin/../lib/gcc/arm-none-eabi/12.3.1/../../../../arm-none-eabi/lib/thumb/v7e-m+dp/hard\libc_nano.a(libc_a-findfp.o) (_fwalk_sglue)
J:/ST/STM32CubeIDE_1.14.1/STM32CubeIDE/plugins/com.st.stm32cube.ide.mcu.externaltools.gnu-tools-for-stm32.12.3.rel1.win32_1.0.200.202406191623/tools/bin/../lib/gcc/arm-none-eabi/12.3.1/../../../../arm-none-eabi/lib/thumb/v7e-m+dp/hard\libc_nano.a(libc_a-printf.o)
                              ./Core/Src/main.o (printf)
J:/ST/STM32CubeIDE_1.14.1/STM32CubeIDE/plugins/com.st.stm32cube.ide.mcu.externaltools.gnu-tools-for-stm32.12.3.rel1.win32_1.0.200.202406191623/tools/bin/../lib/gcc/arm-none-eabi/12.3.1/../../../../arm-none-eabi/lib/thumb/v7e-m+dp/hard\libc_nano.a(libc_a-sprintf.o)
                              ./Core/Src/main.o (sprintf)
J:/ST/STM32CubeIDE_1.14.1/STM32CubeIDE/plugins/com.st.stm32cube.ide.mcu.externaltools.gnu-tools-for-stm32.12.3.rel1.win32_1.0.200.202406191623/tools/bin/../lib/gcc/arm-none-eabi/12.3.1/../../../../arm-none-eabi/lib/thumb/v7e-m+dp/hard\libc_nano.a(libc_a-stdio.o)
                              J:/ST/STM32CubeIDE_1.14.1/STM32CubeIDE/plugins/com.st.stm32cube.ide.mcu.externaltools.gnu-tools-for-stm32.12.3.rel1.win32_1.0.200.202406191623/tools/bin/../lib/gcc/arm-none-eabi/12.3.1/../../../../arm-none-eabi/lib/thumb/v7e-m+dp/hard\libc_nano.a(libc_a-findfp.o) (__sread)
J:/ST/STM32CubeIDE_1.14.1/STM32CubeIDE/plugins/com.st.stm32cube.ide.mcu.externaltools.gnu-tools-for-stm32.12.3.rel1.win32_1.0.200.202406191623/tools/bin/../lib/gcc/arm-none-eabi/12.3.1/../../../../arm-none-eabi/lib/thumb/v7e-m+dp/hard\libc_nano.a(libc_a-memset.o)
                              J:/ST/STM32CubeIDE_1.14.1/STM32CubeIDE/plugins/com.st.stm32cube.ide.mcu.externaltools.gnu-tools-for-stm32.12.3.rel1.win32_1.0.200.202406191623/tools/bin/../lib/gcc/arm-none-eabi/12.3.1/../../../../arm-none-eabi/lib/thumb/v7e-m+dp/hard/crt0.o (memset)
J:/ST/STM32CubeIDE_1.14.1/STM32CubeIDE/plugins/com.st.stm32cube.ide.mcu.externaltools.gnu-tools-for-stm32.12.3.rel1.win32_1.0.200.202406191623/tools/bin/../lib/gcc/arm-none-eabi/12.3.1/../../../../arm-none-eabi/lib/thumb/v7e-m+dp/hard\libc_nano.a(libc_a-closer.o)
                              J:/ST/STM32CubeIDE_1.14.1/STM32CubeIDE/plugins/com.st.stm32cube.ide.mcu.externaltools.gnu-tools-for-stm32.12.3.rel1.win32_1.0.200.202406191623/tools/bin/../lib/gcc/arm-none-eabi/12.3.1/../../../../arm-none-eabi/lib/thumb/v7e-m+dp/hard\libc_nano.a(libc_a-stdio.o) (_close_r)
J:/ST/STM32CubeIDE_1.14.1/STM32CubeIDE/plugins/com.st.stm32cube.ide.mcu.externaltools.gnu-tools-for-stm32.12.3.rel1.win32_1.0.200.202406191623/tools/bin/../lib/gcc/arm-none-eabi/12.3.1/../../../../arm-none-eabi/lib/thumb/v7e-m+dp/hard\libc_nano.a(libc_a-reent.o)
                              J:/ST/STM32CubeIDE_1.14.1/STM32CubeIDE/plugins/com.st.stm32cube.ide.mcu.externaltools.gnu-tools-for-stm32.12.3.rel1.win32_1.0.200.202406191623/tools/bin/../lib/gcc/arm-none-eabi/12.3.1/../../../../arm-none-eabi/lib/thumb/v7e-m+dp/hard\libc_nano.a(libc_a-closer.o) (errno)
J:/ST/STM32CubeIDE_1.14.1/STM32CubeIDE/plugins/com.st.stm32cube.ide.mcu.externaltools.gnu-tools-for-stm32.12.3.rel1.win32_1.0.200.202406191623/tools/bin/../lib/gcc/arm-none-eabi/12.3.1/../../../../arm-none-eabi/lib/thumb/v7e-m+dp/hard\libc_nano.a(libc_a-impure.o)
[...]
Memory Configuration

Name             Origin             Length             Attributes
FLASH            0x08000000         0x00020000         xr
DTCMRAM          0x20000000         0x00020000         xrw
RAM_D1           0x24000000         0x00080000         xrw
RAM_D2           0x30000000         0x00048000         xrw
RAM_D3           0x38000000         0x00010000         xrw
ITCMRAM          0x00000000         0x00010000         xrw
SDRAM            0xc0000000         0x02000000         xrw
*default*        0x00000000         0xffffffff

Linker script and memory map

LOAD J:/ST/STM32CubeIDE_1.14.1/STM32CubeIDE/plugins/com.st.stm32cube.ide.mcu.externaltools.gnu-tools-for-stm32.12.3.rel1.win32_1.0.200.202406191623/tools/bin/../lib/gcc/arm-none-eabi/12.3.1/thumb/v7e-m+dp/hard/crti.o
LOAD J:/ST/STM32CubeIDE_1.14.1/STM32CubeIDE/plugins/com.st.stm32cube.ide.mcu.externaltools.gnu-tools-for-stm32.12.3.rel1.win32_1.0.200.202406191623/tools/bin/../lib/gcc/arm-none-eabi/12.3.1/thumb/v7e-m+dp/hard/crtbegin.o
LOAD J:/ST/STM32CubeIDE_1.14.1/STM32CubeIDE/plugins/com.st.stm32cube.ide.mcu.externaltools.gnu-tools-for-stm32.12.3.rel1.win32_1.0.200.202406191623/tools/bin/../lib/gcc/arm-none-eabi/12.3.1/../../../../arm-none-eabi/lib/thumb/v7e-m+dp/hard/crt0.o
LOAD ./Core/Src/adc.o
LOAD ./Core/Src/bdma.o
LOAD ./Core/Src/dma.o
LOAD ./Core/Src/fmc.o
LOAD ./Core/Src/fonts.o
LOAD ./Core/Src/gpio.o
LOAD ./Core/Src/i2c.o
LOAD ./Core/Src/i2cscanner.o
LOAD ./Core/Src/main.o
LOAD ./Core/Src/mdma.o
LOAD ./Core/Src/memtest.o
LOAD ./Core/Src/rtc.o
LOAD ./Core/Src/sdmmc.o
LOAD ./Core/Src/ssd1306.o
LOAD ./Core/Src/stm32h7xx_hal_msp.o
LOAD ./Core/Src/stm32h7xx_it.o
LOAD ./Core/Src/syscalls.o
LOAD ./Core/Src/sysmem.o
LOAD ./Core/Src/system_stm32h7xx.o
LOAD ./Core/Src/tim.o
LOAD ./Core/Startup/startup_stm32h750xbhx.o
LOAD ./Drivers/STM32H7xx_HAL_Driver/Src/stm32h7xx_hal.o
LOAD ./Drivers/STM32H7xx_HAL_Driver/Src/stm32h7xx_hal_adc.o
LOAD ./Drivers/STM32H7xx_HAL_Driver/Src/stm32h7xx_hal_adc_ex.o
LOAD ./Drivers/STM32H7xx_HAL_Driver/Src/stm32h7xx_hal_cortex.o
LOAD ./Drivers/STM32H7xx_HAL_Driver/Src/stm32h7xx_hal_dma.o
LOAD ./Drivers/STM32H7xx_HAL_Driver/Src/stm32h7xx_hal_dma_ex.o
LOAD ./Drivers/STM32H7xx_HAL_Driver/Src/stm32h7xx_hal_exti.o
LOAD ./Drivers/STM32H7xx_HAL_Driver/Src/stm32h7xx_hal_flash.o
LOAD ./Drivers/STM32H7xx_HAL_Driver/Src/stm32h7xx_hal_flash_ex.o
LOAD ./Drivers/STM32H7xx_HAL_Driver/Src/stm32h7xx_hal_gpio.o
LOAD ./Drivers/STM32H7xx_HAL_Driver/Src/stm32h7xx_hal_hsem.o
LOAD ./Drivers/STM32H7xx_HAL_Driver/Src/stm32h7xx_hal_i2c.o
LOAD ./Drivers/STM32H7xx_HAL_Driver/Src/stm32h7xx_hal_i2c_ex.o
LOAD ./Drivers/STM32H7xx_HAL_Driver/Src/stm32h7xx_hal_mdma.o
LOAD ./Drivers/STM32H7xx_HAL_Driver/Src/stm32h7xx_hal_pwr.o
LOAD ./Drivers/STM32H7xx_HAL_Driver/Src/stm32h7xx_hal_pwr_ex.o
LOAD ./Drivers/STM32H7xx_HAL_Driver/Src/stm32h7xx_hal_rcc.o
LOAD ./Drivers/STM32H7xx_HAL_Driver/Src/stm32h7xx_hal_rcc_ex.o
LOAD ./Drivers/STM32H7xx_HAL_Driver/Src/stm32h7xx_hal_rtc.o
LOAD ./Drivers/STM32H7xx_HAL_Driver/Src/stm32h7xx_hal_rtc_ex.o
LOAD ./Drivers/STM32H7xx_HAL_Driver/Src/stm32h7xx_hal_sd.o
LOAD ./Drivers/STM32H7xx_HAL_Driver/Src/stm32h7xx_hal_sd_ex.o
LOAD ./Drivers/STM32H7xx_HAL_Driver/Src/stm32h7xx_hal_sdram.o
LOAD ./Drivers/STM32H7xx_HAL_Driver/Src/stm32h7xx_hal_tim.o
LOAD ./Drivers/STM32H7xx_HAL_Driver/Src/stm32h7xx_hal_tim_ex.o
LOAD ./Drivers/STM32H7xx_HAL_Driver/Src/stm32h7xx_ll_delayblock.o
LOAD ./Drivers/STM32H7xx_HAL_Driver/Src/stm32h7xx_ll_fmc.o
LOAD ./Drivers/STM32H7xx_HAL_Driver/Src/stm32h7xx_ll_sdmmc.o
LOAD ./FATFS/App/fatfs.o
LOAD ./FATFS/Target/bsp_driver_sd.o
LOAD ./FATFS/Target/fatfs_platform.o
LOAD ./FATFS/Target/sd_diskio.o
LOAD ./Middlewares/Third_Party/FatFs/src/diskio.o
LOAD ./Middlewares/Third_Party/FatFs/src/ff.o
LOAD ./Middlewares/Third_Party/FatFs/src/ff_gen_drv.o
LOAD ./Middlewares/Third_Party/FatFs/src/option/ccsbcs.o
LOAD ./Middlewares/Third_Party/FatFs/src/option/syscall.o
START GROUP
LOAD J:/ST/STM32CubeIDE_1.14.1/STM32CubeIDE/plugins/com.st.stm32cube.ide.mcu.externaltools.gnu-tools-for-stm32.12.3.rel1.win32_1.0.200.202406191623/tools/bin/../lib/gcc/arm-none-eabi/12.3.1/../../../../arm-none-eabi/lib/thumb/v7e-m+dp/hard\libc_nano.a
LOAD J:/ST/STM32CubeIDE_1.14.1/STM32CubeIDE/plugins/com.st.stm32cube.ide.mcu.externaltools.gnu-tools-for-stm32.12.3.rel1.win32_1.0.200.202406191623/tools/bin/../lib/gcc/arm-none-eabi/12.3.1/../../../../arm-none-eabi/lib/thumb/v7e-m+dp/hard\libm.a
END GROUP
START GROUP
LOAD J:/ST/STM32CubeIDE_1.14.1/STM32CubeIDE/plugins/com.st.stm32cube.ide.mcu.externaltools.gnu-tools-for-stm32.12.3.rel1.win32_1.0.200.202406191623/tools/bin/../lib/gcc/arm-none-eabi/12.3.1/thumb/v7e-m+dp/hard\libgcc.a
LOAD J:/ST/STM32CubeIDE_1.14.1/STM32CubeIDE/plugins/com.st.stm32cube.ide.mcu.externaltools.gnu-tools-for-stm32.12.3.rel1.win32_1.0.200.202406191623/tools/bin/../lib/gcc/arm-none-eabi/12.3.1/../../../../arm-none-eabi/lib/thumb/v7e-m+dp/hard\libc_nano.a
END GROUP
START GROUP
LOAD J:/ST/STM32CubeIDE_1.14.1/STM32CubeIDE/plugins/com.st.stm32cube.ide.mcu.externaltools.gnu-tools-for-stm32.12.3.rel1.win32_1.0.200.202406191623/tools/bin/../lib/gcc/arm-none-eabi/12.3.1/thumb/v7e-m+dp/hard\libgcc.a
LOAD J:/ST/STM32CubeIDE_1.14.1/STM32CubeIDE/plugins/com.st.stm32cube.ide.mcu.externaltools.gnu-tools-for-stm32.12.3.rel1.win32_1.0.200.202406191623/tools/bin/../lib/gcc/arm-none-eabi/12.3.1/../../../../arm-none-eabi/lib/thumb/v7e-m+dp/hard\libc_nano.a
LOAD J:/ST/STM32CubeIDE_1.14.1/STM32CubeIDE/plugins/com.st.stm32cube.ide.mcu.externaltools.gnu-tools-for-stm32.12.3.rel1.win32_1.0.200.202406191623/tools/bin/../lib/gcc/arm-none-eabi/12.3.1/../../../../arm-none-eabi/lib/thumb/v7e-m+dp/hard\libnosys.a
END GROUP
START GROUP
LOAD J:/ST/STM32CubeIDE_1.14.1/STM32CubeIDE/plugins/com.st.stm32cube.ide.mcu.externaltools.gnu-tools-for-stm32.12.3.rel1.win32_1.0.200.202406191623/tools/bin/../lib/gcc/arm-none-eabi/12.3.1/thumb/v7e-m+dp/hard\libgcc.a
LOAD J:/ST/STM32CubeIDE_1.14.1/STM32CubeIDE/plugins/com.st.stm32cube.ide.mcu.externaltools.gnu-tools-for-stm32.12.3.rel1.win32_1.0.200.202406191623/tools/bin/../lib/gcc/arm-none-eabi/12.3.1/../../../../arm-none-eabi/lib/thumb/v7e-m+dp/hard\libc_nano.a
LOAD J:/ST/STM32CubeIDE_1.14.1/STM32CubeIDE/plugins/com.st.stm32cube.ide.mcu.externaltools.gnu-tools-for-stm32.12.3.rel1.win32_1.0.200.202406191623/tools/bin/../lib/gcc/arm-none-eabi/12.3.1/../../../../arm-none-eabi/lib/thumb/v7e-m+dp/hard\libnosys.a
END GROUP
LOAD J:/ST/STM32CubeIDE_1.14.1/STM32CubeIDE/plugins/com.st.stm32cube.ide.mcu.externaltools.gnu-tools-for-stm32.12.3.rel1.win32_1.0.200.202406191623/tools/bin/../lib/gcc/arm-none-eabi/12.3.1/thumb/v7e-m+dp/hard/crtend.o
LOAD J:/ST/STM32CubeIDE_1.14.1/STM32CubeIDE/plugins/com.st.stm32cube.ide.mcu.externaltools.gnu-tools-for-stm32.12.3.rel1.win32_1.0.200.202406191623/tools/bin/../lib/gcc/arm-none-eabi/12.3.1/thumb/v7e-m+dp/hard/crtn.o
                0x24080000                        _estack = (ORIGIN (RAM_D1) + LENGTH (RAM_D1))
                0x00000800                        _Min_Heap_Size = 0x800
                0x00001600                        _Min_Stack_Size = 0x1600

.isr_vector     0x08000000      0x298
                0x08000000                        . = ALIGN (0x4)
 *(.isr_vector)
 .isr_vector    0x08000000      0x298 ./Core/Startup/startup_stm32h750xbhx.o
                0x08000000                g_pfnVectors
                0x08000298                        . = ALIGN (0x4)

.text           0x080002a0    0x1a6ac
                0x080002a0                        . = ALIGN (0x4)
 *(.text)
 .text          0x080002a0       0x40 J:/ST/STM32CubeIDE_1.14.1/STM32CubeIDE/plugins/com.st.stm32cube.ide.mcu.externaltools.gnu-tools-for-stm32.12.3.rel1.win32_1.0.200.202406191623/tools/bin/../lib/gcc/arm-none-eabi/12.3.1/thumb/v7e-m+dp/hard/crtbegin.o
 .text          0x080002e0       0xa0 J:/ST/STM32CubeIDE_1.14.1/STM32CubeIDE/plugins/com.st.stm32cube.ide.mcu.externaltools.gnu-tools-for-stm32.12.3.rel1.win32_1.0.200.202406191623/tools/bin/../lib/gcc/arm-none-eabi/12.3.1/../../../../arm-none-eabi/lib/thumb/v7e-m+dp/hard\libc_nano.a(libc_a-memchr.o)
                0x080002e0                memchr
 .text          0x08000380       0x30 J:/ST/STM32CubeIDE_1.14.1/STM32CubeIDE/plugins/com.st.stm32cube.ide.mcu.externaltools.gnu-tools-for-stm32.12.3.rel1.win32_1.0.200.202406191623/tools/bin/../lib/gcc/arm-none-eabi/12.3.1/thumb/v7e-m+dp/hard\libgcc.a(_aeabi_uldivmod.o)
                0x08000380                __aeabi_uldivmod
 .text          0x080003b0      0x2bc J:/ST/STM32CubeIDE_1.14.1/STM32CubeIDE/plugins/com.st.stm32cube.ide.mcu.externaltools.gnu-tools-for-stm32.12.3.rel1.win32_1.0.200.202406191623/tools/bin/../lib/gcc/arm-none-eabi/12.3.1/thumb/v7e-m+dp/hard\libgcc.a(_udivmoddi4.o)
                0x080003b0                __udivmoddi4
 .text          0x0800066c        0x4 J:/ST/STM32CubeIDE_1.14.1/STM32CubeIDE/plugins/com.st.stm32cube.ide.mcu.externaltools.gnu-tools-for-stm32.12.3.rel1.win32_1.0.200.202406191623/tools/bin/../lib/gcc/arm-none-eabi/12.3.1/thumb/v7e-m+dp/hard\libgcc.a(_dvmd_tls.o)
                0x0800066c                __aeabi_idiv0
                0x0800066c                __aeabi_ldiv0
 *(.text*)
 .text.MX_ADC3_Init
                0x08000670       0xe8 ./Core/Src/adc.o
                0x08000670                MX_ADC3_Init
 .text.HAL_ADC_MspInit
                0x08000758      0x154 ./Core/Src/adc.o
                0x08000758                HAL_ADC_MspInit
 .text.MX_BDMA_Init
                0x080008ac       0x60 ./Core/Src/bdma.o
                0x080008ac                MX_BDMA_Init
 .text.MX_DMA_Init
                0x0800090c       0xe4 ./Core/Src/dma.o
                0x0800090c                MX_DMA_Init
 .text.MX_FMC_Init
                0x080009f0      0x114 ./Core/Src/fmc.o
                0x080009f0                MX_FMC_Init
 .text.HAL_FMC_MspInit
                0x08000b04      0x1a4 ./Core/Src/fmc.o
 .text.HAL_SDRAM_MspInit
                0x08000ca8       0x14 ./Core/Src/fmc.o
                0x08000ca8                HAL_SDRAM_MspInit
 .text.MX_GPIO_Init
                0x08000cbc      0x498 ./Core/Src/gpio.o
                0x08000cbc                MX_GPIO_Init
 .text.MX_GPIO2Init
                0x08001154        0xe ./Core/Src/gpio.o
                0x08001154                MX_GPIO2Init
 *fill*         0x08001162        0x2 
 .text.MX_I2C1_Init
                0x08001164       0x80 ./Core/Src/i2c.o
                0x08001164                MX_I2C1_Init
 .text.MX_I2C4_Init
                0x080011e4       0x80 ./Core/Src/i2c.o
                0x080011e4                MX_I2C4_Init
 .text.HAL_I2C_MspInit
                0x08001264      0x294 ./Core/Src/i2c.o
                0x08001264                HAL_I2C_MspInit
 .text.RTC_Set  0x080014f8       0xa8 ./Core/Src/main.o
                0x080014f8                RTC_Set
 .text.JOYstickPOS
                0x080015a0       0x88 ./Core/Src/main.o
                0x080015a0                JOYstickPOS
 .text.ledDisp  0x08001628      0x130 ./Core/Src/main.o
                0x08001628                ledDisp
 .text.setTime  0x08001758      0x45c ./Core/Src/main.o
                0x08001758                setTime
 .text.ProcessBlock
                0x08001bb4      0x264 ./Core/Src/main.o
                0x08001bb4                ProcessBlock
 .text.Histo    0x08001e18      0x154 ./Core/Src/main.o
                0x08001e18                Histo
 .text.TrialStart
                0x08001f6c      0x328 ./Core/Src/main.o
                0x08001f6c                TrialStart
 .text.TrialEnd
                0x08002294       0x78 ./Core/Src/main.o
                0x08002294                TrialEnd
 .text.TrialComplete
                0x0800230c      0x1e8 ./Core/Src/main.o
                0x0800230c                TrialComplete
 .text.TrialOngoing
                0x080024f4      0x1bc ./Core/Src/main.o
                0x080024f4                TrialOngoing
 .text.RunMenu  0x080026b0      0x4b4 ./Core/Src/main.o
                0x080026b0                RunMenu
 .text.main     0x08002b64      0x388 ./Core/Src/main.o
                0x08002b64                main
 .text.SystemClock_Config
                0x08002eec      0x118 ./Core/Src/main.o
                0x08002eec                SystemClock_Config
 .text.HAL_ADC_ConvCpltCallback
                0x08003004       0x80 ./Core/Src/main.o
                0x08003004                HAL_ADC_ConvCpltCallback
 .text.HAL_TIM_PeriodElapsedCallback
                0x08003084       0x74 ./Core/Src/main.o
                0x08003084                HAL_TIM_PeriodElapsedCallback
 .text.HAL_TIM_TriggerCallback
                0x080030f8       0x30 ./Core/Src/main.o
                0x080030f8                HAL_TIM_TriggerCallback
 .text.TransferComplete
                0x08003128       0x54 ./Core/Src/main.o
                0x08003128                TransferComplete
 .text.TransferError
                0x0800317c       0x38 ./Core/Src/main.o
                0x0800317c                TransferError
 .text.Error_Handler
                0x080031b4       0x10 ./Core/Src/main.o
                0x080031b4                Error_Handler
 .text.MX_MDMA_Init
                0x080031c4       0xcc ./Core/Src/mdma.o
                0x080031c4                MX_MDMA_Init
 .text.memTestDataBus
                0x08003290       0x3c ./Core/Src/memtest.o
                0x08003290                memTestDataBus
 .text.memTestAddressBus
                0x080032cc      0x114 ./Core/Src/memtest.o
                0x080032cc                memTestAddressBus
 .text.memTest  0x080033e0       0x30 ./Core/Src/memtest.o
                0x080033e0                memTest
 .text.MX_RTC_Init
                0x08003410       0xbc ./Core/Src/rtc.o
                0x08003410                MX_RTC_Init
 .text.HAL_RTC_MspInit
                0x080034cc       0x64 ./Core/Src/rtc.o
                0x080034cc                HAL_RTC_MspInit
 .text.MX_RTC_InitAlt
                0x08003530       0x4c ./Core/Src/rtc.o
                0x08003530                MX_RTC_InitAlt
 .text.MX_SDMMC1_SD_Init
                0x0800357c       0x3c ./Core/Src/sdmmc.o
                0x0800357c                MX_SDMMC1_SD_Init
 .text.HAL_SD_MspInit
                0x080035b8      0x12c ./Core/Src/sdmmc.o
                0x080035b8                HAL_SD_MspInit
 .text.width    0x080036e4       0x10 ./Core/Src/ssd1306.o
 .text.height   0x080036f4       0x10 ./Core/Src/ssd1306.o
 .text.ssd1306_GetWidth
                0x08003704       0x10 ./Core/Src/ssd1306.o
                0x08003704                ssd1306_GetWidth
 .text.ssd1306_GetHeight
                0x08003714       0x10 ./Core/Src/ssd1306.o
                0x08003714                ssd1306_GetHeight
 .text.ssd1306_SetColor
                0x08003724       0x20 ./Core/Src/ssd1306.o
                0x08003724                ssd1306_SetColor
 .text.ssd1306_Init
                0x08003744      0x134 ./Core/Src/ssd1306.o
                0x08003744                ssd1306_Init
 .text.ssd1306_UpdateScreen
                0x08003878       0x54 ./Core/Src/ssd1306.o
                0x08003878                ssd1306_UpdateScreen
 .text.ssd1306_DrawPixel
                0x080038cc       0xec ./Core/Src/ssd1306.o
                0x080038cc                ssd1306_DrawPixel
 .text.ssd1306_DrawVerticalLine
                0x080039b8      0x25c ./Core/Src/ssd1306.o
                0x080039b8                ssd1306_DrawVerticalLine
 .text.ssd1306_WriteChar
                0x08003c14      0x120 ./Core/Src/ssd1306.o
                0x08003c14                ssd1306_WriteChar
 .text.ssd1306_WriteString
                0x08003d34       0x4a ./Core/Src/ssd1306.o
                0x08003d34                ssd1306_WriteString
 *fill*         0x08003d7e        0x2 
 .text.ssd1306_SetCursor
                0x08003d80       0x30 ./Core/Src/ssd1306.o
                0x08003d80                ssd1306_SetCursor
 .text.ssd1306_Clear
                0x08003db0       0x18 ./Core/Src/ssd1306.o
                0x08003db0                ssd1306_Clear
 .text.ssd1306_WriteCommand
                0x08003dc8       0x44 ./Core/Src/ssd1306.o
 .text.ssd1306_WriteData
                0x08003e0c       0x3c ./Core/Src/ssd1306.o
 .text.HAL_I2C_MemTxCpltCallback
                0x08003e48       0x14 ./Core/Src/ssd1306.o
                0x08003e48                HAL_I2C_MemTxCpltCallback
 .text.HAL_MspInit
                0x08003e5c       0x58 ./Core/Src/stm32h7xx_hal_msp.o
                0x08003e5c                HAL_MspInit
 .text.NMI_Handler
                0x08003eb4        0x8 ./Core/Src/stm32h7xx_it.o
                0x08003eb4                NMI_Handler
 .text.HardFault_Handler
                0x08003ebc       0x48 ./Core/Src/stm32h7xx_it.o
                0x08003ebc                HardFault_Handler
 .text.MemManage_Handler
                0x08003f04        0x8 ./Core/Src/stm32h7xx_it.o
                0x08003f04                MemManage_Handler
 .text.BusFault_Handler
                0x08003f0c        0x8 ./Core/Src/stm32h7xx_it.o
                0x08003f0c                BusFault_Handler
 .text.UsageFault_Handler
                0x08003f14        0x8 ./Core/Src/stm32h7xx_it.o
                0x08003f14                UsageFault_Handler
 .text.SVC_Handler
                0x08003f1c        0xe ./Core/Src/stm32h7xx_it.o
                0x08003f1c                SVC_Handler
 .text.DebugMon_Handler
                0x08003f2a        0xe ./Core/Src/stm32h7xx_it.o
                0x08003f2a                DebugMon_Handler
 .text.PendSV_Handler
                0x08003f38        0xe ./Core/Src/stm32h7xx_it.o
                0x08003f38                PendSV_Handler
 .text.SysTick_Handler
                0x08003f46        0xc ./Core/Src/stm32h7xx_it.o
                0x08003f46                SysTick_Handler
 *fill*         0x08003f52        0x2 
 .text.TIM1_UP_IRQHandler
                0x08003f54       0x14 ./Core/Src/stm32h7xx_it.o
                0x08003f54                TIM1_UP_IRQHandler
 .text.TIM1_TRG_COM_IRQHandler
                0x08003f68       0x14 ./Core/Src/stm32h7xx_it.o
                0x08003f68                TIM1_TRG_COM_IRQHandler
 .text.TIM2_IRQHandler
                0x08003f7c       0x14 ./Core/Src/stm32h7xx_it.o
                0x08003f7c                TIM2_IRQHandler
 .text.TIM3_IRQHandler
                0x08003f90       0x14 ./Core/Src/stm32h7xx_it.o
                0x08003f90                TIM3_IRQHandler
 .text.TIM8_UP_TIM13_IRQHandler
                0x08003fa4       0x14 ./Core/Src/stm32h7xx_it.o
                0x08003fa4                TIM8_UP_TIM13_IRQHandler
 .text.TIM8_TRG_COM_TIM14_IRQHandler
                0x08003fb8       0x14 ./Core/Src/stm32h7xx_it.o
                0x08003fb8                TIM8_TRG_COM_TIM14_IRQHandler
 .text.DMA1_Stream7_IRQHandler
                0x08003fcc       0x14 ./Core/Src/stm32h7xx_it.o
                0x08003fcc                DMA1_Stream7_IRQHandler
 .text.SDMMC1_IRQHandler
                0x08003fe0       0x14 ./Core/Src/stm32h7xx_it.o
                0x08003fe0                SDMMC1_IRQHandler
 .text.DMA2_Stream7_IRQHandler
                0x08003ff4       0x14 ./Core/Src/stm32h7xx_it.o
                0x08003ff4                DMA2_Stream7_IRQHandler
 .text.I2C4_EV_IRQHandler
                0x08004008       0x14 ./Core/Src/stm32h7xx_it.o
                0x08004008                I2C4_EV_IRQHandler
 .text.I2C4_ER_IRQHandler
                0x0800401c       0x14 ./Core/Src/stm32h7xx_it.o
                0x0800401c                I2C4_ER_IRQHandler
 .text.MDMA_IRQHandler
                0x08004030       0x14 ./Core/Src/stm32h7xx_it.o
                0x08004030                MDMA_IRQHandler
 .text.ADC3_IRQHandler
                0x08004044       0x14 ./Core/Src/stm32h7xx_it.o
                0x08004044                ADC3_IRQHandler
 .text.DMAMUX2_OVR_IRQHandler
                0x08004058       0x14 ./Core/Src/stm32h7xx_it.o
                0x08004058                DMAMUX2_OVR_IRQHandler
 .text.BDMA_Channel0_IRQHandler
                0x0800406c       0x14 ./Core/Src/stm32h7xx_it.o
                0x0800406c                BDMA_Channel0_IRQHandler
 .text.BDMA_Channel1_IRQHandler
                0x08004080       0x14 ./Core/Src/stm32h7xx_it.o
                0x08004080                BDMA_Channel1_IRQHandler
 .text._read    0x08004094       0x3a ./Core/Src/syscalls.o
                0x08004094                _read
 .text._write   0x080040ce       0x38 ./Core/Src/syscalls.o
                0x080040ce                _write
 .text._close   0x08004106       0x18 ./Core/Src/syscalls.o
                0x08004106                _close
 .text._fstat   0x0800411e       0x20 ./Core/Src/syscalls.o
                0x0800411e                _fstat
 .text._isatty  0x0800413e       0x16 ./Core/Src/syscalls.o
                0x0800413e                _isatty
 .text._lseek   0x08004154       0x1a ./Core/Src/syscalls.o
                0x08004154                _lseek
 *fill*         0x0800416e        0x2 
 .text._sbrk    0x08004170       0x6c ./Core/Src/sysmem.o
                0x08004170                _sbrk
 .text.SystemInit
                0x080041dc      0x110 ./Core/Src/system_stm32h7xx.o
                0x080041dc                SystemInit
 .text.MX_TIM1_Init
                0x080042ec      0x1c0 ./Core/Src/tim.o
                0x080042ec                MX_TIM1_Init
 .text.MX_TIM2_Init
                0x080044ac      0x168 ./Core/Src/tim.o
                0x080044ac                MX_TIM2_Init
 .text.MX_TIM3_Init
                0x08004614      0x134 ./Core/Src/tim.o
                0x08004614                MX_TIM3_Init
 .text.MX_TIM8_Init
                0x08004748      0x1dc ./Core/Src/tim.o
                0x08004748                MX_TIM8_Init
 .text.HAL_TIM_Base_MspInit
                0x08004924      0x178 ./Core/Src/tim.o
                0x08004924                HAL_TIM_Base_MspInit
 .text.HAL_TIM_MspPostInit
                0x08004a9c      0x1cc ./Core/Src/tim.o
                0x08004a9c                HAL_TIM_MspPostInit
 .text.Reset_Handler
                0x08004c68       0x50 ./Core/Startup/startup_stm32h750xbhx.o
                0x08004c68                Reset_Handler
 .text.Default_Handler
                0x08004cb8        0x2 ./Core/Startup/startup_stm32h750xbhx.o
                0x08004cb8                RTC_Alarm_IRQHandler
                0x08004cb8                HASH_RNG_IRQHandler
                0x08004cb8                EXTI2_IRQHandler
                0x08004cb8                TIM8_CC_IRQHandler
                0x08004cb8                HRTIM1_Master_IRQHandler
                0x08004cb8                UART8_IRQHandler
                0x08004cb8                SPI4_IRQHandler
                0x08004cb8                TIM1_CC_IRQHandler
                0x08004cb8                BDMA_Channel6_IRQHandler
                0x08004cb8                DMA2_Stream5_IRQHandler
                0x08004cb8                HRTIM1_FLT_IRQHandler
                0x08004cb8                JPEG_IRQHandler
                0x08004cb8                DMA1_Stream5_IRQHandler
                0x08004cb8                HRTIM1_TIMD_IRQHandler
                0x08004cb8                TAMP_STAMP_IRQHandler
                0x08004cb8                EXTI3_IRQHandler
                0x08004cb8                LPTIM4_IRQHandler
                0x08004cb8                LPTIM2_IRQHandler
                0x08004cb8                DFSDM1_FLT1_IRQHandler
                0x08004cb8                I2C3_ER_IRQHandler
                0x08004cb8                DFSDM1_FLT2_IRQHandler
                0x08004cb8                LPTIM3_IRQHandler
                0x08004cb8                HSEM1_IRQHandler
                0x08004cb8                EXTI0_IRQHandler
                0x08004cb8                I2C2_EV_IRQHandler
                0x08004cb8                DMA1_Stream2_IRQHandler
                0x08004cb8                FPU_IRQHandler
                0x08004cb8                OTG_HS_WKUP_IRQHandler
                0x08004cb8                FDCAN1_IT1_IRQHandler
                0x08004cb8                LTDC_ER_IRQHandler
                0x08004cb8                DMA2_Stream2_IRQHandler
                0x08004cb8                HRTIM1_TIME_IRQHandler
                0x08004cb8                SPI1_IRQHandler
                0x08004cb8                TIM6_DAC_IRQHandler
                0x08004cb8                DCMI_IRQHandler
                0x08004cb8                HRTIM1_TIMC_IRQHandler
                0x08004cb8                DMA2_Stream3_IRQHandler
                0x08004cb8                SAI2_IRQHandler
                0x08004cb8                DFSDM1_FLT3_IRQHandler
                0x08004cb8                USART6_IRQHandler
                0x08004cb8                TIM17_IRQHandler
                0x08004cb8                USART3_IRQHandler
                0x08004cb8                BDMA_Channel7_IRQHandler
                0x08004cb8                CRYP_IRQHandler
                0x08004cb8                LPTIM5_IRQHandler
                0x08004cb8                UART5_IRQHandler
                0x08004cb8                DMA2_Stream0_IRQHandler
                0x08004cb8                TIM4_IRQHandler
                0x08004cb8                BDMA_Channel2_IRQHandler
                0x08004cb8                QUADSPI_IRQHandler
                0x08004cb8                I2C1_EV_IRQHandler
                0x08004cb8                DMA1_Stream6_IRQHandler
                0x08004cb8                DMAMUX1_OVR_IRQHandler
                0x08004cb8                DMA1_Stream1_IRQHandler
                0x08004cb8                TIM16_IRQHandler
                0x08004cb8                UART4_IRQHandler
                0x08004cb8                BDMA_Channel5_IRQHandler
                0x08004cb8                RCC_IRQHandler
                0x08004cb8                TIM8_BRK_TIM12_IRQHandler
                0x08004cb8                Default_Handler
                0x08004cb8                ECC_IRQHandler
                0x08004cb8                CEC_IRQHandler
                0x08004cb8                EXTI15_10_IRQHandler
                0x08004cb8                ADC_IRQHandler
                0x08004cb8                HRTIM1_TIMA_IRQHandler
                0x08004cb8                SPI5_IRQHandler
                0x08004cb8                TIM7_IRQHandler
                0x08004cb8                TIM5_IRQHandler
                0x08004cb8                TIM15_IRQHandler
                0x08004cb8                PVD_AVD_IRQHandler
                0x08004cb8                I2C3_EV_IRQHandler
                0x08004cb8                EXTI9_5_IRQHandler
                0x08004cb8                RTC_WKUP_IRQHandler
                0x08004cb8                LTDC_IRQHandler
                0x08004cb8                SAI3_IRQHandler
                0x08004cb8                ETH_WKUP_IRQHandler
                0x08004cb8                SPDIF_RX_IRQHandler
                0x08004cb8                SPI2_IRQHandler
                0x08004cb8                OTG_HS_EP1_IN_IRQHandler
                0x08004cb8                DMA1_Stream0_IRQHandler
                0x08004cb8                CRS_IRQHandler
                0x08004cb8                EXTI4_IRQHandler
                0x08004cb8                HRTIM1_TIMB_IRQHandler
                0x08004cb8                FDCAN2_IT1_IRQHandler
                0x08004cb8                ETH_IRQHandler
                0x08004cb8                BDMA_Channel4_IRQHandler
                0x08004cb8                OTG_HS_EP1_OUT_IRQHandler
                0x08004cb8                WWDG_IRQHandler
                0x08004cb8                SPI6_IRQHandler
                0x08004cb8                MDIOS_IRQHandler
                0x08004cb8                FDCAN2_IT0_IRQHandler
                0x08004cb8                LPUART1_IRQHandler
                0x08004cb8                FDCAN1_IT0_IRQHandler
                0x08004cb8                OTG_FS_WKUP_IRQHandler
                0x08004cb8                OTG_HS_IRQHandler
                0x08004cb8                DMA2D_IRQHandler
                0x08004cb8                TIM1_BRK_IRQHandler
                0x08004cb8                EXTI1_IRQHandler
                0x08004cb8                SDMMC2_IRQHandler
                0x08004cb8                OTG_FS_EP1_OUT_IRQHandler
                0x08004cb8                BDMA_Channel3_IRQHandler
                0x08004cb8                UART7_IRQHandler
                0x08004cb8                MDIOS_WKUP_IRQHandler
                0x08004cb8                USART2_IRQHandler
                0x08004cb8                DFSDM1_FLT0_IRQHandler
                0x08004cb8                SAI4_IRQHandler
                0x08004cb8                I2C2_ER_IRQHandler
                0x08004cb8                DMA2_Stream1_IRQHandler
                0x08004cb8                FLASH_IRQHandler
                0x08004cb8                DMA2_Stream4_IRQHandler
                0x08004cb8                USART1_IRQHandler
                0x08004cb8                OTG_FS_IRQHandler
                0x08004cb8                SPI3_IRQHandler
                0x08004cb8                WAKEUP_PIN_IRQHandler
                0x08004cb8                DMA1_Stream4_IRQHandler
                0x08004cb8                OTG_FS_EP1_IN_IRQHandler
                0x08004cb8                I2C1_ER_IRQHandler
                0x08004cb8                FMC_IRQHandler
                0x08004cb8                FDCAN_CAL_IRQHandler
                0x08004cb8                SWPMI1_IRQHandler
                0x08004cb8                COMP1_IRQHandler
                0x08004cb8                LPTIM1_IRQHandler
                0x08004cb8                DMA2_Stream6_IRQHandler
                0x08004cb8                SAI1_IRQHandler
                0x08004cb8                DMA1_Stream3_IRQHandler
 *fill*         0x08004cba        0x2 
 .text.HAL_Init
                0x08004cbc       0x78 ./Drivers/STM32H7xx_HAL_Driver/Src/stm32h7xx_hal.o
                0x08004cbc                HAL_Init
 .text.HAL_InitTick
                0x08004d34       0x6c ./Drivers/STM32H7xx_HAL_Driver/Src/stm32h7xx_hal.o
                0x08004d34                HAL_InitTick
 .text.HAL_IncTick
                0x08004da0       0x28 ./Drivers/STM32H7xx_HAL_Driver/Src/stm32h7xx_hal.o
                0x08004da0                HAL_IncTick
 .text.HAL_GetTick
                0x08004dc8       0x18 ./Drivers/STM32H7xx_HAL_Driver/Src/stm32h7xx_hal.o
                0x08004dc8                HAL_GetTick
 .text.HAL_Delay
                0x08004de0       0x48 ./Drivers/STM32H7xx_HAL_Driver/Src/stm32h7xx_hal.o
                0x08004de0                HAL_Delay
 .text.HAL_GetREVID
                0x08004e28       0x18 ./Drivers/STM32H7xx_HAL_Driver/Src/stm32h7xx_hal.o
                0x08004e28                HAL_GetREVID
 .text.HAL_SYSCFG_VREFBUF_HighImpedanceConfig
                0x08004e40       0x28 ./Drivers/STM32H7xx_HAL_Driver/Src/stm32h7xx_hal.o
                0x08004e40                HAL_SYSCFG_VREFBUF_HighImpedanceConfig
 .text.HAL_SYSCFG_DisableVREFBUF
                0x08004e68       0x20 ./Drivers/STM32H7xx_HAL_Driver/Src/stm32h7xx_hal.o
                0x08004e68                HAL_SYSCFG_DisableVREFBUF
 .text.HAL_SYSCFG_AnalogSwitchConfig
                0x08004e88       0x2c ./Drivers/STM32H7xx_HAL_Driver/Src/stm32h7xx_hal.o
                0x08004e88                HAL_SYSCFG_AnalogSwitchConfig
 .text.LL_ADC_SetCommonClock
                0x08004eb4       0x26 ./Drivers/STM32H7xx_HAL_Driver/Src/stm32h7xx_hal_adc.o
 .text.LL_ADC_SetCommonPathInternalCh
                0x08004eda       0x26 ./Drivers/STM32H7xx_HAL_Driver/Src/stm32h7xx_hal_adc.o
 .text.LL_ADC_GetCommonPathInternalCh
                0x08004f00       0x1c ./Drivers/STM32H7xx_HAL_Driver/Src/stm32h7xx_hal_adc.o
 .text.LL_ADC_SetOffset
                0x08004f1c       0x40 ./Drivers/STM32H7xx_HAL_Driver/Src/stm32h7xx_hal_adc.o
 .text.LL_ADC_SetDataRightShift
                0x08004f5c       0x32 ./Drivers/STM32H7xx_HAL_Driver/Src/stm32h7xx_hal_adc.o
 .text.LL_ADC_SetOffsetSignedSaturation
                0x08004f8e       0x36 ./Drivers/STM32H7xx_HAL_Driver/Src/stm32h7xx_hal_adc.o
 .text.LL_ADC_REG_IsTriggerSourceSWStart
                0x08004fc4       0x26 ./Drivers/STM32H7xx_HAL_Driver/Src/stm32h7xx_hal_adc.o
 .text.LL_ADC_REG_SetSequencerRanks
                0x08004fea       0x58 ./Drivers/STM32H7xx_HAL_Driver/Src/stm32h7xx_hal_adc.o
 .text.LL_ADC_REG_SetDataTransferMode
                0x08005042       0x26 ./Drivers/STM32H7xx_HAL_Driver/Src/stm32h7xx_hal_adc.o
 .text.LL_ADC_INJ_IsTriggerSourceSWStart
                0x08005068       0x26 ./Drivers/STM32H7xx_HAL_Driver/Src/stm32h7xx_hal_adc.o
 .text.LL_ADC_SetChannelSamplingTime
                0x0800508e       0x56 ./Drivers/STM32H7xx_HAL_Driver/Src/stm32h7xx_hal_adc.o
 .text.LL_ADC_SetChannelSingleDiff
                0x080050e4       0x48 ./Drivers/STM32H7xx_HAL_Driver/Src/stm32h7xx_hal_adc.o
 .text.LL_ADC_GetMultimode
                0x0800512c       0x1c ./Drivers/STM32H7xx_HAL_Driver/Src/stm32h7xx_hal_adc.o
 .text.LL_ADC_GetMultiDMATransfer
                0x08005148       0x1c ./Drivers/STM32H7xx_HAL_Driver/Src/stm32h7xx_hal_adc.o
 .text.LL_ADC_DisableDeepPowerDown
                0x08005164       0x24 ./Drivers/STM32H7xx_HAL_Driver/Src/stm32h7xx_hal_adc.o
 .text.LL_ADC_IsDeepPowerDownEnabled
                0x08005188       0x28 ./Drivers/STM32H7xx_HAL_Driver/Src/stm32h7xx_hal_adc.o
 .text.LL_ADC_EnableInternalRegulator
                0x080051b0       0x28 ./Drivers/STM32H7xx_HAL_Driver/Src/stm32h7xx_hal_adc.o
 .text.LL_ADC_IsInternalRegulatorEnabled
                0x080051d8       0x28 ./Drivers/STM32H7xx_HAL_Driver/Src/stm32h7xx_hal_adc.o
 .text.LL_ADC_Enable
                0x08005200       0x28 ./Drivers/STM32H7xx_HAL_Driver/Src/stm32h7xx_hal_adc.o
 .text.LL_ADC_Disable
                0x08005228       0x28 ./Drivers/STM32H7xx_HAL_Driver/Src/stm32h7xx_hal_adc.o
 .text.LL_ADC_IsEnabled
                0x08005250       0x26 ./Drivers/STM32H7xx_HAL_Driver/Src/stm32h7xx_hal_adc.o
 .text.LL_ADC_IsDisableOngoing
                0x08005276       0x26 ./Drivers/STM32H7xx_HAL_Driver/Src/stm32h7xx_hal_adc.o
 .text.LL_ADC_REG_StartConversion
                0x0800529c       0x28 ./Drivers/STM32H7xx_HAL_Driver/Src/stm32h7xx_hal_adc.o
 .text.LL_ADC_REG_IsConversionOngoing
                0x080052c4       0x26 ./Drivers/STM32H7xx_HAL_Driver/Src/stm32h7xx_hal_adc.o
 .text.LL_ADC_INJ_IsConversionOngoing
                0x080052ea       0x26 ./Drivers/STM32H7xx_HAL_Driver/Src/stm32h7xx_hal_adc.o
 .text.HAL_ADC_Init
                0x08005310      0x3b8 ./Drivers/STM32H7xx_HAL_Driver/Src/stm32h7xx_hal_adc.o
                0x08005310                HAL_ADC_Init
 .text.HAL_ADC_RegisterCallback
                0x080056c8      0x138 ./Drivers/STM32H7xx_HAL_Driver/Src/stm32h7xx_hal_adc.o
                0x080056c8                HAL_ADC_RegisterCallback
 .text.HAL_ADC_Start_DMA
                0x08005800      0x188 ./Drivers/STM32H7xx_HAL_Driver/Src/stm32h7xx_hal_adc.o
                0x08005800                HAL_ADC_Start_DMA
 .text.HAL_ADC_IRQHandler
                0x08005988      0x488 ./Drivers/STM32H7xx_HAL_Driver/Src/stm32h7xx_hal_adc.o
                0x08005988                HAL_ADC_IRQHandler
 .text.HAL_ADC_ConvHalfCpltCallback
                0x08005e10       0x14 ./Drivers/STM32H7xx_HAL_Driver/Src/stm32h7xx_hal_adc.o
                0x08005e10                HAL_ADC_ConvHalfCpltCallback
 .text.HAL_ADC_LevelOutOfWindowCallback
                0x08005e24       0x14 ./Drivers/STM32H7xx_HAL_Driver/Src/stm32h7xx_hal_adc.o
                0x08005e24                HAL_ADC_LevelOutOfWindowCallback
 .text.HAL_ADC_ErrorCallback
                0x08005e38       0x14 ./Drivers/STM32H7xx_HAL_Driver/Src/stm32h7xx_hal_adc.o
                0x08005e38                HAL_ADC_ErrorCallback
 .text.HAL_ADC_ConfigChannel
                0x08005e4c      0x6b8 ./Drivers/STM32H7xx_HAL_Driver/Src/stm32h7xx_hal_adc.o
                0x08005e4c                HAL_ADC_ConfigChannel
 .text.ADC_Enable
                0x08006504      0x114 ./Drivers/STM32H7xx_HAL_Driver/Src/stm32h7xx_hal_adc.o
                0x08006504                ADC_Enable
 .text.ADC_Disable
                0x08006618       0xbe ./Drivers/STM32H7xx_HAL_Driver/Src/stm32h7xx_hal_adc.o
                0x08006618                ADC_Disable
 .text.ADC_DMAConvCplt
                0x080066d6       0xdc ./Drivers/STM32H7xx_HAL_Driver/Src/stm32h7xx_hal_adc.o
                0x080066d6                ADC_DMAConvCplt
 .text.ADC_DMAHalfConvCplt
                0x080067b2       0x1e ./Drivers/STM32H7xx_HAL_Driver/Src/stm32h7xx_hal_adc.o
                0x080067b2                ADC_DMAHalfConvCplt
 .text.ADC_DMAError
                0x080067d0       0x36 ./Drivers/STM32H7xx_HAL_Driver/Src/stm32h7xx_hal_adc.o
                0x080067d0                ADC_DMAError
 *fill*         0x08006806        0x2 
 .text.ADC_ConfigureBoostMode
                0x08006808      0x218 ./Drivers/STM32H7xx_HAL_Driver/Src/stm32h7xx_hal_adc.o
                0x08006808                ADC_ConfigureBoostMode
 .text.LL_ADC_StartCalibration
                0x08006a20       0x3c ./Drivers/STM32H7xx_HAL_Driver/Src/stm32h7xx_hal_adc_ex.o
 .text.LL_ADC_IsCalibrationOnGoing
                0x08006a5c       0x28 ./Drivers/STM32H7xx_HAL_Driver/Src/stm32h7xx_hal_adc_ex.o
 .text.HAL_ADCEx_Calibration_Start
                0x08006a84       0xc8 ./Drivers/STM32H7xx_HAL_Driver/Src/stm32h7xx_hal_adc_ex.o
                0x08006a84                HAL_ADCEx_Calibration_Start
 .text.HAL_ADCEx_InjectedConvCpltCallback
                0x08006b4c       0x14 ./Drivers/STM32H7xx_HAL_Driver/Src/stm32h7xx_hal_adc_ex.o
                0x08006b4c                HAL_ADCEx_InjectedConvCpltCallback
 .text.HAL_ADCEx_InjectedQueueOverflowCallback
                0x08006b60       0x14 ./Drivers/STM32H7xx_HAL_Driver/Src/stm32h7xx_hal_adc_ex.o
                0x08006b60                HAL_ADCEx_InjectedQueueOverflowCallback
 .text.HAL_ADCEx_LevelOutOfWindow2Callback
                0x08006b74       0x14 ./Drivers/STM32H7xx_HAL_Driver/Src/stm32h7xx_hal_adc_ex.o
                0x08006b74                HAL_ADCEx_LevelOutOfWindow2Callback
 .text.HAL_ADCEx_LevelOutOfWindow3Callback
                0x08006b88       0x14 ./Drivers/STM32H7xx_HAL_Driver/Src/stm32h7xx_hal_adc_ex.o
                0x08006b88                HAL_ADCEx_LevelOutOfWindow3Callback
 .text.HAL_ADCEx_EndOfSamplingCallback
                0x08006b9c       0x14 ./Drivers/STM32H7xx_HAL_Driver/Src/stm32h7xx_hal_adc_ex.o
                0x08006b9c                HAL_ADCEx_EndOfSamplingCallback
 .text.__NVIC_SetPriorityGrouping
                0x08006bb0       0x48 ./Drivers/STM32H7xx_HAL_Driver/Src/stm32h7xx_hal_cortex.o
 .text.__NVIC_GetPriorityGrouping
                0x08006bf8       0x1c ./Drivers/STM32H7xx_HAL_Driver/Src/stm32h7xx_hal_cortex.o
 .text.__NVIC_EnableIRQ
                0x08006c14       0x3c ./Drivers/STM32H7xx_HAL_Driver/Src/stm32h7xx_hal_cortex.o
 .text.__NVIC_SetPriority
                0x08006c50       0x54 ./Drivers/STM32H7xx_HAL_Driver/Src/stm32h7xx_hal_cortex.o
 .text.NVIC_EncodePriority
                0x08006ca4       0x66 ./Drivers/STM32H7xx_HAL_Driver/Src/stm32h7xx_hal_cortex.o
 *fill*         0x08006d0a        0x2 
 .text.SysTick_Config
                0x08006d0c       0x44 ./Drivers/STM32H7xx_HAL_Driver/Src/stm32h7xx_hal_cortex.o
 .text.HAL_NVIC_SetPriorityGrouping
                0x08006d50       0x16 ./Drivers/STM32H7xx_HAL_Driver/Src/stm32h7xx_hal_cortex.o
                0x08006d50                HAL_NVIC_SetPriorityGrouping
 .text.HAL_NVIC_SetPriority
                0x08006d66       0x34 ./Drivers/STM32H7xx_HAL_Driver/Src/stm32h7xx_hal_cortex.o
                0x08006d66                HAL_NVIC_SetPriority
 .text.HAL_NVIC_EnableIRQ
                0x08006d9a       0x1c ./Drivers/STM32H7xx_HAL_Driver/Src/stm32h7xx_hal_cortex.o
                0x08006d9a                HAL_NVIC_EnableIRQ
 .text.HAL_SYSTICK_Config
                0x08006db6       0x18 ./Drivers/STM32H7xx_HAL_Driver/Src/stm32h7xx_hal_cortex.o
                0x08006db6                HAL_SYSTICK_Config
 *fill*         0x08006dce        0x2 
 .text.HAL_DMA_Init
                0x08006dd0      0x6b8 ./Drivers/STM32H7xx_HAL_Driver/Src/stm32h7xx_hal_dma.o
                0x08006dd0                HAL_DMA_Init
 .text.HAL_DMA_Start_IT
                0x08007488      0x4d4 ./Drivers/STM32H7xx_HAL_Driver/Src/stm32h7xx_hal_dma.o
                0x08007488                HAL_DMA_Start_IT
 .text.HAL_DMA_Abort_IT
                0x0800795c      0x48c ./Drivers/STM32H7xx_HAL_Driver/Src/stm32h7xx_hal_dma.o
                0x0800795c                HAL_DMA_Abort_IT
 .text.HAL_DMA_IRQHandler
                0x08007de8      0xe54 ./Drivers/STM32H7xx_HAL_Driver/Src/stm32h7xx_hal_dma.o
                0x08007de8                HAL_DMA_IRQHandler
 .text.HAL_DMA_RegisterCallback
                0x08008c3c       0xb4 ./Drivers/STM32H7xx_HAL_Driver/Src/stm32h7xx_hal_dma.o
                0x08008c3c                HAL_DMA_RegisterCallback
 .text.HAL_DMA_GetState
                0x08008cf0       0x1c ./Drivers/STM32H7xx_HAL_Driver/Src/stm32h7xx_hal_dma.o
                0x08008cf0                HAL_DMA_GetState
 .text.HAL_DMA_GetError
                0x08008d0c       0x18 ./Drivers/STM32H7xx_HAL_Driver/Src/stm32h7xx_hal_dma.o
                0x08008d0c                HAL_DMA_GetError
 .text.DMA_SetConfig
                0x08008d24      0x358 ./Drivers/STM32H7xx_HAL_Driver/Src/stm32h7xx_hal_dma.o
 .text.DMA_CalcBaseAndBitshift
                0x0800907c      0x164 ./Drivers/STM32H7xx_HAL_Driver/Src/stm32h7xx_hal_dma.o
 .text.DMA_CheckFifoParam
                0x080091e0       0xf8 ./Drivers/STM32H7xx_HAL_Driver/Src/stm32h7xx_hal_dma.o
 .text.DMA_CalcDMAMUXChannelBaseAndMask
                0x080092d8      0x134 ./Drivers/STM32H7xx_HAL_Driver/Src/stm32h7xx_hal_dma.o
 .text.DMA_CalcDMAMUXRequestGenBaseAndMask
                0x0800940c       0xe8 ./Drivers/STM32H7xx_HAL_Driver/Src/stm32h7xx_hal_dma.o
 .text.HAL_DMAEx_ConfigMuxSync
                0x080094f4      0x18c ./Drivers/STM32H7xx_HAL_Driver/Src/stm32h7xx_hal_dma_ex.o
                0x080094f4                HAL_DMAEx_ConfigMuxSync
 .text.HAL_DMAEx_MUX_IRQHandler
                0x08009680       0xa4 ./Drivers/STM32H7xx_HAL_Driver/Src/stm32h7xx_hal_dma_ex.o
                0x08009680                HAL_DMAEx_MUX_IRQHandler
 .text.HAL_GPIO_Init
                0x08009724      0x360 ./Drivers/STM32H7xx_HAL_Driver/Src/stm32h7xx_hal_gpio.o
                0x08009724                HAL_GPIO_Init
 .text.HAL_GPIO_ReadPin
                0x08009a84       0x30 ./Drivers/STM32H7xx_HAL_Driver/Src/stm32h7xx_hal_gpio.o
                0x08009a84                HAL_GPIO_ReadPin
 .text.HAL_GPIO_WritePin
                0x08009ab4       0x32 ./Drivers/STM32H7xx_HAL_Driver/Src/stm32h7xx_hal_gpio.o
                0x08009ab4                HAL_GPIO_WritePin
 .text.HAL_GPIO_TogglePin
                0x08009ae6       0x34 ./Drivers/STM32H7xx_HAL_Driver/Src/stm32h7xx_hal_gpio.o
                0x08009ae6                HAL_GPIO_TogglePin
 *fill*         0x08009b1a        0x2 
 .text.HAL_I2C_Init
                0x08009b1c      0x1b0 ./Drivers/STM32H7xx_HAL_Driver/Src/stm32h7xx_hal_i2c.o
                0x08009b1c                HAL_I2C_Init
 .text.HAL_I2C_RegisterCallback
                0x08009ccc      0x134 ./Drivers/STM32H7xx_HAL_Driver/Src/stm32h7xx_hal_i2c.o
                0x08009ccc                HAL_I2C_RegisterCallback
 .text.HAL_I2C_Mem_Write_DMA
                0x08009e00      0x1cc ./Drivers/STM32H7xx_HAL_Driver/Src/stm32h7xx_hal_i2c.o
                0x08009e00                HAL_I2C_Mem_Write_DMA
 .text.HAL_I2C_IsDeviceReady
                0x08009fcc      0x1d8 ./Drivers/STM32H7xx_HAL_Driver/Src/stm32h7xx_hal_i2c.o
                0x08009fcc                HAL_I2C_IsDeviceReady
 .text.HAL_I2C_EV_IRQHandler
                0x0800a1a4       0x34 ./Drivers/STM32H7xx_HAL_Driver/Src/stm32h7xx_hal_i2c.o
                0x0800a1a4                HAL_I2C_EV_IRQHandler
 .text.HAL_I2C_ER_IRQHandler
                0x0800a1d8       0xb6 ./Drivers/STM32H7xx_HAL_Driver/Src/stm32h7xx_hal_i2c.o
                0x0800a1d8                HAL_I2C_ER_IRQHandler
 .text.HAL_I2C_MasterTxCpltCallback
                0x0800a28e       0x14 ./Drivers/STM32H7xx_HAL_Driver/Src/stm32h7xx_hal_i2c.o
                0x0800a28e                HAL_I2C_MasterTxCpltCallback
 .text.HAL_I2C_MasterRxCpltCallback
                0x0800a2a2       0x14 ./Drivers/STM32H7xx_HAL_Driver/Src/stm32h7xx_hal_i2c.o
                0x0800a2a2                HAL_I2C_MasterRxCpltCallback
 .text.HAL_I2C_SlaveTxCpltCallback
                0x0800a2b6       0x14 ./Drivers/STM32H7xx_HAL_Driver/Src/stm32h7xx_hal_i2c.o
                0x0800a2b6                HAL_I2C_SlaveTxCpltCallback
 .text.HAL_I2C_SlaveRxCpltCallback
                0x0800a2ca       0x14 ./Drivers/STM32H7xx_HAL_Driver/Src/stm32h7xx_hal_i2c.o
                0x0800a2ca                HAL_I2C_SlaveRxCpltCallback
 .text.HAL_I2C_AddrCallback
                0x0800a2de       0x1c ./Drivers/STM32H7xx_HAL_Driver/Src/stm32h7xx_hal_i2c.o
                0x0800a2de                HAL_I2C_AddrCallback
 .text.HAL_I2C_ListenCpltCallback
                0x0800a2fa       0x14 ./Drivers/STM32H7xx_HAL_Driver/Src/stm32h7xx_hal_i2c.o
                0x0800a2fa                HAL_I2C_ListenCpltCallback
 .text.HAL_I2C_MemRxCpltCallback
                0x0800a30e       0x14 ./Drivers/STM32H7xx_HAL_Driver/Src/stm32h7xx_hal_i2c.o
                0x0800a30e                HAL_I2C_MemRxCpltCallback
 .text.HAL_I2C_ErrorCallback
                0x0800a322       0x14 ./Drivers/STM32H7xx_HAL_Driver/Src/stm32h7xx_hal_i2c.o
                0x0800a322                HAL_I2C_ErrorCallback
 .text.HAL_I2C_AbortCpltCallback
                0x0800a336       0x14 ./Drivers/STM32H7xx_HAL_Driver/Src/stm32h7xx_hal_i2c.o
                0x0800a336                HAL_I2C_AbortCpltCallback
 .text.HAL_I2C_GetState
                0x0800a34a       0x1c ./Drivers/STM32H7xx_HAL_Driver/Src/stm32h7xx_hal_i2c.o
                0x0800a34a                HAL_I2C_GetState
 .text.I2C_Slave_ISR_IT
                0x0800a366      0x1f2 ./Drivers/STM32H7xx_HAL_Driver/Src/stm32h7xx_hal_i2c.o
 .text.I2C_Master_ISR_DMA
                0x0800a558      0x1d6 ./Drivers/STM32H7xx_HAL_Driver/Src/stm32h7xx_hal_i2c.o
 *fill*         0x0800a72e        0x2 
 .text.I2C_Mem_ISR_DMA
                0x0800a730      0x24c ./Drivers/STM32H7xx_HAL_Driver/Src/stm32h7xx_hal_i2c.o
 .text.I2C_Slave_ISR_DMA
                0x0800a97c      0x3b4 ./Drivers/STM32H7xx_HAL_Driver/Src/stm32h7xx_hal_i2c.o
 .text.I2C_ITAddrCplt
                0x0800ad30      0x108 ./Drivers/STM32H7xx_HAL_Driver/Src/stm32h7xx_hal_i2c.o
 .text.I2C_ITMasterSeqCplt
                0x0800ae38       0x7e ./Drivers/STM32H7xx_HAL_Driver/Src/stm32h7xx_hal_i2c.o
 .text.I2C_ITSlaveSeqCplt
                0x0800aeb6       0xbc ./Drivers/STM32H7xx_HAL_Driver/Src/stm32h7xx_hal_i2c.o
 *fill*         0x0800af72        0x2 
 .text.I2C_ITMasterCplt
                0x0800af74      0x198 ./Drivers/STM32H7xx_HAL_Driver/Src/stm32h7xx_hal_i2c.o
 .text.I2C_ITSlaveCplt
                0x0800b10c      0x4b0 ./Drivers/STM32H7xx_HAL_Driver/Src/stm32h7xx_hal_i2c.o
 .text.I2C_ITListenCplt
                0x0800b5bc       0xac ./Drivers/STM32H7xx_HAL_Driver/Src/stm32h7xx_hal_i2c.o
 .text.I2C_ITError
                0x0800b668      0x1e0 ./Drivers/STM32H7xx_HAL_Driver/Src/stm32h7xx_hal_i2c.o
 .text.I2C_TreatErrorCallback
                0x0800b848       0x52 ./Drivers/STM32H7xx_HAL_Driver/Src/stm32h7xx_hal_i2c.o
 .text.I2C_Flush_TXDR
                0x0800b89a       0x48 ./Drivers/STM32H7xx_HAL_Driver/Src/stm32h7xx_hal_i2c.o
 .text.I2C_DMAMasterTransmitCplt
                0x0800b8e2       0x96 ./Drivers/STM32H7xx_HAL_Driver/Src/stm32h7xx_hal_i2c.o
 .text.I2C_DMAError
                0x0800b978      0x274 ./Drivers/STM32H7xx_HAL_Driver/Src/stm32h7xx_hal_i2c.o
 .text.I2C_DMAAbort
                0x0800bbec       0x3c ./Drivers/STM32H7xx_HAL_Driver/Src/stm32h7xx_hal_i2c.o
 .text.I2C_WaitOnFlagUntilTimeout
                0x0800bc28       0xb2 ./Drivers/STM32H7xx_HAL_Driver/Src/stm32h7xx_hal_i2c.o
 *fill*         0x0800bcda        0x2 
 .text.I2C_IsErrorOccurred
                0x0800bcdc      0x1c0 ./Drivers/STM32H7xx_HAL_Driver/Src/stm32h7xx_hal_i2c.o
 .text.I2C_TransferConfig
                0x0800be9c       0x64 ./Drivers/STM32H7xx_HAL_Driver/Src/stm32h7xx_hal_i2c.o
 .text.I2C_Enable_IRQ
                0x0800bf00      0x108 ./Drivers/STM32H7xx_HAL_Driver/Src/stm32h7xx_hal_i2c.o
 .text.I2C_Disable_IRQ
                0x0800c008       0xbc ./Drivers/STM32H7xx_HAL_Driver/Src/stm32h7xx_hal_i2c.o
 .text.HAL_I2CEx_ConfigAnalogFilter
                0x0800c0c4       0x96 ./Drivers/STM32H7xx_HAL_Driver/Src/stm32h7xx_hal_i2c_ex.o
                0x0800c0c4                HAL_I2CEx_ConfigAnalogFilter
 .text.HAL_I2CEx_ConfigDigitalFilter
                0x0800c15a       0x98 ./Drivers/STM32H7xx_HAL_Driver/Src/stm32h7xx_hal_i2c_ex.o
                0x0800c15a                HAL_I2CEx_ConfigDigitalFilter
 .text.HAL_MDMA_Init
                0x0800c1f2       0x98 ./Drivers/STM32H7xx_HAL_Driver/Src/stm32h7xx_hal_mdma.o
                0x0800c1f2                HAL_MDMA_Init
 .text.HAL_MDMA_ConfigPostRequestMask
                0x0800c28a       0xa4 ./Drivers/STM32H7xx_HAL_Driver/Src/stm32h7xx_hal_mdma.o
                0x0800c28a                HAL_MDMA_ConfigPostRequestMask
 *fill*         0x0800c32e        0x2 
 .text.HAL_MDMA_IRQHandler
                0x0800c330      0x2a8 ./Drivers/STM32H7xx_HAL_Driver/Src/stm32h7xx_hal_mdma.o
                0x0800c330                HAL_MDMA_IRQHandler
 .text.MDMA_Init
                0x0800c5d8      0x130 ./Drivers/STM32H7xx_HAL_Driver/Src/stm32h7xx_hal_mdma.o
 .text.HAL_PWR_EnableBkUpAccess
                0x0800c708       0x20 ./Drivers/STM32H7xx_HAL_Driver/Src/stm32h7xx_hal_pwr.o
                0x0800c708                HAL_PWR_EnableBkUpAccess
 .text.HAL_PWREx_ConfigSupply
                0x0800c728       0x74 ./Drivers/STM32H7xx_HAL_Driver/Src/stm32h7xx_hal_pwr_ex.o
                0x0800c728                HAL_PWREx_ConfigSupply
 .text.HAL_RCC_OscConfig
                0x0800c79c      0x8b4 ./Drivers/STM32H7xx_HAL_Driver/Src/stm32h7xx_hal_rcc.o
                0x0800c79c                HAL_RCC_OscConfig
 .text.HAL_RCC_ClockConfig
                0x0800d050      0x36c ./Drivers/STM32H7xx_HAL_Driver/Src/stm32h7xx_hal_rcc.o
                0x0800d050                HAL_RCC_ClockConfig
 .text.HAL_RCC_GetSysClockFreq
                0x0800d3bc      0x2f4 ./Drivers/STM32H7xx_HAL_Driver/Src/stm32h7xx_hal_rcc.o
                0x0800d3bc                HAL_RCC_GetSysClockFreq
 .text.HAL_RCC_GetHCLKFreq
                0x0800d6b0       0x60 ./Drivers/STM32H7xx_HAL_Driver/Src/stm32h7xx_hal_rcc.o
                0x0800d6b0                HAL_RCC_GetHCLKFreq
 .text.HAL_RCC_GetPCLK1Freq
                0x0800d710       0x2c ./Drivers/STM32H7xx_HAL_Driver/Src/stm32h7xx_hal_rcc.o
                0x0800d710                HAL_RCC_GetPCLK1Freq
 .text.HAL_RCCEx_PeriphCLKConfig
                0x0800d73c     0x1414 ./Drivers/STM32H7xx_HAL_Driver/Src/stm32h7xx_hal_rcc_ex.o
                0x0800d73c                HAL_RCCEx_PeriphCLKConfig
 .text.HAL_RCCEx_GetPeriphCLKFreq
                0x0800eb50      0xb00 ./Drivers/STM32H7xx_HAL_Driver/Src/stm32h7xx_hal_rcc_ex.o
                0x0800eb50                HAL_RCCEx_GetPeriphCLKFreq
 .text.HAL_RCCEx_GetD3PCLK1Freq
                0x0800f650       0x2c ./Drivers/STM32H7xx_HAL_Driver/Src/stm32h7xx_hal_rcc_ex.o
                0x0800f650                HAL_RCCEx_GetD3PCLK1Freq
 .text.HAL_RCCEx_GetPLL2ClockFreq
                0x0800f67c      0x2a8 ./Drivers/STM32H7xx_HAL_Driver/Src/stm32h7xx_hal_rcc_ex.o
                0x0800f67c                HAL_RCCEx_GetPLL2ClockFreq
 .text.HAL_RCCEx_GetPLL3ClockFreq
                0x0800f924      0x2a8 ./Drivers/STM32H7xx_HAL_Driver/Src/stm32h7xx_hal_rcc_ex.o
                0x0800f924                HAL_RCCEx_GetPLL3ClockFreq
 .text.HAL_RCCEx_GetPLL1ClockFreq
                0x0800fbcc      0x2a4 ./Drivers/STM32H7xx_HAL_Driver/Src/stm32h7xx_hal_rcc_ex.o
                0x0800fbcc                HAL_RCCEx_GetPLL1ClockFreq
 .text.RCCEx_PLL2_Config
                0x0800fe70      0x164 ./Drivers/STM32H7xx_HAL_Driver/Src/stm32h7xx_hal_rcc_ex.o
 .text.RCCEx_PLL3_Config
                0x0800ffd4      0x164 ./Drivers/STM32H7xx_HAL_Driver/Src/stm32h7xx_hal_rcc_ex.o
 .text.HAL_RTC_Init
                0x08010138      0x104 ./Drivers/STM32H7xx_HAL_Driver/Src/stm32h7xx_hal_rtc.o
                0x08010138                HAL_RTC_Init
 .text.HAL_RTC_SetTime
                0x0801023c      0x13c ./Drivers/STM32H7xx_HAL_Driver/Src/stm32h7xx_hal_rtc.o
                0x0801023c                HAL_RTC_SetTime
 .text.HAL_RTC_GetTime
                0x08010378       0xb8 ./Drivers/STM32H7xx_HAL_Driver/Src/stm32h7xx_hal_rtc.o
                0x08010378                HAL_RTC_GetTime
 .text.HAL_RTC_SetDate
                0x08010430      0x110 ./Drivers/STM32H7xx_HAL_Driver/Src/stm32h7xx_hal_rtc.o
                0x08010430                HAL_RTC_SetDate
 .text.HAL_RTC_GetDate
                0x08010540       0x9c ./Drivers/STM32H7xx_HAL_Driver/Src/stm32h7xx_hal_rtc.o
                0x08010540                HAL_RTC_GetDate
 .text.HAL_RTC_WaitForSynchro
                0x080105dc       0x48 ./Drivers/STM32H7xx_HAL_Driver/Src/stm32h7xx_hal_rtc.o
                0x080105dc                HAL_RTC_WaitForSynchro
 .text.RTC_EnterInitMode
                0x08010624       0x66 ./Drivers/STM32H7xx_HAL_Driver/Src/stm32h7xx_hal_rtc.o
                0x08010624                RTC_EnterInitMode
 *fill*         0x0801068a        0x2 
 .text.RTC_ExitInitMode
                0x0801068c       0x7c ./Drivers/STM32H7xx_HAL_Driver/Src/stm32h7xx_hal_rtc.o
                0x0801068c                RTC_ExitInitMode
 .text.RTC_ByteToBcd2
                0x08010708       0x40 ./Drivers/STM32H7xx_HAL_Driver/Src/stm32h7xx_hal_rtc.o
                0x08010708                RTC_ByteToBcd2
 .text.RTC_Bcd2ToByte
                0x08010748       0x34 ./Drivers/STM32H7xx_HAL_Driver/Src/stm32h7xx_hal_rtc.o
                0x08010748                RTC_Bcd2ToByte
 .text.HAL_SD_Init
                0x0801077c      0x180 ./Drivers/STM32H7xx_HAL_Driver/Src/stm32h7xx_hal_sd.o
                0x0801077c                HAL_SD_Init
 .text.HAL_SD_InitCard
                0x080108fc      0x138 ./Drivers/STM32H7xx_HAL_Driver/Src/stm32h7xx_hal_sd.o
                0x080108fc                HAL_SD_InitCard
 .text.HAL_SD_ReadBlocks_DMA
                0x08010a34      0x150 ./Drivers/STM32H7xx_HAL_Driver/Src/stm32h7xx_hal_sd.o
                0x08010a34                HAL_SD_ReadBlocks_DMA
 .text.HAL_SD_WriteBlocks_DMA
                0x08010b84      0x150 ./Drivers/STM32H7xx_HAL_Driver/Src/stm32h7xx_hal_sd.o
                0x08010b84                HAL_SD_WriteBlocks_DMA
 .text.HAL_SD_IRQHandler
                0x08010cd4      0x39c ./Drivers/STM32H7xx_HAL_Driver/Src/stm32h7xx_hal_sd.o
                0x08010cd4                HAL_SD_IRQHandler
 .text.HAL_SD_ErrorCallback
                0x08011070       0x14 ./Drivers/STM32H7xx_HAL_Driver/Src/stm32h7xx_hal_sd.o
                0x08011070                HAL_SD_ErrorCallback
 .text.HAL_SD_GetCardCSD
                0x08011084      0x348 ./Drivers/STM32H7xx_HAL_Driver/Src/stm32h7xx_hal_sd.o
                0x08011084                HAL_SD_GetCardCSD
 .text.HAL_SD_GetCardStatus
                0x080113cc      0x17c ./Drivers/STM32H7xx_HAL_Driver/Src/stm32h7xx_hal_sd.o
                0x080113cc                HAL_SD_GetCardStatus
 .text.HAL_SD_GetCardInfo
                0x08011548       0x58 ./Drivers/STM32H7xx_HAL_Driver/Src/stm32h7xx_hal_sd.o
                0x08011548                HAL_SD_GetCardInfo
 .text.HAL_SD_ConfigWideBusOperation
                0x080115a0      0x224 ./Drivers/STM32H7xx_HAL_Driver/Src/stm32h7xx_hal_sd.o
                0x080115a0                HAL_SD_ConfigWideBusOperation
 .text.HAL_SD_GetCardState
                0x080117c4       0x40 ./Drivers/STM32H7xx_HAL_Driver/Src/stm32h7xx_hal_sd.o
                0x080117c4                HAL_SD_GetCardState
 .text.SD_InitCard
                0x08011804      0x19c ./Drivers/STM32H7xx_HAL_Driver/Src/stm32h7xx_hal_sd.o
 .text.SD_PowerON
                0x080119a0      0x11c ./Drivers/STM32H7xx_HAL_Driver/Src/stm32h7xx_hal_sd.o
 .text.SD_SendSDStatus
                0x08011abc      0x1a0 ./Drivers/STM32H7xx_HAL_Driver/Src/stm32h7xx_hal_sd.o
 .text.SD_SendStatus
                0x08011c5c       0x50 ./Drivers/STM32H7xx_HAL_Driver/Src/stm32h7xx_hal_sd.o
 .text.SD_WideBus_Enable
                0x08011cac       0x96 ./Drivers/STM32H7xx_HAL_Driver/Src/stm32h7xx_hal_sd.o
 .text.SD_WideBus_Disable
                0x08011d42       0x96 ./Drivers/STM32H7xx_HAL_Driver/Src/stm32h7xx_hal_sd.o
 .text.SD_FindSCR
                0x08011dd8      0x1a0 ./Drivers/STM32H7xx_HAL_Driver/Src/stm32h7xx_hal_sd.o
 .text.SD_Read_IT
                0x08011f78       0x8c ./Drivers/STM32H7xx_HAL_Driver/Src/stm32h7xx_hal_sd.o
 .text.SD_Write_IT
                0x08012004       0x94 ./Drivers/STM32H7xx_HAL_Driver/Src/stm32h7xx_hal_sd.o
 .text.HAL_SDEx_Read_DMADoubleBuf0CpltCallback
                0x08012098       0x14 ./Drivers/STM32H7xx_HAL_Driver/Src/stm32h7xx_hal_sd.o
                0x08012098                HAL_SDEx_Read_DMADoubleBuf0CpltCallback
 .text.HAL_SDEx_Read_DMADoubleBuf1CpltCallback
                0x080120ac       0x14 ./Drivers/STM32H7xx_HAL_Driver/Src/stm32h7xx_hal_sd.o
                0x080120ac                HAL_SDEx_Read_DMADoubleBuf1CpltCallback
 .text.HAL_SDEx_Write_DMADoubleBuf0CpltCallback
                0x080120c0       0x14 ./Drivers/STM32H7xx_HAL_Driver/Src/stm32h7xx_hal_sd.o
                0x080120c0                HAL_SDEx_Write_DMADoubleBuf0CpltCallback
 .text.HAL_SDEx_Write_DMADoubleBuf1CpltCallback
                0x080120d4       0x14 ./Drivers/STM32H7xx_HAL_Driver/Src/stm32h7xx_hal_sd.o
                0x080120d4                HAL_SDEx_Write_DMADoubleBuf1CpltCallback
 .text.HAL_SDRAM_Init
                0x080120e8       0xac ./Drivers/STM32H7xx_HAL_Driver/Src/stm32h7xx_hal_sdram.o
                0x080120e8                HAL_SDRAM_Init
 .text.HAL_SDRAM_RefreshErrorCallback
                0x08012194       0x14 ./Drivers/STM32H7xx_HAL_Driver/Src/stm32h7xx_hal_sdram.o
                0x08012194                HAL_SDRAM_RefreshErrorCallback
 .text.HAL_SDRAM_DMA_XferCpltCallback
                0x080121a8       0x14 ./Drivers/STM32H7xx_HAL_Driver/Src/stm32h7xx_hal_sdram.o
                0x080121a8                HAL_SDRAM_DMA_XferCpltCallback
 .text.HAL_SDRAM_DMA_XferErrorCallback
                0x080121bc       0x14 ./Drivers/STM32H7xx_HAL_Driver/Src/stm32h7xx_hal_sdram.o
                0x080121bc                HAL_SDRAM_DMA_XferErrorCallback
 .text.HAL_SDRAM_SendCommand
                0x080121d0       0x6a ./Drivers/STM32H7xx_HAL_Driver/Src/stm32h7xx_hal_sdram.o
                0x080121d0                HAL_SDRAM_SendCommand
 .text.HAL_SDRAM_ProgramRefreshRate
                0x0801223a       0x50 ./Drivers/STM32H7xx_HAL_Driver/Src/stm32h7xx_hal_sdram.o
                0x0801223a                HAL_SDRAM_ProgramRefreshRate
 *fill*         0x0801228a        0x2 
 .text.HAL_TIM_Base_Init
                0x0801228c       0xc8 ./Drivers/STM32H7xx_HAL_Driver/Src/stm32h7xx_hal_tim.o
                0x0801228c                HAL_TIM_Base_Init
 .text.HAL_TIM_Base_Start
                0x08012354       0xe0 ./Drivers/STM32H7xx_HAL_Driver/Src/stm32h7xx_hal_tim.o
                0x08012354                HAL_TIM_Base_Start
 .text.HAL_TIM_Base_Stop
                0x08012434       0x4e ./Drivers/STM32H7xx_HAL_Driver/Src/stm32h7xx_hal_tim.o
                0x08012434                HAL_TIM_Base_Stop
 *fill*         0x08012482        0x2 
 .text.HAL_TIM_Base_Start_IT
                0x08012484       0xf0 ./Drivers/STM32H7xx_HAL_Driver/Src/stm32h7xx_hal_tim.o
                0x08012484                HAL_TIM_Base_Start_IT
 .text.HAL_TIM_PWM_Init
                0x08012574       0xc8 ./Drivers/STM32H7xx_HAL_Driver/Src/stm32h7xx_hal_tim.o
                0x08012574                HAL_TIM_PWM_Init
 .text.HAL_TIM_PWM_MspInit
                0x0801263c       0x14 ./Drivers/STM32H7xx_HAL_Driver/Src/stm32h7xx_hal_tim.o
                0x0801263c                HAL_TIM_PWM_MspInit
 .text.HAL_TIM_PWM_Start
                0x08012650      0x21c ./Drivers/STM32H7xx_HAL_Driver/Src/stm32h7xx_hal_tim.o
                0x08012650                HAL_TIM_PWM_Start
 .text.HAL_TIM_PWM_Stop
                0x0801286c      0x12c ./Drivers/STM32H7xx_HAL_Driver/Src/stm32h7xx_hal_tim.o
                0x0801286c                HAL_TIM_PWM_Stop
 .text.HAL_TIM_OnePulse_Init
                0x08012998       0xbc ./Drivers/STM32H7xx_HAL_Driver/Src/stm32h7xx_hal_tim.o
                0x08012998                HAL_TIM_OnePulse_Init
 .text.HAL_TIM_OnePulse_MspInit
                0x08012a54       0x14 ./Drivers/STM32H7xx_HAL_Driver/Src/stm32h7xx_hal_tim.o
                0x08012a54                HAL_TIM_OnePulse_MspInit
 .text.HAL_TIM_IRQHandler
                0x08012a68      0x252 ./Drivers/STM32H7xx_HAL_Driver/Src/stm32h7xx_hal_tim.o
                0x08012a68                HAL_TIM_IRQHandler
 *fill*         0x08012cba        0x2 
 .text.HAL_TIM_PWM_ConfigChannel
                0x08012cbc      0x228 ./Drivers/STM32H7xx_HAL_Driver/Src/stm32h7xx_hal_tim.o
                0x08012cbc                HAL_TIM_PWM_ConfigChannel
 .text.HAL_TIM_ConfigClockSource
                0x08012ee4      0x1f0 ./Drivers/STM32H7xx_HAL_Driver/Src/stm32h7xx_hal_tim.o
                0x08012ee4                HAL_TIM_ConfigClockSource
 .text.HAL_TIM_SlaveConfigSynchro
                0x080130d4       0x84 ./Drivers/STM32H7xx_HAL_Driver/Src/stm32h7xx_hal_tim.o
                0x080130d4                HAL_TIM_SlaveConfigSynchro
 .text.HAL_TIM_PeriodElapsedHalfCpltCallback
                0x08013158       0x14 ./Drivers/STM32H7xx_HAL_Driver/Src/stm32h7xx_hal_tim.o
                0x08013158                HAL_TIM_PeriodElapsedHalfCpltCallback
 .text.HAL_TIM_OC_DelayElapsedCallback
                0x0801316c       0x14 ./Drivers/STM32H7xx_HAL_Driver/Src/stm32h7xx_hal_tim.o
                0x0801316c                HAL_TIM_OC_DelayElapsedCallback
 .text.HAL_TIM_IC_CaptureCallback
                0x08013180       0x14 ./Drivers/STM32H7xx_HAL_Driver/Src/stm32h7xx_hal_tim.o
                0x08013180                HAL_TIM_IC_CaptureCallback
 .text.HAL_TIM_IC_CaptureHalfCpltCallback
                0x08013194       0x14 ./Drivers/STM32H7xx_HAL_Driver/Src/stm32h7xx_hal_tim.o
                0x08013194                HAL_TIM_IC_CaptureHalfCpltCallback
 .text.HAL_TIM_PWM_PulseFinishedCallback
                0x080131a8       0x14 ./Drivers/STM32H7xx_HAL_Driver/Src/stm32h7xx_hal_tim.o
                0x080131a8                HAL_TIM_PWM_PulseFinishedCallback
 .text.HAL_TIM_PWM_PulseFinishedHalfCpltCallback
                0x080131bc       0x14 ./Drivers/STM32H7xx_HAL_Driver/Src/stm32h7xx_hal_tim.o
                0x080131bc                HAL_TIM_PWM_PulseFinishedHalfCpltCallback
 .text.HAL_TIM_TriggerHalfCpltCallback
                0x080131d0       0x14 ./Drivers/STM32H7xx_HAL_Driver/Src/stm32h7xx_hal_tim.o
                0x080131d0                HAL_TIM_TriggerHalfCpltCallback
 .text.HAL_TIM_ErrorCallback
                0x080131e4       0x14 ./Drivers/STM32H7xx_HAL_Driver/Src/stm32h7xx_hal_tim.o
                0x080131e4                HAL_TIM_ErrorCallback
 .text.TIM_Base_SetConfig
                0x080131f8      0x14c ./Drivers/STM32H7xx_HAL_Driver/Src/stm32h7xx_hal_tim.o
                0x080131f8                TIM_Base_SetConfig
 .text.TIM_OC1_SetConfig
                0x08013344      0x120 ./Drivers/STM32H7xx_HAL_Driver/Src/stm32h7xx_hal_tim.o
 .text.TIM_OC2_SetConfig
                0x08013464      0x114 ./Drivers/STM32H7xx_HAL_Driver/Src/stm32h7xx_hal_tim.o
                0x08013464                TIM_OC2_SetConfig
 .text.TIM_OC3_SetConfig
                0x08013578      0x110 ./Drivers/STM32H7xx_HAL_Driver/Src/stm32h7xx_hal_tim.o
 .text.TIM_OC4_SetConfig
                0x08013688       0xd4 ./Drivers/STM32H7xx_HAL_Driver/Src/stm32h7xx_hal_tim.o
 .text.TIM_OC5_SetConfig
                0x0801375c       0xc8 ./Drivers/STM32H7xx_HAL_Driver/Src/stm32h7xx_hal_tim.o
 .text.TIM_OC6_SetConfig
                0x08013824       0xcc ./Drivers/STM32H7xx_HAL_Driver/Src/stm32h7xx_hal_tim.o
 .text.TIM_SlaveTimer_SetConfig
                0x080138f0      0x1d4 ./Drivers/STM32H7xx_HAL_Driver/Src/stm32h7xx_hal_tim.o
 .text.TIM_TI1_ConfigInputStage
                0x08013ac4       0x5e ./Drivers/STM32H7xx_HAL_Driver/Src/stm32h7xx_hal_tim.o
 .text.TIM_TI2_ConfigInputStage
                0x08013b22       0x60 ./Drivers/STM32H7xx_HAL_Driver/Src/stm32h7xx_hal_tim.o
 *fill*         0x08013b82        0x2 
 .text.TIM_ITRx_SetConfig
                0x08013b84       0x3c ./Drivers/STM32H7xx_HAL_Driver/Src/stm32h7xx_hal_tim.o
 .text.TIM_ETR_SetConfig
                0x08013bc0       0x40 ./Drivers/STM32H7xx_HAL_Driver/Src/stm32h7xx_hal_tim.o
                0x08013bc0                TIM_ETR_SetConfig
 .text.TIM_CCxChannelCmd
                0x08013c00       0x4a ./Drivers/STM32H7xx_HAL_Driver/Src/stm32h7xx_hal_tim.o
                0x08013c00                TIM_CCxChannelCmd
 *fill*         0x08013c4a        0x2 
 .text.TIM_ResetCallback
                0x08013c4c       0xbc ./Drivers/STM32H7xx_HAL_Driver/Src/stm32h7xx_hal_tim.o
                0x08013c4c                TIM_ResetCallback
 .text.HAL_TIMEx_MasterConfigSynchronization
                0x08013d08      0x11c ./Drivers/STM32H7xx_HAL_Driver/Src/stm32h7xx_hal_tim_ex.o
                0x08013d08                HAL_TIMEx_MasterConfigSynchronization
 .text.HAL_TIMEx_ConfigBreakDeadTime
                0x08013e24       0xfc ./Drivers/STM32H7xx_HAL_Driver/Src/stm32h7xx_hal_tim_ex.o
                0x08013e24                HAL_TIMEx_ConfigBreakDeadTime
 .text.HAL_TIMEx_CommutCallback
                0x08013f20       0x14 ./Drivers/STM32H7xx_HAL_Driver/Src/stm32h7xx_hal_tim_ex.o
                0x08013f20                HAL_TIMEx_CommutCallback
 .text.HAL_TIMEx_CommutHalfCpltCallback
                0x08013f34       0x14 ./Drivers/STM32H7xx_HAL_Driver/Src/stm32h7xx_hal_tim_ex.o
                0x08013f34                HAL_TIMEx_CommutHalfCpltCallback
 .text.HAL_TIMEx_BreakCallback
                0x08013f48       0x14 ./Drivers/STM32H7xx_HAL_Driver/Src/stm32h7xx_hal_tim_ex.o
                0x08013f48                HAL_TIMEx_BreakCallback
 .text.HAL_TIMEx_Break2Callback
                0x08013f5c       0x14 ./Drivers/STM32H7xx_HAL_Driver/Src/stm32h7xx_hal_tim_ex.o
                0x08013f5c                HAL_TIMEx_Break2Callback
 .text.FMC_SDRAM_Init
                0x08013f70       0xb8 ./Drivers/STM32H7xx_HAL_Driver/Src/stm32h7xx_ll_fmc.o
                0x08013f70                FMC_SDRAM_Init
 .text.FMC_SDRAM_Timing_Init
                0x08014028       0xd4 ./Drivers/STM32H7xx_HAL_Driver/Src/stm32h7xx_ll_fmc.o
                0x08014028                FMC_SDRAM_Timing_Init
 .text.FMC_SDRAM_SendCommand
                0x080140fc       0x48 ./Drivers/STM32H7xx_HAL_Driver/Src/stm32h7xx_ll_fmc.o
                0x080140fc                FMC_SDRAM_SendCommand
 .text.FMC_SDRAM_ProgramRefreshRate
                0x08014144       0x30 ./Drivers/STM32H7xx_HAL_Driver/Src/stm32h7xx_ll_fmc.o
                0x08014144                FMC_SDRAM_ProgramRefreshRate
 .text.SDMMC_Init
                0x08014174       0x54 ./Drivers/STM32H7xx_HAL_Driver/Src/stm32h7xx_ll_sdmmc.o
                0x08014174                SDMMC_Init
 .text.SDMMC_ReadFIFO
                0x080141c8       0x1a ./Drivers/STM32H7xx_HAL_Driver/Src/stm32h7xx_ll_sdmmc.o
                0x080141c8                SDMMC_ReadFIFO
 .text.SDMMC_WriteFIFO
                0x080141e2       0x22 ./Drivers/STM32H7xx_HAL_Driver/Src/stm32h7xx_ll_sdmmc.o
                0x080141e2                SDMMC_WriteFIFO
 .text.SDMMC_PowerState_ON
                0x08014204       0x22 ./Drivers/STM32H7xx_HAL_Driver/Src/stm32h7xx_ll_sdmmc.o
                0x08014204                SDMMC_PowerState_ON
 .text.SDMMC_GetPowerState
                0x08014226       0x1c ./Drivers/STM32H7xx_HAL_Driver/Src/stm32h7xx_ll_sdmmc.o
                0x08014226                SDMMC_GetPowerState
 *fill*         0x08014242        0x2 
 .text.SDMMC_SendCommand
                0x08014244       0x54 ./Drivers/STM32H7xx_HAL_Driver/Src/stm32h7xx_ll_sdmmc.o
                0x08014244                SDMMC_SendCommand
 .text.SDMMC_GetCommandResponse
                0x08014298       0x1a ./Drivers/STM32H7xx_HAL_Driver/Src/stm32h7xx_ll_sdmmc.o
                0x08014298                SDMMC_GetCommandResponse
 .text.SDMMC_GetResponse
                0x080142b2       0x26 ./Drivers/STM32H7xx_HAL_Driver/Src/stm32h7xx_ll_sdmmc.o
                0x080142b2                SDMMC_GetResponse
 .text.SDMMC_ConfigData
                0x080142d8       0x58 ./Drivers/STM32H7xx_HAL_Driver/Src/stm32h7xx_ll_sdmmc.o
                0x080142d8                SDMMC_ConfigData
 .text.SDMMC_CmdBlockLength
                0x08014330       0x46 ./Drivers/STM32H7xx_HAL_Driver/Src/stm32h7xx_ll_sdmmc.o
                0x08014330                SDMMC_CmdBlockLength
 .text.SDMMC_CmdReadSingleBlock
                0x08014376       0x46 ./Drivers/STM32H7xx_HAL_Driver/Src/stm32h7xx_ll_sdmmc.o
                0x08014376                SDMMC_CmdReadSingleBlock
 .text.SDMMC_CmdReadMultiBlock
                0x080143bc       0x46 ./Drivers/STM32H7xx_HAL_Driver/Src/stm32h7xx_ll_sdmmc.o
                0x080143bc                SDMMC_CmdReadMultiBlock
 .text.SDMMC_CmdWriteSingleBlock
                0x08014402       0x46 ./Drivers/STM32H7xx_HAL_Driver/Src/stm32h7xx_ll_sdmmc.o
                0x08014402                SDMMC_CmdWriteSingleBlock
 .text.SDMMC_CmdWriteMultiBlock
                0x08014448       0x46 ./Drivers/STM32H7xx_HAL_Driver/Src/stm32h7xx_ll_sdmmc.o
                0x08014448                SDMMC_CmdWriteMultiBlock
 *fill*         0x0801448e        0x2 
 .text.SDMMC_CmdStopTransfer
                0x08014490       0x78 ./Drivers/STM32H7xx_HAL_Driver/Src/stm32h7xx_ll_sdmmc.o
                0x08014490                SDMMC_CmdStopTransfer
 .text.SDMMC_CmdSelDesel
                0x08014508       0x46 ./Drivers/STM32H7xx_HAL_Driver/Src/stm32h7xx_ll_sdmmc.o
                0x08014508                SDMMC_CmdSelDesel
 .text.SDMMC_CmdGoIdleState
                0x0801454e       0x3c ./Drivers/STM32H7xx_HAL_Driver/Src/stm32h7xx_ll_sdmmc.o
                0x0801454e                SDMMC_CmdGoIdleState
 .text.SDMMC_CmdOperCond
                0x0801458a       0x40 ./Drivers/STM32H7xx_HAL_Driver/Src/stm32h7xx_ll_sdmmc.o
                0x0801458a                SDMMC_CmdOperCond
 .text.SDMMC_CmdAppCommand
                0x080145ca       0x46 ./Drivers/STM32H7xx_HAL_Driver/Src/stm32h7xx_ll_sdmmc.o
                0x080145ca                SDMMC_CmdAppCommand
 .text.SDMMC_CmdAppOperCommand
                0x08014610       0x40 ./Drivers/STM32H7xx_HAL_Driver/Src/stm32h7xx_ll_sdmmc.o
                0x08014610                SDMMC_CmdAppOperCommand
 .text.SDMMC_CmdBusWidth
                0x08014650       0x46 ./Drivers/STM32H7xx_HAL_Driver/Src/stm32h7xx_ll_sdmmc.o
                0x08014650                SDMMC_CmdBusWidth
 .text.SDMMC_CmdSendSCR
                0x08014696       0x44 ./Drivers/STM32H7xx_HAL_Driver/Src/stm32h7xx_ll_sdmmc.o
                0x08014696                SDMMC_CmdSendSCR
 .text.SDMMC_CmdSendCID
                0x080146da       0x3e ./Drivers/STM32H7xx_HAL_Driver/Src/stm32h7xx_ll_sdmmc.o
                0x080146da                SDMMC_CmdSendCID
 .text.SDMMC_CmdSendCSD
                0x08014718       0x40 ./Drivers/STM32H7xx_HAL_Driver/Src/stm32h7xx_ll_sdmmc.o
                0x08014718                SDMMC_CmdSendCSD
 .text.SDMMC_CmdSetRelAdd
                0x08014758       0x44 ./Drivers/STM32H7xx_HAL_Driver/Src/stm32h7xx_ll_sdmmc.o
                0x08014758                SDMMC_CmdSetRelAdd
 .text.SDMMC_CmdSendStatus
                0x0801479c       0x46 ./Drivers/STM32H7xx_HAL_Driver/Src/stm32h7xx_ll_sdmmc.o
                0x0801479c                SDMMC_CmdSendStatus
 .text.SDMMC_CmdStatusRegister
                0x080147e2       0x44 ./Drivers/STM32H7xx_HAL_Driver/Src/stm32h7xx_ll_sdmmc.o
                0x080147e2                SDMMC_CmdStatusRegister
 *fill*         0x08014826        0x2 
 .text.SDMMC_GetCmdResp1
                0x08014828      0x1e4 ./Drivers/STM32H7xx_HAL_Driver/Src/stm32h7xx_ll_sdmmc.o
                0x08014828                SDMMC_GetCmdResp1
 .text.SDMMC_GetCmdResp2
                0x08014a0c       0x94 ./Drivers/STM32H7xx_HAL_Driver/Src/stm32h7xx_ll_sdmmc.o
                0x08014a0c                SDMMC_GetCmdResp2
 .text.SDMMC_GetCmdResp3
                0x08014aa0       0x80 ./Drivers/STM32H7xx_HAL_Driver/Src/stm32h7xx_ll_sdmmc.o
                0x08014aa0                SDMMC_GetCmdResp3
 .text.SDMMC_GetCmdResp6
                0x08014b20       0xf0 ./Drivers/STM32H7xx_HAL_Driver/Src/stm32h7xx_ll_sdmmc.o
                0x08014b20                SDMMC_GetCmdResp6
 .text.SDMMC_GetCmdResp7
                0x08014c10       0x9c ./Drivers/STM32H7xx_HAL_Driver/Src/stm32h7xx_ll_sdmmc.o
                0x08014c10                SDMMC_GetCmdResp7
 .text.SDMMC_GetCmdError
                0x08014cac       0x5c ./Drivers/STM32H7xx_HAL_Driver/Src/stm32h7xx_ll_sdmmc.o
 .text.MX_FATFS_Init
                0x08014d08       0x24 ./FATFS/App/fatfs.o
                0x08014d08                MX_FATFS_Init
 .text.get_fattime
                0x08014d2c       0x10 ./FATFS/App/fatfs.o
                0x08014d2c                get_fattime
 .text.BSP_SD_Init
                0x08014d3c       0x4c ./FATFS/Target/bsp_driver_sd.o
                0x08014d3c                BSP_SD_Init
 .text.BSP_SD_ReadBlocks_DMA
                0x08014d88       0x34 ./FATFS/Target/bsp_driver_sd.o
                0x08014d88                BSP_SD_ReadBlocks_DMA
 .text.BSP_SD_WriteBlocks_DMA
                0x08014dbc       0x34 ./FATFS/Target/bsp_driver_sd.o
                0x08014dbc                BSP_SD_WriteBlocks_DMA
 .text.BSP_SD_GetCardState
                0x08014df0       0x20 ./FATFS/Target/bsp_driver_sd.o
                0x08014df0                BSP_SD_GetCardState
 .text.BSP_SD_GetCardInfo
                0x08014e10       0x1c ./FATFS/Target/bsp_driver_sd.o
                0x08014e10                BSP_SD_GetCardInfo
 .text.HAL_SD_AbortCallback
                0x08014e2c       0x14 ./FATFS/Target/bsp_driver_sd.o
                0x08014e2c                HAL_SD_AbortCallback
 .text.HAL_SD_TxCpltCallback
                0x08014e40       0x14 ./FATFS/Target/bsp_driver_sd.o
                0x08014e40                HAL_SD_TxCpltCallback
 .text.HAL_SD_RxCpltCallback
                0x08014e54       0x14 ./FATFS/Target/bsp_driver_sd.o
                0x08014e54                HAL_SD_RxCpltCallback
 .text.BSP_SD_AbortCallback
                0x08014e68        0xe ./FATFS/Target/bsp_driver_sd.o
                0x08014e68                BSP_SD_AbortCallback
 .text.BSP_SD_IsDetected
                0x08014e76       0x24 ./FATFS/Target/bsp_driver_sd.o
                0x08014e76                BSP_SD_IsDetected
 *fill*         0x08014e9a        0x2 
 .text.BSP_PlatformIsDetected
                0x08014e9c       0x2c ./FATFS/Target/fatfs_platform.o
                0x08014e9c                BSP_PlatformIsDetected
 .text.SD_CheckStatusWithTimeout
                0x08014ec8       0x3a ./FATFS/Target/sd_diskio.o
 *fill*         0x08014f02        0x2 
 .text.SD_CheckStatus
                0x08014f04       0x3c ./FATFS/Target/sd_diskio.o
 .text.SD_initialize
                0x08014f40       0x38 ./FATFS/Target/sd_diskio.o
                0x08014f40                SD_initialize
 .text.SD_status
                0x08014f78       0x1c ./FATFS/Target/sd_diskio.o
                0x08014f78                SD_status
 .text.SD_read  0x08014f94      0x150 ./FATFS/Target/sd_diskio.o
                0x08014f94                SD_read
 .text.SD_write
                0x080150e4      0x14c ./FATFS/Target/sd_diskio.o
                0x080150e4                SD_write
 .text.SD_ioctl
                0x08015230       0xb0 ./FATFS/Target/sd_diskio.o
                0x08015230                SD_ioctl
 .text.BSP_SD_WriteCpltCallback
                0x080152e0       0x18 ./FATFS/Target/sd_diskio.o
                0x080152e0                BSP_SD_WriteCpltCallback
 .text.BSP_SD_ReadCpltCallback
                0x080152f8       0x18 ./FATFS/Target/sd_diskio.o
                0x080152f8                BSP_SD_ReadCpltCallback
 .text.disk_status
                0x08015310       0x34 ./Middlewares/Third_Party/FatFs/src/diskio.o
                0x08015310                disk_status
 .text.disk_initialize
                0x08015344       0x50 ./Middlewares/Third_Party/FatFs/src/diskio.o
                0x08015344                disk_initialize
 .text.disk_read
                0x08015394       0x40 ./Middlewares/Third_Party/FatFs/src/diskio.o
                0x08015394                disk_read
 .text.disk_write
                0x080153d4       0x40 ./Middlewares/Third_Party/FatFs/src/diskio.o
                0x080153d4                disk_write
 .text.disk_ioctl
                0x08015414       0x3c ./Middlewares/Third_Party/FatFs/src/diskio.o
                0x08015414                disk_ioctl
 .text.ld_word  0x08015450       0x30 ./Middlewares/Third_Party/FatFs/src/ff.o
 .text.ld_dword
                0x08015480       0x46 ./Middlewares/Third_Party/FatFs/src/ff.o
 .text.ld_qword
                0x080154c6      0x1b6 ./Middlewares/Third_Party/FatFs/src/ff.o
 .text.st_word  0x0801567c       0x36 ./Middlewares/Third_Party/FatFs/src/ff.o
 .text.st_dword
                0x080156b2       0x58 ./Middlewares/Third_Party/FatFs/src/ff.o
 .text.st_qword
                0x0801570a      0x110 ./Middlewares/Third_Party/FatFs/src/ff.o
 .text.mem_cpy  0x0801581a       0x42 ./Middlewares/Third_Party/FatFs/src/ff.o
 .text.mem_set  0x0801585c       0x36 ./Middlewares/Third_Party/FatFs/src/ff.o
 .text.mem_cmp  0x08015892       0x4e ./Middlewares/Third_Party/FatFs/src/ff.o
 .text.chk_chr  0x080158e0       0x36 ./Middlewares/Third_Party/FatFs/src/ff.o
 *fill*         0x08015916        0x2 
 .text.chk_lock
                0x08015918       0xb8 ./Middlewares/Third_Party/FatFs/src/ff.o
 .text.enq_lock
                0x080159d0       0x44 ./Middlewares/Third_Party/FatFs/src/ff.o
 .text.inc_lock
                0x08015a14      0x11c ./Middlewares/Third_Party/FatFs/src/ff.o
 .text.dec_lock
                0x08015b30       0x78 ./Middlewares/Third_Party/FatFs/src/ff.o
 .text.clear_lock
                0x08015ba8       0x48 ./Middlewares/Third_Party/FatFs/src/ff.o
 .text.sync_window
                0x08015bf0       0x88 ./Middlewares/Third_Party/FatFs/src/ff.o
 .text.move_window
                0x08015c78       0x5a ./Middlewares/Third_Party/FatFs/src/ff.o
 *fill*         0x08015cd2        0x2 
 .text.sync_fs  0x08015cd4       0xdc ./Middlewares/Third_Party/FatFs/src/ff.o
 .text.clust2sect
                0x08015db0       0x3e ./Middlewares/Third_Party/FatFs/src/ff.o
 *fill*         0x08015dee        0x2 
 .text.get_fat  0x08015df0      0x234 ./Middlewares/Third_Party/FatFs/src/ff.o
 .text.put_fat  0x08016024      0x1dc ./Middlewares/Third_Party/FatFs/src/ff.o
 .text.find_bitmap
                0x08016200       0xf8 ./Middlewares/Third_Party/FatFs/src/ff.o
 .text.change_bitmap
                0x080162f8       0xd4 ./Middlewares/Third_Party/FatFs/src/ff.o
 .text.fill_first_frag
                0x080163cc       0x5e ./Middlewares/Third_Party/FatFs/src/ff.o
 .text.fill_last_frag
                0x0801642a       0x62 ./Middlewares/Third_Party/FatFs/src/ff.o
 .text.remove_chain
                0x0801648c      0x168 ./Middlewares/Third_Party/FatFs/src/ff.o
 .text.create_chain
                0x080165f4      0x202 ./Middlewares/Third_Party/FatFs/src/ff.o
 .text.clmt_clust
                0x080167f6       0x88 ./Middlewares/Third_Party/FatFs/src/ff.o
 .text.dir_sdi  0x0801687e      0x10c ./Middlewares/Third_Party/FatFs/src/ff.o
 .text.dir_next
                0x0801698a      0x1aa ./Middlewares/Third_Party/FatFs/src/ff.o
 .text.dir_alloc
                0x08016b34       0xb8 ./Middlewares/Third_Party/FatFs/src/ff.o
 .text.ld_clust
                0x08016bec       0x3e ./Middlewares/Third_Party/FatFs/src/ff.o
 .text.st_clust
                0x08016c2a       0x40 ./Middlewares/Third_Party/FatFs/src/ff.o
 *fill*         0x08016c6a        0x2 
 .text.cmp_lfn  0x08016c6c       0xe0 ./Middlewares/Third_Party/FatFs/src/ff.o
 .text.pick_lfn
                0x08016d4c       0xc8 ./Middlewares/Third_Party/FatFs/src/ff.o
 .text.put_lfn  0x08016e14       0xd0 ./Middlewares/Third_Party/FatFs/src/ff.o
 .text.gen_numname
                0x08016ee4      0x11c ./Middlewares/Third_Party/FatFs/src/ff.o
 .text.sum_sfn  0x08017000       0x42 ./Middlewares/Third_Party/FatFs/src/ff.o
 .text.xdir_sum
                0x08017042       0x64 ./Middlewares/Third_Party/FatFs/src/ff.o
 .text.xname_sum
                0x080170a6       0x68 ./Middlewares/Third_Party/FatFs/src/ff.o
 *fill*         0x0801710e        0x2 
 .text.load_xdir
                0x08017110      0x17c ./Middlewares/Third_Party/FatFs/src/ff.o
 .text.load_obj_dir
                0x0801728c       0x6c ./Middlewares/Third_Party/FatFs/src/ff.o
 .text.store_xdir
                0x080172f8       0xb6 ./Middlewares/Third_Party/FatFs/src/ff.o
 .text.create_xdir
                0x080173ae       0xce ./Middlewares/Third_Party/FatFs/src/ff.o
 .text.dir_read
                0x0801747c      0x18e ./Middlewares/Third_Party/FatFs/src/ff.o
 .text.dir_find
                0x0801760a      0x254 ./Middlewares/Third_Party/FatFs/src/ff.o
 *fill*         0x0801785e        0x2 
 .text.dir_register
                0x08017860      0x34c ./Middlewares/Third_Party/FatFs/src/ff.o
 .text.create_name
                0x08017bac      0x370 ./Middlewares/Third_Party/FatFs/src/ff.o
 .text.follow_path
                0x08017f1c      0x152 ./Middlewares/Third_Party/FatFs/src/ff.o
 .text.get_ldnumber
                0x0801806e       0x88 ./Middlewares/Third_Party/FatFs/src/ff.o
 *fill*         0x080180f6        0x2 
 .text.check_fs
                0x080180f8       0xc8 ./Middlewares/Third_Party/FatFs/src/ff.o
 .text.find_volume
                0x080181c0      0x6b8 ./Middlewares/Third_Party/FatFs/src/ff.o
 .text.validate
                0x08018878       0x6a ./Middlewares/Third_Party/FatFs/src/ff.o
 *fill*         0x080188e2        0x2 
 .text.f_mount  0x080188e4       0x8c ./Middlewares/Third_Party/FatFs/src/ff.o
                0x080188e4                f_mount
 .text.f_open   0x08018970      0x57a ./Middlewares/Third_Party/FatFs/src/ff.o
                0x08018970                f_open
 .text.f_write  0x08018eea      0x368 ./Middlewares/Third_Party/FatFs/src/ff.o
                0x08018eea                f_write
 .text.f_sync   0x08019252      0x23c ./Middlewares/Third_Party/FatFs/src/ff.o
                0x08019252                f_sync
 .text.f_close  0x0801948e       0x54 ./Middlewares/Third_Party/FatFs/src/ff.o
                0x0801948e                f_close
 *fill*         0x080194e2        0x2 
 .text.FATFS_LinkDriverEx
                0x080194e4       0x98 ./Middlewares/Third_Party/FatFs/src/ff_gen_drv.o
                0x080194e4                FATFS_LinkDriverEx
 .text.FATFS_LinkDriver
                0x0801957c       0x1e ./Middlewares/Third_Party/FatFs/src/ff_gen_drv.o
                0x0801957c                FATFS_LinkDriver
 *fill*         0x0801959a        0x2 
 .text.ff_convert
                0x0801959c       0x78 ./Middlewares/Third_Party/FatFs/src/option/ccsbcs.o
                0x0801959c                ff_convert
 .text.ff_wtoupper
                0x08019614      0x114 ./Middlewares/Third_Party/FatFs/src/option/ccsbcs.o
                0x08019614                ff_wtoupper
 .text.std      0x08019728       0x6c J:/ST/STM32CubeIDE_1.14.1/STM32CubeIDE/plugins/com.st.stm32cube.ide.mcu.externaltools.gnu-tools-for-stm32.12.3.rel1.win32_1.0.200.202406191623/tools/bin/../lib/gcc/arm-none-eabi/12.3.1/../../../../arm-none-eabi/lib/thumb/v7e-m+dp/hard\libc_nano.a(libc_a-findfp.o)
 .text.stdio_exit_handler
                0x08019794       0x18 J:/ST/STM32CubeIDE_1.14.1/STM32CubeIDE/plugins/com.st.stm32cube.ide.mcu.externaltools.gnu-tools-for-stm32.12.3.rel1.win32_1.0.200.202406191623/tools/bin/../lib/gcc/arm-none-eabi/12.3.1/../../../../arm-none-eabi/lib/thumb/v7e-m+dp/hard\libc_nano.a(libc_a-findfp.o)
 .text.cleanup_stdio
                0x080197ac       0x40 J:/ST/STM32CubeIDE_1.14.1/STM32CubeIDE/plugins/com.st.stm32cube.ide.mcu.externaltools.gnu-tools-for-stm32.12.3.rel1.win32_1.0.200.202406191623/tools/bin/../lib/gcc/arm-none-eabi/12.3.1/../../../../arm-none-eabi/lib/thumb/v7e-m+dp/hard\libc_nano.a(libc_a-findfp.o)
 .text.global_stdio_init.part.0
                0x080197ec       0x3c J:/ST/STM32CubeIDE_1.14.1/STM32CubeIDE/plugins/com.st.stm32cube.ide.mcu.externaltools.gnu-tools-for-stm32.12.3.rel1.win32_1.0.200.202406191623/tools/bin/../lib/gcc/arm-none-eabi/12.3.1/../../../../arm-none-eabi/lib/thumb/v7e-m+dp/hard\libc_nano.a(libc_a-findfp.o)
 .text.__sfp_lock_acquire
                0x08019828        0xc J:/ST/STM32CubeIDE_1.14.1/STM32CubeIDE/plugins/com.st.stm32cube.ide.mcu.externaltools.gnu-tools-for-stm32.12.3.rel1.win32_1.0.200.202406191623/tools/bin/../lib/gcc/arm-none-eabi/12.3.1/../../../../arm-none-eabi/lib/thumb/v7e-m+dp/hard\libc_nano.a(libc_a-findfp.o)
                0x08019828                __sfp_lock_acquire
 .text.__sfp_lock_release
                0x08019834        0xc J:/ST/STM32CubeIDE_1.14.1/STM32CubeIDE/plugins/com.st.stm32cube.ide.mcu.externaltools.gnu-tools-for-stm32.12.3.rel1.win32_1.0.200.202406191623/tools/bin/../lib/gcc/arm-none-eabi/12.3.1/../../../../arm-none-eabi/lib/thumb/v7e-m+dp/hard\libc_nano.a(libc_a-findfp.o)
                0x08019834                __sfp_lock_release
 .text.__sinit  0x08019840       0x30 J:/ST/STM32CubeIDE_1.14.1/STM32CubeIDE/plugins/com.st.stm32cube.ide.mcu.externaltools.gnu-tools-for-stm32.12.3.rel1.win32_1.0.200.202406191623/tools/bin/../lib/gcc/arm-none-eabi/12.3.1/../../../../arm-none-eabi/lib/thumb/v7e-m+dp/hard\libc_nano.a(libc_a-findfp.o)
                0x08019840                __sinit
 .text._fwalk_sglue
                0x08019870       0x3c J:/ST/STM32CubeIDE_1.14.1/STM32CubeIDE/plugins/com.st.stm32cube.ide.mcu.externaltools.gnu-tools-for-stm32.12.3.rel1.win32_1.0.200.202406191623/tools/bin/../lib/gcc/arm-none-eabi/12.3.1/../../../../arm-none-eabi/lib/thumb/v7e-m+dp/hard\libc_nano.a(libc_a-fwalk.o)
                0x08019870                _fwalk_sglue
 .text.printf   0x080198ac       0x24 J:/ST/STM32CubeIDE_1.14.1/STM32CubeIDE/plugins/com.st.stm32cube.ide.mcu.externaltools.gnu-tools-for-stm32.12.3.rel1.win32_1.0.200.202406191623/tools/bin/../lib/gcc/arm-none-eabi/12.3.1/../../../../arm-none-eabi/lib/thumb/v7e-m+dp/hard\libc_nano.a(libc_a-printf.o)
                0x080198ac                iprintf
                0x080198ac                printf
 .text.sprintf  0x080198d0       0x40 J:/ST/STM32CubeIDE_1.14.1/STM32CubeIDE/plugins/com.st.stm32cube.ide.mcu.externaltools.gnu-tools-for-stm32.12.3.rel1.win32_1.0.200.202406191623/tools/bin/../lib/gcc/arm-none-eabi/12.3.1/../../../../arm-none-eabi/lib/thumb/v7e-m+dp/hard\libc_nano.a(libc_a-sprintf.o)
                0x080198d0                siprintf
                0x080198d0                sprintf
 .text.__sread  0x08019910       0x22 J:/ST/STM32CubeIDE_1.14.1/STM32CubeIDE/plugins/com.st.stm32cube.ide.mcu.externaltools.gnu-tools-for-stm32.12.3.rel1.win32_1.0.200.202406191623/tools/bin/../lib/gcc/arm-none-eabi/12.3.1/../../../../arm-none-eabi/lib/thumb/v7e-m+dp/hard\libc_nano.a(libc_a-stdio.o)
                0x08019910                __sread
 .text.__swrite
                0x08019932       0x38 J:/ST/STM32CubeIDE_1.14.1/STM32CubeIDE/plugins/com.st.stm32cube.ide.mcu.externaltools.gnu-tools-for-stm32.12.3.rel1.win32_1.0.200.202406191623/tools/bin/../lib/gcc/arm-none-eabi/12.3.1/../../../../arm-none-eabi/lib/thumb/v7e-m+dp/hard\libc_nano.a(libc_a-stdio.o)
                0x08019932                __swrite
 .text.__sseek  0x0801996a       0x24 J:/ST/STM32CubeIDE_1.14.1/STM32CubeIDE/plugins/com.st.stm32cube.ide.mcu.externaltools.gnu-tools-for-stm32.12.3.rel1.win32_1.0.200.202406191623/tools/bin/../lib/gcc/arm-none-eabi/12.3.1/../../../../arm-none-eabi/lib/thumb/v7e-m+dp/hard\libc_nano.a(libc_a-stdio.o)
                0x0801996a                __sseek
 .text.__sclose
                0x0801998e        0x8 J:/ST/STM32CubeIDE_1.14.1/STM32CubeIDE/plugins/com.st.stm32cube.ide.mcu.externaltools.gnu-tools-for-stm32.12.3.rel1.win32_1.0.200.202406191623/tools/bin/../lib/gcc/arm-none-eabi/12.3.1/../../../../arm-none-eabi/lib/thumb/v7e-m+dp/hard\libc_nano.a(libc_a-stdio.o)
                0x0801998e                __sclose
 .text.memset   0x08019996       0x10 J:/ST/STM32CubeIDE_1.14.1/STM32CubeIDE/plugins/com.st.stm32cube.ide.mcu.externaltools.gnu-tools-for-stm32.12.3.rel1.win32_1.0.200.202406191623/tools/bin/../lib/gcc/arm-none-eabi/12.3.1/../../../../arm-none-eabi/lib/thumb/v7e-m+dp/hard\libc_nano.a(libc_a-memset.o)
                0x08019996                memset
 *fill*         0x080199a6        0x2 
 .text._close_r
                0x080199a8       0x20 J:/ST/STM32CubeIDE_1.14.1/STM32CubeIDE/plugins/com.st.stm32cube.ide.mcu.externaltools.gnu-tools-for-stm32.12.3.rel1.win32_1.0.200.202406191623/tools/bin/../lib/gcc/arm-none-eabi/12.3.1/../../../../arm-none-eabi/lib/thumb/v7e-m+dp/hard\libc_nano.a(libc_a-closer.o)
                0x080199a8                _close_r
 .text._lseek_r
                0x080199c8       0x24 J:/ST/STM32CubeIDE_1.14.1/STM32CubeIDE/plugins/com.st.stm32cube.ide.mcu.externaltools.gnu-tools-for-stm32.12.3.rel1.win32_1.0.200.202406191623/tools/bin/../lib/gcc/arm-none-eabi/12.3.1/../../../../arm-none-eabi/lib/thumb/v7e-m+dp/hard\libc_nano.a(libc_a-lseekr.o)
                0x080199c8                _lseek_r
 .text._read_r  0x080199ec       0x24 J:/ST/STM32CubeIDE_1.14.1/STM32CubeIDE/plugins/com.st.stm32cube.ide.mcu.externaltools.gnu-tools-for-stm32.12.3.rel1.win32_1.0.200.202406191623/tools/bin/../lib/gcc/arm-none-eabi/12.3.1/../../../../arm-none-eabi/lib/thumb/v7e-m+dp/hard\libc_nano.a(libc_a-readr.o)
                0x080199ec                _read_r
 .text._write_r
                0x08019a10       0x24 J:/ST/STM32CubeIDE_1.14.1/STM32CubeIDE/plugins/com.st.stm32cube.ide.mcu.externaltools.gnu-tools-for-stm32.12.3.rel1.win32_1.0.200.202406191623/tools/bin/../lib/gcc/arm-none-eabi/12.3.1/../../../../arm-none-eabi/lib/thumb/v7e-m+dp/hard\libc_nano.a(libc_a-writer.o)
                0x08019a10                _write_r
 .text.__errno  0x08019a34        0xc J:/ST/STM32CubeIDE_1.14.1/STM32CubeIDE/plugins/com.st.stm32cube.ide.mcu.externaltools.gnu-tools-for-stm32.12.3.rel1.win32_1.0.200.202406191623/tools/bin/../lib/gcc/arm-none-eabi/12.3.1/../../../../arm-none-eabi/lib/thumb/v7e-m+dp/hard\libc_nano.a(libc_a-errno.o)
                0x08019a34                __errno
 .text.__libc_init_array
                0x08019a40       0x48 J:/ST/STM32CubeIDE_1.14.1/STM32CubeIDE/plugins/com.st.stm32cube.ide.mcu.externaltools.gnu-tools-for-stm32.12.3.rel1.win32_1.0.200.202406191623/tools/bin/../lib/gcc/arm-none-eabi/12.3.1/../../../../arm-none-eabi/lib/thumb/v7e-m+dp/hard\libc_nano.a(libc_a-init.o)
                0x08019a40                __libc_init_array
 .text.__retarget_lock_init_recursive
                0x08019a88        0x2 J:/ST/STM32CubeIDE_1.14.1/STM32CubeIDE/plugins/com.st.stm32cube.ide.mcu.externaltools.gnu-tools-for-stm32.12.3.rel1.win32_1.0.200.202406191623/tools/bin/../lib/gcc/arm-none-eabi/12.3.1/../../../../arm-none-eabi/lib/thumb/v7e-m+dp/hard\libc_nano.a(libc_a-lock.o)
                0x08019a88                __retarget_lock_init_recursive
 .text.__retarget_lock_acquire_recursive
                0x08019a8a        0x2 J:/ST/STM32CubeIDE_1.14.1/STM32CubeIDE/plugins/com.st.stm32cube.ide.mcu.externaltools.gnu-tools-for-stm32.12.3.rel1.win32_1.0.200.202406191623/tools/bin/../lib/gcc/arm-none-eabi/12.3.1/../../../../arm-none-eabi/lib/thumb/v7e-m+dp/hard\libc_nano.a(libc_a-lock.o)
                0x08019a8a                __retarget_lock_acquire_recursive
 .text.__retarget_lock_release_recursive
                0x08019a8c        0x2 J:/ST/STM32CubeIDE_1.14.1/STM32CubeIDE/plugins/com.st.stm32cube.ide.mcu.externaltools.gnu-tools-for-stm32.12.3.rel1.win32_1.0.200.202406191623/tools/bin/../lib/gcc/arm-none-eabi/12.3.1/../../../../arm-none-eabi/lib/thumb/v7e-m+dp/hard\libc_nano.a(libc_a-lock.o)
                0x08019a8c                __retarget_lock_release_recursive
 .text.memcpy   0x08019a8e       0x1c J:/ST/STM32CubeIDE_1.14.1/STM32CubeIDE/plugins/com.st.stm32cube.ide.mcu.externaltools.gnu-tools-for-stm32.12.3.rel1.win32_1.0.200.202406191623/tools/bin/../lib/gcc/arm-none-eabi/12.3.1/../../../../arm-none-eabi/lib/thumb/v7e-m+dp/hard\libc_nano.a(libc_a-memcpy-stub.o)
                0x08019a8e                memcpy
 *fill*         0x08019aaa        0x2 
 .text._free_r  0x08019aac       0x94 J:/ST/STM32CubeIDE_1.14.1/STM32CubeIDE/plugins/com.st.stm32cube.ide.mcu.externaltools.gnu-tools-for-stm32.12.3.rel1.win32_1.0.200.202406191623/tools/bin/../lib/gcc/arm-none-eabi/12.3.1/../../../../arm-none-eabi/lib/thumb/v7e-m+dp/hard\libc_nano.a(libc_a-freer.o)
                0x08019aac                _free_r
 .text.sbrk_aligned
                0x08019b40       0x44 J:/ST/STM32CubeIDE_1.14.1/STM32CubeIDE/plugins/com.st.stm32cube.ide.mcu.externaltools.gnu-tools-for-stm32.12.3.rel1.win32_1.0.200.202406191623/tools/bin/../lib/gcc/arm-none-eabi/12.3.1/../../../../arm-none-eabi/lib/thumb/v7e-m+dp/hard\libc_nano.a(libc_a-mallocr.o)
 .text._malloc_r