../Core/Src/main.c:181:5:RTC_Set	56	static
../Core/Src/main.c:217:9:JOYstickPOS	16	static
../Core/Src/main.c:229:6:ledDisp	16	static
../Core/Src/main.c:265:6:setTime	64	static
../Core/Src/main.c:352:7:memset16	32	static
../Core/Src/main.c:361:6:ProcessBlock	1072	static
../Core/Src/main.c:408:6:Histo	8	static
../Core/Src/main.c:452:6:TrialStart	56	static
../Core/Src/main.c:563:6:TrialEnd	8	static
../Core/Src/main.c:583:6:TrialComplete	24	static
../Core/Src/main.c:643:6:TrialOngoing	16	static
../Core/Src/main.c:704:6:RunMenu	16	static
../Core/Src/main.c:805:5:main	16	static
../Core/Src/main.c:1002:6:SystemClock_Config	120	static
../Core/Src/main.c:1068:6:HAL_ADC_ConvCpltCallback	16	static
../Core/Src/main.c:1090:6:HAL_TIM_PeriodElapsedCallback	16	static
../Core/Src/main.c:1107:6:HAL_TIM_TriggerCallback	16	static
../Core/Src/main.c:1118:6:TransferComplete	16	static
../Core/Src/main.c:1134:6:TransferError	16	static
../Core/Src/main.c:1147:6:Diskerror	8	static
../Core/Src/main.c:1164:6:HAL_GPIO_EXTI_Callback	16	static
../Core/Src/main.c:1195:6:Error_Handler	8	static,ignoring_inline_asm
