../Core/Src/ssd1306.c:34:23:width	4	static
../Core/Src/ssd1306.c:35:23:height	4	static
../Core/Src/ssd1306.c:39:10:ssd1306_GetWidth	4	static
../Core/Src/ssd1306.c:44:10:ssd1306_GetHeight	4	static
../Core/Src/ssd1306.c:49:15:ssd1306_GetColor	4	static
../Core/Src/ssd1306.c:54:6:ssd1306_SetColor	16	static
../Core/Src/ssd1306.c:60:9:ssd1306_Init	8	static
../Core/Src/ssd1306.c:233:6:ssd1306_Fill	16	static
../Core/Src/ssd1306.c:247:6:ssd1306_UpdateScreen	24	static
../Core/Src/ssd1306.c:259:6:ssd1306_UpdateLine	24	static
../Core/Src/ssd1306.c:275:6:ssd1306_DrawPixel	40	static
../Core/Src/ssd1306.c:302:6:ssd1306_DrawLine	48	static
../Core/Src/ssd1306.c:352:6:ssd1306_DrawHorizontalLine	32	static
../Core/Src/ssd1306.c:398:6:ssd1306_DrawVerticalLine	40	static
../Core/Src/ssd1306.c:481:6:ssd1306_DrawRect	24	static
../Core/Src/ssd1306.c:489:6:ssd1306_FillRect	32	static
../Core/Src/ssd1306.c:497:6:ssd1306_DrawTriangle	24	static
../Core/Src/ssd1306.c:505:6:ssd1306_DrawFillTriangle	56	static
../Core/Src/ssd1306.c:573:6:ssd1306_DrawCircle	24	static
../Core/Src/ssd1306.c:601:6:ssd1306_FillCircle	24	static
../Core/Src/ssd1306.c:626:6:ssd1306_DrawCircleQuads	32	static
../Core/Src/ssd1306.c:675:6:ssd1306_DrawProgressBar	40	static
../Core/Src/ssd1306.c:745:6:ssd1306_WriteChar	40	static
../Core/Src/ssd1306.c:786:6:ssd1306_WriteString	24	static
../Core/Src/ssd1306.c:808:6:ssd1306_SetCursor	16	static
../Core/Src/ssd1306.c:814:6:ssd1306_DisplayOn	8	static
../Core/Src/ssd1306.c:819:6:ssd1306_DisplayOff	8	static
../Core/Src/ssd1306.c:824:6:ssd1306_InvertDisplay	8	static
../Core/Src/ssd1306.c:829:6:ssd1306_NormalDisplay	8	static
../Core/Src/ssd1306.c:834:6:ssd1306_ResetOrientation	8	static
../Core/Src/ssd1306.c:840:6:ssd1306_FlipScreenVertically	8	static
../Core/Src/ssd1306.c:846:6:ssd1306_MirrorScreen	8	static
../Core/Src/ssd1306.c:852:6:ssd1306_Clear	8	static
../Core/Src/ssd1306.c:860:13:ssd1306_WriteCommand	24	static
../Core/Src/ssd1306.c:871:13:ssd1306_WriteData	24	static
../Core/Src/ssd1306.c:882:6:HAL_I2C_MemTxCpltCallback	16	static
